<html>
<body>
<pre>
<h1>µVision Build Log</h1>
<h2>Tool Versions:</h2>
IDE-Version: ¦ÌVision V5.33.0.0
Copyright (C) 2020 ARM Ltd and ARM Germany GmbH. All rights reserved.
License Information: admin Admin, admin, LIC=LSNXV-P7BLC-X7LRZ-JH805-9DMAL-B5KCJ
 
Tool Versions:
Toolchain:       MDK-ARM Plus  Version: 5.33.0.0
Toolchain Path:  D:\Program Files (x86)\Keil\Core\ARM\ARMCC\Bin
C Compiler:      Armcc.exe V5.06 update 7 (build 960)
Assembler:       Armasm.exe V5.06 update 7 (build 960)
Linker/Locator:  ArmLink.exe V5.06 update 7 (build 960)
Library Manager: ArmAr.exe V5.06 update 7 (build 960)
Hex Converter:   FromElf.exe V5.06 update 7 (build 960)
CPU DLL:         SARMCM3.DLL V5.33.0.0
Dialog DLL:      DARMCM1.DLL V1.19.4.0
Target DLL:      Segger\JL2CM3.dll V2.99.38.0
Dialog DLL:      TARMCM1.DLL V1.14.3.0
 
<h2>Project:</h2>
F:\hmnst\haier_1\mm32\V20211220\HAIER_V1_MM20211220\code\project\KEIL_PRJ\TEST.uvprojx
Project File Date:  01/14/2022

<h2>Output:</h2>
*** Using Compiler 'V5.06 update 7 (build 960)', folder: 'D:\Program Files (x86)\Keil\Core\ARM\ARMCC\Bin'
Rebuild target 'MM32Series'
assembling startup_mm32f0010_keil.s...
compiling system_mm32f0010.c...
compiling led.c...
compiling bsp_tim.c...
compiling sim_eeprom.c...
compiling ldo.c...
compiling wwdg.c...
compiling bsp_io.c...
compiling delay.c...
compiling sys.c...
compiling uart.c...
compiling module.c...
compiling main.c...
compiling hal_adc.c...
compiling hal_crc.c...
compiling hal_dbg.c...
compiling StandardSensorModule.c...
compiling hal_exti.c...
compiling adc.c...
compiling hal_iwdg.c...
compiling hal_misc.c...
compiling hal_flash.c...
compiling hal_gpio.c...
compiling hal_i2c.c...
compiling hal_pwr.c...
compiling hal_rcc.c...
compiling hal_spi.c...
compiling hal_uart.c...
compiling hal_tim.c...
compiling hal_ver.c...
compiling hal_uid.c...
compiling hal_wwdg.c...
linking...
Program Size: Code=12724 RO-data=532 RW-data=180 ZI-data=1844  
FromELF: creating hex file...
".\OBJ\HAIER_V1_MM20211220.axf" - 0 Error(s), 0 Warning(s).

<h2>Software Packages used:</h2>

Package Vendor: MindMotion
                http://www.mindmotion.com.cn/Download/MDK_KEIL/MindMotion.MM32F0010_DFP.1.0.6.pack
                MindMotion.MM32F0010_DFP.1.0.6
                MindMotion Cortex-Mx Series Device Family Pack

<h2>Collection of Component include folders:</h2>
  D:\Program Files (x86)\Keil\MindMotion\MM32F0010_DFP\1.0.6\Device\MM32F0010\Include

<h2>Collection of Component Files used:</h2>
Build Time Elapsed:  00:00:15
</pre>
</body>
</html>
