Component: ARM Compiler 5.06 update 7 (build 960) Tool: armlink [4d3601]

==============================================================================

Section Cross References

    system_mm32f0010.o(i.SetSysClock) refers to system_mm32f0010.o(i.SetSysClockTo48_HSI) for SetSysClockTo48_HSI
    system_mm32f0010.o(i.SetSysClockTo48_HSI) refers to system_mm32f0010.o(.data) for SystemCoreClock
    system_mm32f0010.o(i.SystemInit) refers to system_mm32f0010.o(i.SetSysClock) for SetSysClock
    startup_mm32f0010_keil.o(RESET) refers to startup_mm32f0010_keil.o(STACK) for __initial_sp
    startup_mm32f0010_keil.o(RESET) refers to startup_mm32f0010_keil.o(.text) for Reset_Handler
    startup_mm32f0010_keil.o(RESET) refers to delay.o(i.SysTick_Handler) for SysTick_Handler
    startup_mm32f0010_keil.o(RESET) refers to bsp_tim.o(i.TIM14_IRQHandler) for TIM14_IRQHandler
    startup_mm32f0010_keil.o(RESET) refers to uart.o(i.UART1_IRQHandler) for UART1_IRQHandler
    startup_mm32f0010_keil.o(.text) refers to startup_mm32f0010_keil.o(STACK) for __initial_sp
    startup_mm32f0010_keil.o(.text) refers to system_mm32f0010.o(i.SystemInit) for SystemInit
    startup_mm32f0010_keil.o(.text) refers to entry.o(.ARM.Collect$$$$00000000) for __main
    led.o(i.Led_Init) refers to hal_rcc.o(i.RCC_AHBPeriphClockCmd) for RCC_AHBPeriphClockCmd
    led.o(i.Led_Init) refers to hal_gpio.o(i.GPIO_StructInit) for GPIO_StructInit
    led.o(i.Led_Init) refers to hal_gpio.o(i.GPIO_Init) for GPIO_Init
    led.o(i.Led_Init) refers to hal_gpio.o(i.GPIO_SetBits) for GPIO_SetBits
    led.o(i.led_sys_task) refers to hal_gpio.o(i.GPIO_SetBits) for GPIO_SetBits
    led.o(i.led_sys_task) refers to hal_gpio.o(i.GPIO_ResetBits) for GPIO_ResetBits
    led.o(i.led_sys_task) refers to led.o(.data) for _lc
    led.o(i.led_sys_task) refers to main.o(.data) for UERROR
    bsp_tim.o(i.TIM14_IRQHandler) refers to hal_tim.o(i.TIM_GetITStatus) for TIM_GetITStatus
    bsp_tim.o(i.TIM14_IRQHandler) refers to bsp_tim.o(i.sys_timer_task) for sys_timer_task
    bsp_tim.o(i.TIM14_IRQHandler) refers to module.o(i.receive_data_task) for receive_data_task
    bsp_tim.o(i.TIM14_IRQHandler) refers to hal_tim.o(i.TIM_ClearITPendingBit) for TIM_ClearITPendingBit
    bsp_tim.o(i.TIM14_IRQHandler) refers to main.o(.bss) for timers
    bsp_tim.o(i.Tim14_Init) refers to hal_rcc.o(i.RCC_APB1PeriphClockCmd) for RCC_APB1PeriphClockCmd
    bsp_tim.o(i.Tim14_Init) refers to hal_tim.o(i.TIM_TimeBaseStructInit) for TIM_TimeBaseStructInit
    bsp_tim.o(i.Tim14_Init) refers to uidiv.o(.text) for __aeabi_uidivmod
    bsp_tim.o(i.Tim14_Init) refers to hal_tim.o(i.TIM_TimeBaseInit) for TIM_TimeBaseInit
    bsp_tim.o(i.Tim14_Init) refers to hal_tim.o(i.TIM_ARRPreloadConfig) for TIM_ARRPreloadConfig
    bsp_tim.o(i.Tim14_Init) refers to hal_tim.o(i.TIM_ClearFlag) for TIM_ClearFlag
    bsp_tim.o(i.Tim14_Init) refers to hal_tim.o(i.TIM_ITConfig) for TIM_ITConfig
    bsp_tim.o(i.Tim14_Init) refers to hal_misc.o(i.exNVIC_Init) for exNVIC_Init
    bsp_tim.o(i.Tim14_Init) refers to hal_tim.o(i.TIM_Cmd) for TIM_Cmd
    bsp_tim.o(i.Tim14_Init) refers to system_mm32f0010.o(.data) for SystemCoreClock
    bsp_tim.o(i.Tim1_Init) refers to hal_rcc.o(i.RCC_AHBPeriphClockCmd) for RCC_AHBPeriphClockCmd
    bsp_tim.o(i.Tim1_Init) refers to hal_gpio.o(i.GPIO_PinAFConfig) for GPIO_PinAFConfig
    bsp_tim.o(i.Tim1_Init) refers to hal_gpio.o(i.GPIO_Init) for GPIO_Init
    bsp_tim.o(i.Tim1_Init) refers to hal_rcc.o(i.RCC_APB1PeriphClockCmd) for RCC_APB1PeriphClockCmd
    bsp_tim.o(i.Tim1_Init) refers to hal_tim.o(i.TIM_TimeBaseStructInit) for TIM_TimeBaseStructInit
    bsp_tim.o(i.Tim1_Init) refers to hal_tim.o(i.TIM_TimeBaseInit) for TIM_TimeBaseInit
    bsp_tim.o(i.Tim1_Init) refers to hal_tim.o(i.TIM_OCStructInit) for TIM_OCStructInit
    bsp_tim.o(i.Tim1_Init) refers to hal_tim.o(i.TIM_OC1Init) for TIM_OC1Init
    bsp_tim.o(i.Tim1_Init) refers to hal_tim.o(i.TIM_OC1PreloadConfig) for TIM_OC1PreloadConfig
    bsp_tim.o(i.Tim1_Init) refers to hal_tim.o(i.TIM_ARRPreloadConfig) for TIM_ARRPreloadConfig
    bsp_tim.o(i.Tim1_Init) refers to hal_tim.o(i.TIM_CtrlPWMOutputs) for TIM_CtrlPWMOutputs
    bsp_tim.o(i.Tim1_Init) refers to hal_tim.o(i.TIM_Cmd) for TIM_Cmd
    bsp_tim.o(i.sys_timer_task) refers to bsp_tim.o(.data) for _lc
    bsp_tim.o(i.sys_timer_task) refers to main.o(.bss) for sys_info
    bsp_tim.o(i.sys_timer_task) refers to main.o(.data) for UERROR
    sim_eeprom.o(i.EEPROM_Read) refers to sim_eeprom.o(i.FLASH_SIM_WriteLocate) for FLASH_SIM_WriteLocate
    sim_eeprom.o(i.EEPROM_Read) refers to memcpya.o(.text) for __aeabi_memcpy
    sim_eeprom.o(i.EEPROM_Write) refers to sim_eeprom.o(i.FLASH_SIM_WriteEE) for FLASH_SIM_WriteEE
    sim_eeprom.o(i.FLASH_SIM_EEPROM_Init) refers to sim_eeprom.o(i.FLASH_SIM_EraseEE) for FLASH_SIM_EraseEE
    sim_eeprom.o(i.FLASH_SIM_EEPROM_Test) refers to sim_eeprom.o(i.EEPROM_Write) for EEPROM_Write
[...]
    Removing hal_rcc.o(i.RCC_ITConfig), (36 bytes).
    Removing hal_rcc.o(i.RCC_MCOConfig), (24 bytes).
    Removing hal_rcc.o(i.RCC_PCLK1Config), (24 bytes).
    Removing hal_rcc.o(i.RCC_SYSCLKConfig), (20 bytes).
    Removing hal_rcc.o(i.RCC_WaitForFlagStartUp), (38 bytes).
    Removing hal_rcc.o(i.RCC_WaitForHSEStartUp), (46 bytes).
    Removing hal_rcc.o(i.__NVIC_SetPriority), (120 bytes).
    Removing hal_rcc.o(i.exRCC_APB1PeriphReset), (24 bytes).
    Removing hal_rcc.o(i.exRCC_BackupReset), (2 bytes).
    Removing hal_rcc.o(i.exRCC_SystickDisable), (20 bytes).
    Removing hal_rcc.o(i.exRCC_SystickEnable), (72 bytes).
    Removing hal_spi.o(.rev16_text), (4 bytes).
    Removing hal_spi.o(.revsh_text), (4 bytes).
    Removing hal_spi.o(i.SPI_BiDirectionalLineConfig), (64 bytes).
    Removing hal_spi.o(i.SPI_CSInternalSelected), (24 bytes).
    Removing hal_spi.o(i.SPI_ClearITPendingBit), (8 bytes).
    Removing hal_spi.o(i.SPI_Cmd), (24 bytes).
    Removing hal_spi.o(i.SPI_DataSizeConfig), (20 bytes).
    Removing hal_spi.o(i.SPI_DataSizeTypeConfig), (18 bytes).
    Removing hal_spi.o(i.SPI_DeInit), (44 bytes).
    Removing hal_spi.o(i.SPI_FifoTrigger), (20 bytes).
    Removing hal_spi.o(i.SPI_GetFlagStatus), (18 bytes).
    Removing hal_spi.o(i.SPI_GetITStatus), (18 bytes).
    Removing hal_spi.o(i.SPI_ITConfig), (38 bytes).
    Removing hal_spi.o(i.SPI_Init), (140 bytes).
    Removing hal_spi.o(i.SPI_NSSInternalSoftwareConfig), (28 bytes).
    Removing hal_spi.o(i.SPI_ReceiveData), (50 bytes).
    Removing hal_spi.o(i.SPI_RxBytes), (4 bytes).
    Removing hal_spi.o(i.SPI_SendData), (42 bytes).
    Removing hal_spi.o(i.SPI_SlaveAdjust), (24 bytes).
    Removing hal_spi.o(i.SPI_StructInit), (32 bytes).
    Removing hal_spi.o(i.exSPI_CSInternalSelected), (24 bytes).
    Removing hal_spi.o(i.exSPI_DataEdgeAdjust), (58 bytes).
    Removing hal_spi.o(i.exSPI_ITCmd), (24 bytes).
    Removing hal_spi.o(i.exSPI_ITConfig), (20 bytes).
    Removing hal_tim.o(.rev16_text), (4 bytes).
    Removing hal_tim.o(.revsh_text), (4 bytes).
    Removing hal_tim.o(i.TI1_Configure), (32 bytes).
    Removing hal_tim.o(i.TI2_Configure), (38 bytes).
    Removing hal_tim.o(i.TI3_Configure), (38 bytes).
    Removing hal_tim.o(i.TI4_Configure), (42 bytes).
    Removing hal_tim.o(i.TIM_BDTRConfig), (30 bytes).
    Removing hal_tim.o(i.TIM_BDTRStructInit), (18 bytes).
    Removing hal_tim.o(i.TIM_CCPreloadControl), (24 bytes).
    Removing hal_tim.o(i.TIM_CCxCmd), (20 bytes).
    Removing hal_tim.o(i.TIM_CCxNCmd), (24 bytes).
    Removing hal_tim.o(i.TIM_ClearOC1Ref), (12 bytes).
    Removing hal_tim.o(i.TIM_ClearOC2Ref), (16 bytes).
    Removing hal_tim.o(i.TIM_ClearOC3Ref), (12 bytes).
    Removing hal_tim.o(i.TIM_ClearOC4Ref), (16 bytes).
    Removing hal_tim.o(i.TIM_CounterModeConfig), (12 bytes).
    Removing hal_tim.o(i.TIM_CtrlPWMOutputs), (28 bytes).
    Removing hal_tim.o(i.TIM_DeInit), (64 bytes).
    Removing hal_tim.o(i.TIM_ETRClockMode1Config), (34 bytes).
    Removing hal_tim.o(i.TIM_ETRClockMode2Config), (34 bytes).
    Removing hal_tim.o(i.TIM_ETRConfig), (50 bytes).
    Removing hal_tim.o(i.TIM_EncoderInterfaceConfig), (44 bytes).
    Removing hal_tim.o(i.TIM_ForcedOC1Config), (12 bytes).
    Removing hal_tim.o(i.TIM_ForcedOC2Config), (16 bytes).
    Removing hal_tim.o(i.TIM_ForcedOC3Config), (12 bytes).
    Removing hal_tim.o(i.TIM_ForcedOC4Config), (16 bytes).
    Removing hal_tim.o(i.TIM_GenerateEvent), (4 bytes).
    Removing hal_tim.o(i.TIM_GetCapture1), (6 bytes).
    Removing hal_tim.o(i.TIM_GetCapture2), (6 bytes).
    Removing hal_tim.o(i.TIM_GetCapture3), (6 bytes).
    Removing hal_tim.o(i.TIM_GetCapture4), (6 bytes).
    Removing hal_tim.o(i.TIM_GetCounter), (6 bytes).
    Removing hal_tim.o(i.TIM_GetFlagStatus), (18 bytes).
    Removing hal_tim.o(i.TIM_GetPrescaler), (8 bytes).
    Removing hal_tim.o(i.TIM_ICInit), (120 bytes).
    Removing hal_tim.o(i.TIM_ICStructInit), (18 bytes).
    Removing hal_tim.o(i.TIM_ITRxExternalClockConfig), (24 bytes).
    Removing hal_tim.o(i.TIM_InternalClockConfig), (10 bytes).
    Removing hal_tim.o(i.TIM_OC1FastConfig), (12 bytes).
    Removing hal_tim.o(i.TIM_OC1Init), (68 bytes).
    Removing hal_tim.o(i.TIM_OC1NPolarityConfig), (12 bytes).
    Removing hal_tim.o(i.TIM_OC1PolarityConfig), (12 bytes).
    Removing hal_tim.o(i.TIM_OC1PreloadConfig), (12 bytes).
    Removing hal_tim.o(i.TIM_OC2FastConfig), (16 bytes).
    Removing hal_tim.o(i.TIM_OC2Init), (84 bytes).
    Removing hal_tim.o(i.TIM_OC2NPolarityConfig), (14 bytes).
    Removing hal_tim.o(i.TIM_OC2PolarityConfig), (14 bytes).
    Removing hal_tim.o(i.TIM_OC2PreloadConfig), (16 bytes).
    Removing hal_tim.o(i.TIM_OC3FastConfig), (12 bytes).
    Removing hal_tim.o(i.TIM_OC3Init), (82 bytes).
    Removing hal_tim.o(i.TIM_OC3NPolarityConfig), (16 bytes).
    Removing hal_tim.o(i.TIM_OC3PolarityConfig), (16 bytes).
    Removing hal_tim.o(i.TIM_OC3PreloadConfig), (12 bytes).
    Removing hal_tim.o(i.TIM_OC4FastConfig), (16 bytes).
    Removing hal_tim.o(i.TIM_OC4Init), (62 bytes).
    Removing hal_tim.o(i.TIM_OC4PolarityConfig), (16 bytes).
    Removing hal_tim.o(i.TIM_OC4PreloadConfig), (16 bytes).
    Removing hal_tim.o(i.TIM_OCStructInit), (20 bytes).
    Removing hal_tim.o(i.TIM_PWMIConfig), (128 bytes).
    Removing hal_tim.o(i.TIM_PrescalerConfig), (6 bytes).
    Removing hal_tim.o(i.TIM_SelectCOM), (24 bytes).
    Removing hal_tim.o(i.TIM_SelectHallSensor), (24 bytes).
    Removing hal_tim.o(i.TIM_SelectInputTrigger), (12 bytes).
    Removing hal_tim.o(i.TIM_SelectMasterSlaveMode), (12 bytes).
    Removing hal_tim.o(i.TIM_SelectOCxM), (92 bytes).
    Removing hal_tim.o(i.TIM_SelectOnePulseMode), (12 bytes).
    Removing hal_tim.o(i.TIM_SelectOutputTrigger), (12 bytes).
    Removing hal_tim.o(i.TIM_SelectSlaveMode), (12 bytes).
    Removing hal_tim.o(i.TIM_SetAutoreload), (4 bytes).
    Removing hal_tim.o(i.TIM_SetClockDivision), (14 bytes).
    Removing hal_tim.o(i.TIM_SetCompare1), (6 bytes).
    Removing hal_tim.o(i.TIM_SetCompare2), (6 bytes).
    Removing hal_tim.o(i.TIM_SetCompare3), (6 bytes).
    Removing hal_tim.o(i.TIM_SetCompare4), (6 bytes).
    Removing hal_tim.o(i.TIM_SetCounter), (6 bytes).
    Removing hal_tim.o(i.TIM_SetIC1Prescaler), (12 bytes).
    Removing hal_tim.o(i.TIM_SetIC2Prescaler), (16 bytes).
    Removing hal_tim.o(i.TIM_SetIC3Prescaler), (12 bytes).
    Removing hal_tim.o(i.TIM_SetIC4Prescaler), (16 bytes).
    Removing hal_tim.o(i.TIM_TIxExternalClockConfig), (58 bytes).
    Removing hal_tim.o(i.TIM_UpdateDisableConfig), (24 bytes).
    Removing hal_tim.o(i.TIM_UpdateRequestConfig), (12 bytes).
    Removing hal_tim.o(i.exTIM_SetIC1Plority), (24 bytes).
    Removing hal_tim.o(i.exTIM_SetIC2Plority), (24 bytes).
    Removing hal_tim.o(i.exTIM_SetIC3Plority), (28 bytes).
    Removing hal_tim.o(i.exTIM_SetIC4Plority), (28 bytes).
    Removing hal_uart.o(.rev16_text), (4 bytes).
    Removing hal_uart.o(.revsh_text), (4 bytes).
    Removing hal_uart.o(i.UART_AutoBaudRateSet), (178 bytes).
    Removing hal_uart.o(i.UART_ClearITPendingBit), (4 bytes).
    Removing hal_uart.o(i.UART_DeInit), (44 bytes).
    Removing hal_uart.o(i.UART_Enable9bit), (16 bytes).
    Removing hal_uart.o(i.UART_GetFlagStatus), (18 bytes).
    Removing hal_uart.o(i.UART_HalfDuplexCmd), (16 bytes).
    Removing hal_uart.o(i.UART_ReceiverWakeUpCmd), (16 bytes).
    Removing hal_uart.o(i.UART_SendBreak), (10 bytes).
    Removing hal_uart.o(i.UART_SendData), (6 bytes).
    Removing hal_uart.o(i.UART_Set9bitAutomaticToggle), (16 bytes).
    Removing hal_uart.o(i.UART_Set9bitLevel), (16 bytes).
    Removing hal_uart.o(i.UART_Set9bitPolarity), (14 bytes).
    Removing hal_uart.o(i.UART_SetGuardTime), (16 bytes).
    Removing hal_uart.o(i.UART_SetRXAddress), (12 bytes).
    Removing hal_uart.o(i.UART_SetRXMASK), (12 bytes).
    Removing hal_uart.o(i.UART_SmartCardCmd), (12 bytes).
    Removing hal_uart.o(i.UART_SmartCardNACKCmd), (14 bytes).
    Removing hal_uart.o(i.UART_WakeUpConfig), (14 bytes).
    Removing hal_uid.o(.rev16_text), (4 bytes).
    Removing hal_uid.o(.revsh_text), (4 bytes).
    Removing hal_uid.o(i.GetChipUID), (32 bytes).
    Removing hal_uid.o(.bss), (12 bytes).
    Removing hal_ver.o(.rev16_text), (4 bytes).
    Removing hal_ver.o(.revsh_text), (4 bytes).
    Removing hal_ver.o(i.Get_ChipsetDEVID), (12 bytes).
    Removing hal_ver.o(i.Get_ChipsetREVID), (16 bytes).
    Removing hal_ver.o(i.Get_ChipsetUIDw0), (12 bytes).
    Removing hal_ver.o(i.Get_ChipsetUIDw1), (12 bytes).
    Removing hal_ver.o(i.Get_ChipsetUIDw2), (12 bytes).
    Removing hal_ver.o(i.Get_MM32LibReleaseDate), (8 bytes).
    Removing hal_ver.o(i.Get_MM32LibVersion), (8 bytes).
    Removing hal_wwdg.o(.rev16_text), (4 bytes).
    Removing hal_wwdg.o(.revsh_text), (4 bytes).
    Removing hal_wwdg.o(i.WWDG_ClearFlag), (20 bytes).
    Removing hal_wwdg.o(i.WWDG_DeInit), (12 bytes).
    Removing hal_wwdg.o(i.WWDG_Enable), (16 bytes).
    Removing hal_wwdg.o(i.WWDG_EnableIT), (20 bytes).
    Removing hal_wwdg.o(i.WWDG_GetCounter), (16 bytes).
    Removing hal_wwdg.o(i.WWDG_GetFlagStatus), (20 bytes).
    Removing hal_wwdg.o(i.WWDG_SetCounter), (16 bytes).
    Removing hal_wwdg.o(i.WWDG_SetPrescaler), (24 bytes).
    Removing hal_wwdg.o(i.WWDG_SetWindowValue), (24 bytes).

358 unused section(s) (total 10626 bytes) removed from the image.

==============================================================================

Image Symbol Table

    Local Symbols

    Symbol Name                              Value     Ov Type        Size  Object(Section)

    ../clib/microlib/division.c              0x00000000   Number         0  uidiv.o ABSOLUTE
    ../clib/microlib/division.c              0x00000000   Number         0  idiv.o ABSOLUTE
    ../clib/microlib/errno.c                 0x00000000   Number         0  errno.o ABSOLUTE
    ../clib/microlib/init/entry.s            0x00000000   Number         0  entry8a.o ABSOLUTE
    ../clib/microlib/init/entry.s            0x00000000   Number         0  entry9a.o ABSOLUTE
    ../clib/microlib/init/entry.s            0x00000000   Number         0  entry10a.o ABSOLUTE
    ../clib/microlib/init/entry.s            0x00000000   Number         0  entry9b.o ABSOLUTE
    ../clib/microlib/init/entry.s            0x00000000   Number         0  entry8b.o ABSOLUTE
    ../clib/microlib/init/entry.s            0x00000000   Number         0  entry2.o ABSOLUTE
    ../clib/microlib/init/entry.s            0x00000000   Number         0  entry7b.o ABSOLUTE
    ../clib/microlib/init/entry.s            0x00000000   Number         0  entry7a.o ABSOLUTE
    ../clib/microlib/init/entry.s            0x00000000   Number         0  entry10b.o ABSOLUTE
    ../clib/microlib/init/entry.s            0x00000000   Number         0  entry5.o ABSOLUTE
    ../clib/microlib/init/entry.s            0x00000000   Number         0  entry.o ABSOLUTE
    ../clib/microlib/init/entry.s            0x00000000   Number         0  entry11a.o ABSOLUTE
    ../clib/microlib/init/entry.s            0x00000000   Number         0  entry12a.o ABSOLUTE
    ../clib/microlib/init/entry.s            0x00000000   Number         0  entry11b.o ABSOLUTE
    ../clib/microlib/init/entry.s            0x00000000   Number         0  entry12b.o ABSOLUTE
    ../clib/microlib/longlong.c              0x00000000   Number         0  llsshr.o ABSOLUTE
    ../clib/microlib/longlong.c              0x00000000   Number         0  llushr.o ABSOLUTE
    ../clib/microlib/longlong.c              0x00000000   Number         0  llshl.o ABSOLUTE
    ../clib/microlib/string/memcpy.c         0x00000000   Number         0  memcpyb.o ABSOLUTE
    ../clib/microlib/string/memcpy.c         0x00000000   Number         0  memcpya.o ABSOLUTE
    ../clib/microlib/string/memset.c         0x00000000   Number         0  memseta.o ABSOLUTE
    ../clib/microlib/stubs.s                 0x00000000   Number         0  iusefp.o ABSOLUTE
    ../fplib/microlib/d2f.c                  0x00000000   Number         0  d2f.o ABSOLUTE
    ../fplib/microlib/f2d.c                  0x00000000   Number         0  f2d.o ABSOLUTE
    ../fplib/microlib/fpadd.c                0x00000000   Number         0  dadd.o ABSOLUTE
    ../fplib/microlib/fpadd.c                0x00000000   Number         0  fadd.o ABSOLUTE
    ../fplib/microlib/fpdiv.c                0x00000000   Number         0  fdiv.o ABSOLUTE
    ../fplib/microlib/fpdiv.c                0x00000000   Number         0  ddiv.o ABSOLUTE
    ../fplib/microlib/fpepilogue.c           0x00000000   Number         0  fepilogue.o ABSOLUTE
    ../fplib/microlib/fpepilogue.c           0x00000000   Number         0  depilogue.o ABSOLUTE
    ../fplib/microlib/fpfix.c                0x00000000   Number         0  ffixui.o ABSOLUTE
    ../fplib/microlib/fpfix.c                0x00000000   Number         0  dfixui.o ABSOLUTE
    ../fplib/microlib/fpflt.c                0x00000000   Number         0  dflti.o ABSOLUTE
    ../fplib/microlib/fpflt.c                0x00000000   Number         0  dfltui.o ABSOLUTE
    ../fplib/microlib/fpflt.c                0x00000000   Number         0  ffltui.o ABSOLUTE
    ../fplib/microlib/fpmul.c                0x00000000   Number         0  fmul.o ABSOLUTE
    ../fplib/microlib/fpmul.c                0x00000000   Number         0  dmul.o ABSOLUTE
    ../fplib/microlib/fpscalb.c              0x00000000   Number         0  dscalb.o ABSOLUTE
    ../mathlib/dunder.c                      0x00000000   Number         0  dunder.o ABSOLUTE
    ../mathlib/log.c                         0x00000000   Number         0  log_x.o ABSOLUTE
    ../mathlib/log.c                         0x00000000   Number         0  log.o ABSOLUTE
    ../mathlib/poly.c                        0x00000000   Number         0  poly.o ABSOLUTE
    ../mathlib/qnan.c                        0x00000000   Number         0  qnan.o ABSOLUTE
    ..\DEVICE\MM32F0010\HAL_Lib\Src\hal_adc.c 0x00000000   Number         0  hal_adc.o ABSOLUTE
    ..\DEVICE\MM32F0010\HAL_Lib\Src\hal_crc.c 0x00000000   Number         0  hal_crc.o ABSOLUTE
    ..\DEVICE\MM32F0010\HAL_Lib\Src\hal_dbg.c 0x00000000   Number         0  hal_dbg.o ABSOLUTE
    ..\DEVICE\MM32F0010\HAL_Lib\Src\hal_exti.c 0x00000000   Number         0  hal_exti.o ABSOLUTE
    ..\DEVICE\MM32F0010\HAL_Lib\Src\hal_flash.c 0x00000000   Number         0  hal_flash.o ABSOLUTE
    ..\DEVICE\MM32F0010\HAL_Lib\Src\hal_gpio.c 0x00000000   Number         0  hal_gpio.o ABSOLUTE
    ..\DEVICE\MM32F0010\HAL_Lib\Src\hal_i2c.c 0x00000000   Number         0  hal_i2c.o ABSOLUTE
    ..\DEVICE\MM32F0010\HAL_Lib\Src\hal_iwdg.c 0x00000000   Number         0  hal_iwdg.o ABSOLUTE
    ..\DEVICE\MM32F0010\HAL_Lib\Src\hal_misc.c 0x00000000   Number         0  hal_misc.o ABSOLUTE
    ..\DEVICE\MM32F0010\HAL_Lib\Src\hal_pwr.c 0x00000000   Number         0  hal_pwr.o ABSOLUTE
    ..\DEVICE\MM32F0010\HAL_Lib\Src\hal_rcc.c 0x00000000   Number         0  hal_rcc.o ABSOLUTE
    ..\DEVICE\MM32F0010\HAL_Lib\Src\hal_spi.c 0x00000000   Number         0  hal_spi.o ABSOLUTE
    ..\DEVICE\MM32F0010\HAL_Lib\Src\hal_tim.c 0x00000000   Number         0  hal_tim.o ABSOLUTE
    ..\DEVICE\MM32F0010\HAL_Lib\Src\hal_uart.c 0x00000000   Number         0  hal_uart.o ABSOLUTE
    ..\DEVICE\MM32F0010\HAL_Lib\Src\hal_uid.c 0x00000000   Number         0  hal_uid.o ABSOLUTE
    ..\DEVICE\MM32F0010\HAL_Lib\Src\hal_ver.c 0x00000000   Number         0  hal_ver.o ABSOLUTE
    ..\DEVICE\MM32F0010\HAL_Lib\Src\hal_wwdg.c 0x00000000   Number         0  hal_wwdg.o ABSOLUTE
    ..\DEVICE\MM32F0010\Source\KEIL_StartAsm\startup_mm32f0010_keil.s 0x00000000   Number         0  startup_mm32f0010_keil.o ABSOLUTE
    ..\DEVICE\MM32F0010\Source\system_mm32f0010.c 0x00000000   Number         0  system_mm32f0010.o ABSOLUTE
    ..\HARDWARE\ADC\adc.c                    0x00000000   Number         0  adc.o ABSOLUTE
    ..\HARDWARE\BSP_IO\bsp_io.c              0x00000000   Number         0  bsp_io.o ABSOLUTE
    ..\HARDWARE\BSP_IO\ldo.c                 0x00000000   Number         0  ldo.o ABSOLUTE
    ..\HARDWARE\EEPROM\sim_eeprom.c          0x00000000   Number         0  sim_eeprom.o ABSOLUTE
    ..\HARDWARE\LED\led.c                    0x00000000   Number         0  led.o ABSOLUTE
    ..\HARDWARE\TIM\bsp_tim.c                0x00000000   Number         0  bsp_tim.o ABSOLUTE
    ..\HARDWARE\WWDG\wwdg.c                  0x00000000   Number         0  wwdg.o ABSOLUTE
    ..\SYSTEM\DELAY\delay.c                  0x00000000   Number         0  delay.o ABSOLUTE
    ..\SYSTEM\SYS\sys.c                      0x00000000   Number         0  sys.o ABSOLUTE
    ..\SYSTEM\UART\uart.c                    0x00000000   Number         0  uart.o ABSOLUTE
    ..\USER\StandardSensorModule.c           0x00000000   Number         0  standardsensormodule.o ABSOLUTE
    ..\USER\main.c                           0x00000000   Number         0  main.o ABSOLUTE
    ..\USER\module.c                         0x00000000   Number         0  module.o ABSOLUTE
    ..\\DEVICE\\MM32F0010\\HAL_Lib\\Src\\hal_adc.c 0x00000000   Number         0  hal_adc.o ABSOLUTE
    ..\\DEVICE\\MM32F0010\\HAL_Lib\\Src\\hal_crc.c 0x00000000   Number         0  hal_crc.o ABSOLUTE
    ..\\DEVICE\\MM32F0010\\HAL_Lib\\Src\\hal_dbg.c 0x00000000   Number         0  hal_dbg.o ABSOLUTE
    ..\\DEVICE\\MM32F0010\\HAL_Lib\\Src\\hal_exti.c 0x00000000   Number         0  hal_exti.o ABSOLUTE
    ..\\DEVICE\\MM32F0010\\HAL_Lib\\Src\\hal_flash.c 0x00000000   Number         0  hal_flash.o ABSOLUTE
    ..\\DEVICE\\MM32F0010\\HAL_Lib\\Src\\hal_gpio.c 0x00000000   Number         0  hal_gpio.o ABSOLUTE
    ..\\DEVICE\\MM32F0010\\HAL_Lib\\Src\\hal_i2c.c 0x00000000   Number         0  hal_i2c.o ABSOLUTE
    ..\\DEVICE\\MM32F0010\\HAL_Lib\\Src\\hal_iwdg.c 0x00000000   Number         0  hal_iwdg.o ABSOLUTE
    ..\\DEVICE\\MM32F0010\\HAL_Lib\\Src\\hal_misc.c 0x00000000   Number         0  hal_misc.o ABSOLUTE
    ..\\DEVICE\\MM32F0010\\HAL_Lib\\Src\\hal_pwr.c 0x00000000   Number         0  hal_pwr.o ABSOLUTE
    ..\\DEVICE\\MM32F0010\\HAL_Lib\\Src\\hal_rcc.c 0x00000000   Number         0  hal_rcc.o ABSOLUTE
    ..\\DEVICE\\MM32F0010\\HAL_Lib\\Src\\hal_spi.c 0x00000000   Number         0  hal_spi.o ABSOLUTE
    ..\\DEVICE\\MM32F0010\\HAL_Lib\\Src\\hal_tim.c 0x00000000   Number         0  hal_tim.o ABSOLUTE
    ..\\DEVICE\\MM32F0010\\HAL_Lib\\Src\\hal_uart.c 0x00000000   Number         0  hal_uart.o ABSOLUTE
    ..\\DEVICE\\MM32F0010\\HAL_Lib\\Src\\hal_uid.c 0x00000000   Number         0  hal_uid.o ABSOLUTE
    ..\\DEVICE\\MM32F0010\\HAL_Lib\\Src\\hal_ver.c 0x00000000   Number         0  hal_ver.o ABSOLUTE
    ..\\DEVICE\\MM32F0010\\HAL_Lib\\Src\\hal_wwdg.c 0x00000000   Number         0  hal_wwdg.o ABSOLUTE
    ..\\DEVICE\\MM32F0010\\Source\\system_mm32f0010.c 0x00000000   Number         0  system_mm32f0010.o ABSOLUTE
    ..\\HARDWARE\\ADC\\adc.c                 0x00000000   Number         0  adc.o ABSOLUTE
    ..\\HARDWARE\\BSP_IO\\bsp_io.c           0x00000000   Number         0  bsp_io.o ABSOLUTE
    ..\\HARDWARE\\BSP_IO\\ldo.c              0x00000000   Number         0  ldo.o ABSOLUTE
    ..\\HARDWARE\\EEPROM\\sim_eeprom.c       0x00000000   Number         0  sim_eeprom.o ABSOLUTE
    ..\\HARDWARE\\LED\\led.c                 0x00000000   Number         0  led.o ABSOLUTE
    ..\\HARDWARE\\TIM\\bsp_tim.c             0x00000000   Number         0  bsp_tim.o ABSOLUTE
    ..\\HARDWARE\\WWDG\\wwdg.c               0x00000000   Number         0  wwdg.o ABSOLUTE
    ..\\SYSTEM\\DELAY\\delay.c               0x00000000   Number         0  delay.o ABSOLUTE
    ..\\SYSTEM\\SYS\\sys.c                   0x00000000   Number         0  sys.o ABSOLUTE
    ..\\SYSTEM\\UART\\uart.c                 0x00000000   Number         0  uart.o ABSOLUTE
    ..\\USER\\StandardSensorModule.c         0x00000000   Number         0  standardsensormodule.o ABSOLUTE
    ..\\USER\\main.c                         0x00000000   Number         0  main.o ABSOLUTE
    ..\\USER\\module.c                       0x00000000   Number         0  module.o ABSOLUTE
    cdcmple.s                                0x00000000   Number         0  cdcmple.o ABSOLUTE
    cfcmple.s                                0x00000000   Number         0  cfcmple.o ABSOLUTE
    cfrcmple.s                               0x00000000   Number         0  cfrcmple.o ABSOLUTE
    dc.s                                     0x00000000   Number         0  dc.o ABSOLUTE
    handlers.s                               0x00000000   Number         0  handlers.o ABSOLUTE
    init.s                                   0x00000000   Number         0  init.o ABSOLUTE
    RESET                                    0x08000000   Section      180  startup_mm32f0010_keil.o(RESET)
    .ARM.Collect$$$$00000000                 0x080000b4   Section        0  entry.o(.ARM.Collect$$$$00000000)
    .ARM.Collect$$$$00000001                 0x080000b4   Section        4  entry2.o(.ARM.Collect$$$$00000001)
    .ARM.Collect$$$$00000004                 0x080000b8   Section        4  entry5.o(.ARM.Collect$$$$00000004)
    .ARM.Collect$$$$00000008                 0x080000bc   Section        0  entry7b.o(.ARM.Collect$$$$00000008)
    .ARM.Collect$$$$0000000A                 0x080000bc   Section        0  entry8b.o(.ARM.Collect$$$$0000000A)
    .ARM.Collect$$$$0000000B                 0x080000bc   Section        8  entry9a.o(.ARM.Collect$$$$0000000B)
    .ARM.Collect$$$$0000000E                 0x080000c4   Section        4  entry12b.o(.ARM.Collect$$$$0000000E)
    .ARM.Collect$$$$0000000F                 0x080000c8   Section        0  entry10a.o(.ARM.Collect$$$$0000000F)
    .ARM.Collect$$$$00000011                 0x080000c8   Section        0  entry11a.o(.ARM.Collect$$$$00000011)
    .ARM.Collect$$$$00002712                 0x080000c8   Section        4  entry2.o(.ARM.Collect$$$$00002712)
    __lit__00000000                          0x080000c8   Data           4  entry2.o(.ARM.Collect$$$$00002712)
    .text                                    0x080000cc   Section       96  startup_mm32f0010_keil.o(.text)
    .text                                    0x0800012c   Section        0  uidiv.o(.text)
    .text                                    0x08000158   Section        0  idiv.o(.text)
    .text                                    0x08000180   Section        0  memcpya.o(.text)
    .text                                    0x080001a4   Section        0  memseta.o(.text)
    .text                                    0x080001c8   Section        0  fadd.o(.text)
    .text                                    0x0800027a   Section        0  fmul.o(.text)
    .text                                    0x080002f4   Section        0  fdiv.o(.text)
    .text                                    0x08000370   Section        0  dadd.o(.text)
    .text                                    0x080004d8   Section        0  dmul.o(.text)
    .text                                    0x080005a8   Section        0  ddiv.o(.text)
    .text                                    0x08000698   Section        0  ffltui.o(.text)
    .text                                    0x080006a8   Section        0  dfltui.o(.text)
    .text                                    0x080006c4   Section        0  ffixui.o(.text)
    .text                                    0x080006ec   Section        0  dfixui.o(.text)
    .text                                    0x08000728   Section        0  f2d.o(.text)
    .text                                    0x08000750   Section        0  d2f.o(.text)
    .text                                    0x08000788   Section       20  cfcmple.o(.text)
    .text                                    0x0800079c   Section       20  cfrcmple.o(.text)
    .text                                    0x080007b0   Section        0  llshl.o(.text)
    .text                                    0x080007d0   Section        0  llushr.o(.text)
    .text                                    0x080007f2   Section        0  llsshr.o(.text)
    .text                                    0x08000818   Section        0  fepilogue.o(.text)
    .text                                    0x08000818   Section        0  iusefp.o(.text)
    .text                                    0x0800089a   Section        0  depilogue.o(.text)
    .text                                    0x08000958   Section        0  dscalb.o(.text)
    .text                                    0x08000984   Section        0  dflti.o(.text)
    .text                                    0x080009ac   Section       40  cdcmple.o(.text)
    .text                                    0x080009d4   Section       36  init.o(.text)
    i.ADC_ANY_CH_Config                      0x080009f8   Section        0  hal_adc.o(i.ADC_ANY_CH_Config)
    i.ADC_ANY_Cmd                            0x08000a3e   Section        0  hal_adc.o(i.ADC_ANY_Cmd)
    i.ADC_ANY_NUM_Config                     0x08000a56   Section        0  hal_adc.o(i.ADC_ANY_NUM_Config)
    i.ADC_ClearFlag                          0x08000a60   Section        0  hal_adc.o(i.ADC_ClearFlag)
    i.ADC_Cmd                                0x08000a78   Section        0  hal_adc.o(i.ADC_Cmd)
    i.ADC_GetFlagStatus                      0x08000a90   Section        0  hal_adc.o(i.ADC_GetFlagStatus)
    i.ADC_Init                               0x08000aa8   Section        0  hal_adc.o(i.ADC_Init)
    i.ADC_SoftwareStartConvCmd               0x08000ae0   Section        0  hal_adc.o(i.ADC_SoftwareStartConvCmd)
    i.ADC_StructInit                         0x08000afc   Section        0  hal_adc.o(i.ADC_StructInit)
    i.ADCxSampleTimeConfig                   0x08000b0c   Section        0  adc.o(i.ADCxSampleTimeConfig)
    ADCxSampleTimeConfig                     0x08000b0d   Thumb Code    18  adc.o(i.ADCxSampleTimeConfig)
    i.Adc_Init                               0x08000b20   Section        0  adc.o(i.Adc_Init)
    i.Delay_Init                             0x08000c08   Section        0  delay.o(i.Delay_Init)
    i.Delay_Ms                               0x08000c68   Section        0  delay.o(i.Delay_Ms)
    i.EEPROM_Read                            0x08000c80   Section        0  sim_eeprom.o(i.EEPROM_Read)
    i.EEPROM_Write                           0x08000cbc   Section        0  sim_eeprom.o(i.EEPROM_Write)
    i.FLASH_ErasePage                        0x08000cd4   Section        0  hal_flash.o(i.FLASH_ErasePage)
    i.FLASH_GetStatus                        0x08000d04   Section        0  hal_flash.o(i.FLASH_GetStatus)
    i.FLASH_Lock                             0x08000d3c   Section        0  hal_flash.o(i.FLASH_Lock)
    i.FLASH_ProgramHalfWord                  0x08000d50   Section        0  hal_flash.o(i.FLASH_ProgramHalfWord)
    i.FLASH_SIM_EraseEE                      0x08000d70   Section        0  sim_eeprom.o(i.FLASH_SIM_EraseEE)
    FLASH_SIM_EraseEE                        0x08000d71   Thumb Code    20  sim_eeprom.o(i.FLASH_SIM_EraseEE)
    i.FLASH_SIM_FindEmpty                    0x08000d84   Section        0  sim_eeprom.o(i.FLASH_SIM_FindEmpty)
    FLASH_SIM_FindEmpty                      0x08000d85   Thumb Code    44  sim_eeprom.o(i.FLASH_SIM_FindEmpty)
    i.FLASH_SIM_ProgramEE                    0x08000db4   Section        0  sim_eeprom.o(i.FLASH_SIM_ProgramEE)
    FLASH_SIM_ProgramEE                      0x08000db5   Thumb Code    48  sim_eeprom.o(i.FLASH_SIM_ProgramEE)
    i.FLASH_SIM_WriteEE                      0x08000de4   Section        0  sim_eeprom.o(i.FLASH_SIM_WriteEE)
    FLASH_SIM_WriteEE                        0x08000de5   Thumb Code   126  sim_eeprom.o(i.FLASH_SIM_WriteEE)
    i.FLASH_SIM_WriteLocate                  0x08000e62   Section        0  sim_eeprom.o(i.FLASH_SIM_WriteLocate)
    i.FLASH_Unlock                           0x08000ec8   Section        0  hal_flash.o(i.FLASH_Unlock)
    i.FLASH_WaitForLastOperation             0x08000ee0   Section        0  hal_flash.o(i.FLASH_WaitForLastOperation)
    i.Flash_int                              0x08000f1c   Section        0  standardsensormodule.o(i.Flash_int)
    i.GPIO_Init                              0x08000f40   Section        0  hal_gpio.o(i.GPIO_Init)
    i.GPIO_PinAFConfig                       0x08000fda   Section        0  hal_gpio.o(i.GPIO_PinAFConfig)
    i.GPIO_ResetBits                         0x08001002   Section        0  hal_gpio.o(i.GPIO_ResetBits)
    i.GPIO_SetBits                           0x08001006   Section        0  hal_gpio.o(i.GPIO_SetBits)
    i.GPIO_StructInit                        0x0800100a   Section        0  hal_gpio.o(i.GPIO_StructInit)
    i.GetAllChannelValue                     0x0800101c   Section        0  adc.o(i.GetAllChannelValue)
    i.GetVSBaselineFromEE                    0x08001080   Section        0  standardsensormodule.o(i.GetVSBaselineFromEE)
    i.IWDG_Enable                            0x080010bc   Section        0  hal_iwdg.o(i.IWDG_Enable)
    i.IWDG_GetFlagStatus                     0x080010cc   Section        0  hal_iwdg.o(i.IWDG_GetFlagStatus)
    i.IWDG_ReloadCounter                     0x080010e4   Section        0  hal_iwdg.o(i.IWDG_ReloadCounter)
    i.IWDG_SetPrescaler                      0x080010f4   Section        0  hal_iwdg.o(i.IWDG_SetPrescaler)
    i.IWDG_SetReload                         0x08001108   Section        0  hal_iwdg.o(i.IWDG_SetReload)
    i.IWDG_WriteAccessCmd                    0x0800111c   Section        0  hal_iwdg.o(i.IWDG_WriteAccessCmd)
    i.Ldo_Init                               0x08001128   Section        0  ldo.o(i.Ldo_Init)
    i.Led_Init                               0x08001164   Section        0  led.o(i.Led_Init)
    i.PVU_CheckStatus                        0x0800119c   Section        0  hal_iwdg.o(i.PVU_CheckStatus)
    i.RCC_AHBPeriphClockCmd                  0x080011ac   Section        0  hal_rcc.o(i.RCC_AHBPeriphClockCmd)
    i.RCC_APB1PeriphClockCmd                 0x080011cc   Section        0  hal_rcc.o(i.RCC_APB1PeriphClockCmd)
    i.RCC_GetFlagStatus                      0x080011ec   Section        0  hal_rcc.o(i.RCC_GetFlagStatus)
    i.RCC_GetHCLKFreq                        0x08001224   Section        0  hal_rcc.o(i.RCC_GetHCLKFreq)
    i.RCC_GetPCLK1Freq                       0x08001244   Section        0  hal_rcc.o(i.RCC_GetPCLK1Freq)
    i.RCC_GetSysClockFreq                    0x08001268   Section        0  hal_rcc.o(i.RCC_GetSysClockFreq)
    i.RCC_LSICmd                             0x080012a0   Section        0  hal_rcc.o(i.RCC_LSICmd)
    i.RVU_CheckStatus                        0x080012b4   Section        0  hal_iwdg.o(i.RVU_CheckStatus)
    i.Send_Data_To_UART0                     0x080012c4   Section        0  uart.o(i.Send_Data_To_UART0)
    i.SensorRealTimeDataHandle               0x080012e0   Section        0  standardsensormodule.o(i.SensorRealTimeDataHandle)
    i.SetSysClock                            0x08001348   Section        0  system_mm32f0010.o(i.SetSysClock)
    SetSysClock                              0x08001349   Thumb Code     8  system_mm32f0010.o(i.SetSysClock)
    i.SetSysClockTo48_HSI                    0x08001350   Section        0  system_mm32f0010.o(i.SetSysClockTo48_HSI)
    SetSysClockTo48_HSI                      0x08001351   Thumb Code   142  system_mm32f0010.o(i.SetSysClockTo48_HSI)
    i.SetVSBaselineToEE                      0x08001400   Section        0  standardsensormodule.o(i.SetVSBaselineToEE)
    i.StandardSensorModuleInit               0x08001452   Section        0  standardsensormodule.o(i.StandardSensorModuleInit)
    i.SysTick_Handler                        0x08001476   Section        0  delay.o(i.SysTick_Handler)
    i.Sys_Init                               0x08001480   Section        0  main.o(i.Sys_Init)
    i.SystemInit                             0x08001528   Section        0  system_mm32f0010.o(i.SystemInit)
    i.TIM14_IRQHandler                       0x08001574   Section        0  bsp_tim.o(i.TIM14_IRQHandler)
    i.TIM_ARRPreloadConfig                   0x08001610   Section        0  hal_tim.o(i.TIM_ARRPreloadConfig)
    i.TIM_ClearFlag                          0x08001628   Section        0  hal_tim.o(i.TIM_ClearFlag)
    i.TIM_ClearITPendingBit                  0x08001630   Section        0  hal_tim.o(i.TIM_ClearITPendingBit)
    i.TIM_Cmd                                0x08001638   Section        0  hal_tim.o(i.TIM_Cmd)
    i.TIM_GetITStatus                        0x08001650   Section        0  hal_tim.o(i.TIM_GetITStatus)
    i.TIM_ITConfig                           0x0800166a   Section        0  hal_tim.o(i.TIM_ITConfig)
    i.TIM_TimeBaseInit                       0x08001680   Section        0  hal_tim.o(i.TIM_TimeBaseInit)
    i.TIM_TimeBaseStructInit                 0x080016d0   Section        0  hal_tim.o(i.TIM_TimeBaseStructInit)
    i.Tim14_Init                             0x080016e4   Section        0  bsp_tim.o(i.Tim14_Init)
    i.TimingDelayDecrement                   0x08001764   Section        0  delay.o(i.TimingDelayDecrement)
    TimingDelayDecrement                     0x08001765   Thumb Code    20  delay.o(i.TimingDelayDecrement)
    i.UART1_IRQHandler                       0x0800177c   Section        0  uart.o(i.UART1_IRQHandler)
    i.UART_Cmd                               0x080017c4   Section        0  hal_uart.o(i.UART_Cmd)
    i.UART_GetITStatus                       0x080017d0   Section        0  hal_uart.o(i.UART_GetITStatus)
    i.UART_ITConfig                          0x080017e2   Section        0  hal_uart.o(i.UART_ITConfig)
    i.UART_Init                              0x080017f6   Section        0  hal_uart.o(i.UART_Init)
    i.UART_ReceiveData                       0x0800185c   Section        0  hal_uart.o(i.UART_ReceiveData)
    i.UART_StructInit                        0x08001864   Section        0  hal_uart.o(i.UART_StructInit)
    i.Uart_Init                              0x08001880   Section        0  uart.o(i.Uart_Init)
    i.Write_Iwdg_ON                          0x08001934   Section        0  wwdg.o(i.Write_Iwdg_ON)
    i.__ARM_clz                              0x0800197c   Section        0  depilogue.o(i.__ARM_clz)
    i.__NVIC_SetPriority                     0x080019ac   Section        0  delay.o(i.__NVIC_SetPriority)
    __NVIC_SetPriority                       0x080019ad   Thumb Code   110  delay.o(i.__NVIC_SetPriority)
    i.__kernel_poly                          0x08001a24   Section        0  poly.o(i.__kernel_poly)
    i.__mathlib_dbl_divzero                  0x08001ad0   Section        0  dunder.o(i.__mathlib_dbl_divzero)
    i.__mathlib_dbl_infnan                   0x08001ae4   Section        0  dunder.o(i.__mathlib_dbl_infnan)
    i.__mathlib_dbl_invalid                  0x08001aee   Section        0  dunder.o(i.__mathlib_dbl_invalid)
    i.__scatterload_copy                     0x08001afe   Section       14  handlers.o(i.__scatterload_copy)
    i.__scatterload_null                     0x08001b0c   Section        2  handlers.o(i.__scatterload_null)
    i.__scatterload_zeroinit                 0x08001b0e   Section       14  handlers.o(i.__scatterload_zeroinit)
    i.__set_errno                            0x08001b1c   Section        0  errno.o(i.__set_errno)
    i.adc_task                               0x08001b28   Section        0  adc.o(i.adc_task)
    i.calculationTask                        0x08001e2c   Section        0  standardsensormodule.o(i.calculationTask)
    i.dataXorCRC                             0x08001ef4   Section        0  standardsensormodule.o(i.dataXorCRC)
    i.exNVIC_Init                            0x08001f10   Section        0  hal_misc.o(i.exNVIC_Init)
    i.getCrcResult                           0x08001f78   Section        0  standardsensormodule.o(i.getCrcResult)
    i.getRS_Degree                           0x08001f9c   Section        0  standardsensormodule.o(i.getRS_Degree)
    i.haierBusDataInit                       0x08002284   Section        0  standardsensormodule.o(i.haierBusDataInit)
    i.ldo_task                               0x080022bc   Section        0  ldo.o(i.ldo_task)
    i.led_sys_task                           0x08002324   Section        0  led.o(i.led_sys_task)
    i.lincProcessHaierDat                    0x0800241c   Section        0  standardsensormodule.o(i.lincProcessHaierDat)
    i.log                                    0x08002534   Section        0  log.o(i.log)
    i.main                                   0x08002888   Section        0  main.o(i.main)
    i.packetHaierBusData                     0x08002984   Section        0  standardsensormodule.o(i.packetHaierBusData)
    i.packetHmnstUartData                    0x08002a20   Section        0  standardsensormodule.o(i.packetHmnstUartData)
    i.paramDataInit                          0x08002ae8   Section        0  standardsensormodule.o(i.paramDataInit)
    i.processO3Mode                          0x08002afc   Section        0  standardsensormodule.o(i.processO3Mode)
    i.receive_data_task                      0x08002b70   Section        0  module.o(i.receive_data_task)
    i.send_data_task                         0x08002c04   Section        0  standardsensormodule.o(i.send_data_task)
    i.sensorAutoMode                         0x08002c68   Section        0  standardsensormodule.o(i.sensorAutoMode)
    i.show_time_vs0_update                   0x08002cf4   Section        0  standardsensormodule.o(i.show_time_vs0_update)
    i.sys_timer_task                         0x08002d20   Section        0  bsp_tim.o(i.sys_timer_task)
    i.uartDataSend                           0x08002d6c   Section        0  standardsensormodule.o(i.uartDataSend)
    i.updateVsData                           0x08002d88   Section        0  standardsensormodule.o(i.updateVsData)
    i.update_VS0                             0x08002db4   Section        0  standardsensormodule.o(i.update_VS0)
    i.vol_res_task                           0x0800302c   Section        0  module.o(i.vol_res_task)
    i.wwdg_task                              0x08003268   Section        0  wwdg.o(i.wwdg_task)
    .constdata                               0x080032a4   Section      256  standardsensormodule.o(.constdata)
    .constdata                               0x080033a8   Section       56  log.o(.constdata)
    Lg2                                      0x080033a8   Data          24  log.o(.constdata)
    Lg                                       0x080033c0   Data          32  log.o(.constdata)
    .constdata                               0x080033e0   Section        8  qnan.o(.constdata)
    .data                                    0x20000000   Section       20  system_mm32f0010.o(.data)
    .data                                    0x20000014   Section        2  led.o(.data)
    _lc                                      0x20000015   Data           1  led.o(.data)
    .data                                    0x20000016   Section        1  bsp_tim.o(.data)
    _lc                                      0x20000016   Data           1  bsp_tim.o(.data)
    .data                                    0x20000017   Section        2  ldo.o(.data)
    _lc                                      0x20000018   Data           1  ldo.o(.data)
    .data                                    0x20000019   Section        1  wwdg.o(.data)
    _lc                                      0x20000019   Data           1  wwdg.o(.data)
    .data                                    0x2000001c   Section        8  delay.o(.data)
    sTimingDelay                             0x2000001c   Data           4  delay.o(.data)
    sDelayNopNumber                          0x20000020   Data           4  delay.o(.data)
    .data                                    0x20000024   Section        2  uart.o(.data)
    .data                                    0x20000028   Section        4  main.o(.data)
    .data                                    0x2000002c   Section        3  module.o(.data)
    _lc                                      0x2000002c   Data           1  module.o(.data)
    _lc                                      0x2000002d   Data           1  module.o(.data)
    _lc                                      0x2000002e   Data           1  module.o(.data)
    .data                                    0x20000030   Section      108  standardsensormodule.o(.data)
    o3_mode_cntdown                          0x20000090   Data           2  standardsensormodule.o(.data)
    D2_LAST                                  0x20000094   Data           4  standardsensormodule.o(.data)
    show_mode_start_cnt                      0x20000098   Data           1  standardsensormodule.o(.data)
    spioled_flag                             0x20000099   Data           1  standardsensormodule.o(.data)
    _lc                                      0x2000009a   Data           1  standardsensormodule.o(.data)
    _lc                                      0x2000009b   Data           1  standardsensormodule.o(.data)
    .data                                    0x2000009c   Section        2  adc.o(.data)
    fil_count                                0x2000009c   Data           1  adc.o(.data)
    _lc                                      0x2000009d   Data           1  adc.o(.data)
    .data                                    0x2000009e   Section       16  hal_rcc.o(.data)
    .data                                    0x200000b0   Section        4  errno.o(.data)
    _errno                                   0x200000b0   Data           4  errno.o(.data)
    .bss                                     0x200000b4   Section      200  uart.o(.bss)
    .bss                                     0x20000180   Section      156  main.o(.bss)
    .bss                                     0x2000021c   Section      158  standardsensormodule.o(.bss)
    .bss                                     0x200002bc   Section      560  adc.o(.bss)
    STACK                                    0x200004f0   Section      768  startup_mm32f0010_keil.o(STACK)

    Global Symbols

    Symbol Name                              Value     Ov Type        Size  Object(Section)

    BuildAttributes$$THM_ISAv3M$S$PE$A:L22$X:L11$S22$IEEE1$IW$USESV6$~STKCKD$USESV7$~SHL$OTIME$ROPI$IEEEX$EBA8$MICROLIB$REQ8$PRES8$EABIv2 0x00000000   Number         0  anon$$obj.o ABSOLUTE
    __ARM_use_no_argv                        0x00000000   Number         0  main.o ABSOLUTE
    __arm_fini_                               - Undefined Weak Reference
    __cpp_initialize__aeabi_                  - Undefined Weak Reference
    __cxa_finalize                            - Undefined Weak Reference
    __decompress                              - Undefined Weak Reference
    _clock_init                               - Undefined Weak Reference
    _microlib_exit                            - Undefined Weak Reference
    __Vectors_Size                           0x000000b4   Number         0  startup_mm32f0010_keil.o ABSOLUTE
    __Vectors                                0x08000000   Data           4  startup_mm32f0010_keil.o(RESET)
    __Vectors_End                            0x080000b4   Data           0  startup_mm32f0010_keil.o(RESET)
    __main                                   0x080000b5   Thumb Code     0  entry.o(.ARM.Collect$$$$00000000)
    _main_stk                                0x080000b5   Thumb Code     0  entry2.o(.ARM.Collect$$$$00000001)
    _main_scatterload                        0x080000b9   Thumb Code     0  entry5.o(.ARM.Collect$$$$00000004)
    __main_after_scatterload                 0x080000bd   Thumb Code     0  entry5.o(.ARM.Collect$$$$00000004)
    _main_clock                              0x080000bd   Thumb Code     0  entry7b.o(.ARM.Collect$$$$00000008)
    _main_cpp_init                           0x080000bd   Thumb Code     0  entry8b.o(.ARM.Collect$$$$0000000A)
    _main_init                               0x080000bd   Thumb Code     0  entry9a.o(.ARM.Collect$$$$0000000B)
    __rt_lib_shutdown_fini                   0x080000c5   Thumb Code     0  entry12b.o(.ARM.Collect$$$$0000000E)
    __rt_final_cpp                           0x080000c9   Thumb Code     0  entry10a.o(.ARM.Collect$$$$0000000F)
    __rt_final_exit                          0x080000c9   Thumb Code     0  entry11a.o(.ARM.Collect$$$$00000011)
    Reset_Handler                            0x080000cd   Thumb Code    38  startup_mm32f0010_keil.o(.text)
    NMI_Handler                              0x080000f3   Thumb Code     2  startup_mm32f0010_keil.o(.text)
    HardFault_Handler                        0x080000f5   Thumb Code     2  startup_mm32f0010_keil.o(.text)
    MemManage_Handler                        0x080000f7   Thumb Code     2  startup_mm32f0010_keil.o(.text)
    BusFault_Handler                         0x080000f9   Thumb Code     2  startup_mm32f0010_keil.o(.text)
    UsageFault_Handler                       0x080000fb   Thumb Code     2  startup_mm32f0010_keil.o(.text)
    SVC_Handler                              0x080000fd   Thumb Code     2  startup_mm32f0010_keil.o(.text)
    DebugMon_Handler                         0x080000ff   Thumb Code     2  startup_mm32f0010_keil.o(.text)
    PendSV_Handler                           0x08000101   Thumb Code     2  startup_mm32f0010_keil.o(.text)
    ADC1_IRQHandler                          0x08000105   Thumb Code     0  startup_mm32f0010_keil.o(.text)
    EXTI0_1_IRQHandler                       0x08000105   Thumb Code     0  startup_mm32f0010_keil.o(.text)
    EXTI2_3_IRQHandler                       0x08000105   Thumb Code     0  startup_mm32f0010_keil.o(.text)
    EXTI4_15_IRQHandler                      0x08000105   Thumb Code     0  startup_mm32f0010_keil.o(.text)
    FLASH_IRQHandler                         0x08000105   Thumb Code     0  startup_mm32f0010_keil.o(.text)
    I2C1_IRQHandler                          0x08000105   Thumb Code     0  startup_mm32f0010_keil.o(.text)
    PVD_IRQHandler                           0x08000105   Thumb Code     0  startup_mm32f0010_keil.o(.text)
    RCC_IRQHandler                           0x08000105   Thumb Code     0  startup_mm32f0010_keil.o(.text)
    SPI1_IRQHandler                          0x08000105   Thumb Code     0  startup_mm32f0010_keil.o(.text)
    TIM1_BRK_UP_TRG_COM_IRQHandler           0x08000105   Thumb Code     0  startup_mm32f0010_keil.o(.text)
    TIM1_CC_IRQHandler                       0x08000105   Thumb Code     0  startup_mm32f0010_keil.o(.text)
    TIM3_IRQHandler                          0x08000105   Thumb Code     0  startup_mm32f0010_keil.o(.text)
    UART2_IRQHandler                         0x08000105   Thumb Code     0  startup_mm32f0010_keil.o(.text)
    WWDG_IWDG_IRQHandler                     0x08000105   Thumb Code     0  startup_mm32f0010_keil.o(.text)
    __aeabi_uidiv                            0x0800012d   Thumb Code     0  uidiv.o(.text)
    __aeabi_uidivmod                         0x0800012d   Thumb Code    44  uidiv.o(.text)
    __aeabi_idiv                             0x08000159   Thumb Code     0  idiv.o(.text)
    __aeabi_idivmod                          0x08000159   Thumb Code    40  idiv.o(.text)
    __aeabi_memcpy                           0x08000181   Thumb Code    36  memcpya.o(.text)
    __aeabi_memcpy4                          0x08000181   Thumb Code     0  memcpya.o(.text)
    __aeabi_memcpy8                          0x08000181   Thumb Code     0  memcpya.o(.text)
    __aeabi_memset                           0x080001a5   Thumb Code    14  memseta.o(.text)
    __aeabi_memset4                          0x080001a5   Thumb Code     0  memseta.o(.text)
    __aeabi_memset8                          0x080001a5   Thumb Code     0  memseta.o(.text)
    __aeabi_memclr                           0x080001b3   Thumb Code     4  memseta.o(.text)
    __aeabi_memclr4                          0x080001b3   Thumb Code     0  memseta.o(.text)
    __aeabi_memclr8                          0x080001b3   Thumb Code     0  memseta.o(.text)
    _memset$wrapper                          0x080001b7   Thumb Code    18  memseta.o(.text)
    __aeabi_fadd                             0x080001c9   Thumb Code   162  fadd.o(.text)
    __aeabi_fsub                             0x0800026b   Thumb Code     8  fadd.o(.text)
    __aeabi_frsub                            0x08000273   Thumb Code     8  fadd.o(.text)
    __aeabi_fmul                             0x0800027b   Thumb Code   122  fmul.o(.text)
    __aeabi_fdiv                             0x080002f5   Thumb Code   124  fdiv.o(.text)
    __aeabi_dadd                             0x08000371   Thumb Code   330  dadd.o(.text)
    __aeabi_dsub                             0x080004bb   Thumb Code    12  dadd.o(.text)
    __aeabi_drsub                            0x080004c7   Thumb Code    12  dadd.o(.text)
    __aeabi_dmul                             0x080004d9   Thumb Code   202  dmul.o(.text)
    __aeabi_ddiv                             0x080005a9   Thumb Code   234  ddiv.o(.text)
    __aeabi_ui2f                             0x08000699   Thumb Code    14  ffltui.o(.text)
    __aeabi_ui2d                             0x080006a9   Thumb Code    24  dfltui.o(.text)
    __aeabi_f2uiz                            0x080006c5   Thumb Code    40  ffixui.o(.text)
    __aeabi_d2uiz                            0x080006ed   Thumb Code    50  dfixui.o(.text)
    __aeabi_f2d                              0x08000729   Thumb Code    40  f2d.o(.text)
    __aeabi_d2f                              0x08000751   Thumb Code    56  d2f.o(.text)
    __aeabi_cfcmpeq                          0x08000789   Thumb Code     0  cfcmple.o(.text)
    __aeabi_cfcmple                          0x08000789   Thumb Code    20  cfcmple.o(.text)
    __aeabi_cfrcmple                         0x0800079d   Thumb Code    20  cfrcmple.o(.text)
    __aeabi_llsl                             0x080007b1   Thumb Code    32  llshl.o(.text)
    _ll_shift_l                              0x080007b1   Thumb Code     0  llshl.o(.text)
    __aeabi_llsr                             0x080007d1   Thumb Code    34  llushr.o(.text)
    _ll_ushift_r                             0x080007d1   Thumb Code     0  llushr.o(.text)
    __aeabi_lasr                             0x080007f3   Thumb Code    38  llsshr.o(.text)
    _ll_sshift_r                             0x080007f3   Thumb Code     0  llsshr.o(.text)
    __I$use$fp                               0x08000819   Thumb Code     0  iusefp.o(.text)
    _float_round                             0x08000819   Thumb Code    16  fepilogue.o(.text)
    _float_epilogue                          0x08000829   Thumb Code   114  fepilogue.o(.text)
    _double_round                            0x0800089b   Thumb Code    26  depilogue.o(.text)
    _double_epilogue                         0x080008b5   Thumb Code   164  depilogue.o(.text)
    __ARM_scalbn                             0x08000959   Thumb Code    44  dscalb.o(.text)
    scalbn                                   0x08000959   Thumb Code     0  dscalb.o(.text)
    __aeabi_i2d                              0x08000985   Thumb Code    34  dflti.o(.text)
    __aeabi_cdcmpeq                          0x080009ad   Thumb Code     0  cdcmple.o(.text)
    __aeabi_cdcmple                          0x080009ad   Thumb Code    38  cdcmple.o(.text)
    __scatterload                            0x080009d5   Thumb Code    28  init.o(.text)
    __scatterload_rt2                        0x080009d5   Thumb Code     0  init.o(.text)
    ADC_ANY_CH_Config                        0x080009f9   Thumb Code    70  hal_adc.o(i.ADC_ANY_CH_Config)
    ADC_ANY_Cmd                              0x08000a3f   Thumb Code    24  hal_adc.o(i.ADC_ANY_Cmd)
    ADC_ANY_NUM_Config                       0x08000a57   Thumb Code    10  hal_adc.o(i.ADC_ANY_NUM_Config)
    ADC_ClearFlag                            0x08000a61   Thumb Code    24  hal_adc.o(i.ADC_ClearFlag)
    ADC_Cmd                                  0x08000a79   Thumb Code    24  hal_adc.o(i.ADC_Cmd)
    ADC_GetFlagStatus                        0x08000a91   Thumb Code    22  hal_adc.o(i.ADC_GetFlagStatus)
    ADC_Init                                 0x08000aa9   Thumb Code    46  hal_adc.o(i.ADC_Init)
    ADC_SoftwareStartConvCmd                 0x08000ae1   Thumb Code    28  hal_adc.o(i.ADC_SoftwareStartConvCmd)
    ADC_StructInit                           0x08000afd   Thumb Code    16  hal_adc.o(i.ADC_StructInit)
    Adc_Init                                 0x08000b21   Thumb Code   218  adc.o(i.Adc_Init)
    Delay_Init                               0x08000c09   Thumb Code    78  delay.o(i.Delay_Init)
    Delay_Ms                                 0x08000c69   Thumb Code    20  delay.o(i.Delay_Ms)
    EEPROM_Read                              0x08000c81   Thumb Code    52  sim_eeprom.o(i.EEPROM_Read)
    EEPROM_Write                             0x08000cbd   Thumb Code    20  sim_eeprom.o(i.EEPROM_Write)
    FLASH_ErasePage                          0x08000cd5   Thumb Code    38  hal_flash.o(i.FLASH_ErasePage)
    FLASH_GetStatus                          0x08000d05   Thumb Code    52  hal_flash.o(i.FLASH_GetStatus)
    FLASH_Lock                               0x08000d3d   Thumb Code    14  hal_flash.o(i.FLASH_Lock)
    FLASH_ProgramHalfWord                    0x08000d51   Thumb Code    28  hal_flash.o(i.FLASH_ProgramHalfWord)
    FLASH_SIM_WriteLocate                    0x08000e63   Thumb Code   102  sim_eeprom.o(i.FLASH_SIM_WriteLocate)
    FLASH_Unlock                             0x08000ec9   Thumb Code    12  hal_flash.o(i.FLASH_Unlock)
    FLASH_WaitForLastOperation               0x08000ee1   Thumb Code    54  hal_flash.o(i.FLASH_WaitForLastOperation)
    Flash_int                                0x08000f1d   Thumb Code    36  standardsensormodule.o(i.Flash_int)
    GPIO_Init                                0x08000f41   Thumb Code   154  hal_gpio.o(i.GPIO_Init)
    GPIO_PinAFConfig                         0x08000fdb   Thumb Code    40  hal_gpio.o(i.GPIO_PinAFConfig)
    GPIO_ResetBits                           0x08001003   Thumb Code     4  hal_gpio.o(i.GPIO_ResetBits)
    GPIO_SetBits                             0x08001007   Thumb Code     4  hal_gpio.o(i.GPIO_SetBits)
    GPIO_StructInit                          0x0800100b   Thumb Code    16  hal_gpio.o(i.GPIO_StructInit)
    GetAllChannelValue                       0x0800101d   Thumb Code    74  adc.o(i.GetAllChannelValue)
    GetVSBaselineFromEE                      0x08001081   Thumb Code    60  standardsensormodule.o(i.GetVSBaselineFromEE)
    IWDG_Enable                              0x080010bd   Thumb Code     8  hal_iwdg.o(i.IWDG_Enable)
    IWDG_GetFlagStatus                       0x080010cd   Thumb Code    20  hal_iwdg.o(i.IWDG_GetFlagStatus)
    IWDG_ReloadCounter                       0x080010e5   Thumb Code     8  hal_iwdg.o(i.IWDG_ReloadCounter)
    IWDG_SetPrescaler                        0x080010f5   Thumb Code    14  hal_iwdg.o(i.IWDG_SetPrescaler)
    IWDG_SetReload                           0x08001109   Thumb Code    14  hal_iwdg.o(i.IWDG_SetReload)
    IWDG_WriteAccessCmd                      0x0800111d   Thumb Code     6  hal_iwdg.o(i.IWDG_WriteAccessCmd)
    Ldo_Init                                 0x08001129   Thumb Code    56  ldo.o(i.Ldo_Init)
    Led_Init                                 0x08001165   Thumb Code    56  led.o(i.Led_Init)
    PVU_CheckStatus                          0x0800119d   Thumb Code    16  hal_iwdg.o(i.PVU_CheckStatus)
    RCC_AHBPeriphClockCmd                    0x080011ad   Thumb Code    28  hal_rcc.o(i.RCC_AHBPeriphClockCmd)
    RCC_APB1PeriphClockCmd                   0x080011cd   Thumb Code    28  hal_rcc.o(i.RCC_APB1PeriphClockCmd)
    RCC_GetFlagStatus                        0x080011ed   Thumb Code    50  hal_rcc.o(i.RCC_GetFlagStatus)
    RCC_GetHCLKFreq                          0x08001225   Thumb Code    24  hal_rcc.o(i.RCC_GetHCLKFreq)
    RCC_GetPCLK1Freq                         0x08001245   Thumb Code    26  hal_rcc.o(i.RCC_GetPCLK1Freq)
    RCC_GetSysClockFreq                      0x08001269   Thumb Code    40  hal_rcc.o(i.RCC_GetSysClockFreq)
    RCC_LSICmd                               0x080012a1   Thumb Code    16  hal_rcc.o(i.RCC_LSICmd)
    RVU_CheckStatus                          0x080012b5   Thumb Code    16  hal_iwdg.o(i.RVU_CheckStatus)
    Send_Data_To_UART0                       0x080012c5   Thumb Code    22  uart.o(i.Send_Data_To_UART0)
    SensorRealTimeDataHandle                 0x080012e1   Thumb Code   100  standardsensormodule.o(i.SensorRealTimeDataHandle)
    SetVSBaselineToEE                        0x08001401   Thumb Code    82  standardsensormodule.o(i.SetVSBaselineToEE)
    StandardSensorModuleInit                 0x08001453   Thumb Code    36  standardsensormodule.o(i.StandardSensorModuleInit)
    SysTick_Handler                          0x08001477   Thumb Code     8  delay.o(i.SysTick_Handler)
    Sys_Init                                 0x08001481   Thumb Code   150  main.o(i.Sys_Init)
    SystemInit                               0x08001529   Thumb Code    64  system_mm32f0010.o(i.SystemInit)
    TIM14_IRQHandler                         0x08001575   Thumb Code   148  bsp_tim.o(i.TIM14_IRQHandler)
    TIM_ARRPreloadConfig                     0x08001611   Thumb Code    24  hal_tim.o(i.TIM_ARRPreloadConfig)
    TIM_ClearFlag                            0x08001629   Thumb Code     8  hal_tim.o(i.TIM_ClearFlag)
    TIM_ClearITPendingBit                    0x08001631   Thumb Code     8  hal_tim.o(i.TIM_ClearITPendingBit)
    TIM_Cmd                                  0x08001639   Thumb Code    24  hal_tim.o(i.TIM_Cmd)
    TIM_GetITStatus                          0x08001651   Thumb Code    26  hal_tim.o(i.TIM_GetITStatus)
    TIM_ITConfig                             0x0800166b   Thumb Code    20  hal_tim.o(i.TIM_ITConfig)
    TIM_TimeBaseInit                         0x08001681   Thumb Code    70  hal_tim.o(i.TIM_TimeBaseInit)
    TIM_TimeBaseStructInit                   0x080016d1   Thumb Code    18  hal_tim.o(i.TIM_TimeBaseStructInit)
    Tim14_Init                               0x080016e5   Thumb Code   112  bsp_tim.o(i.Tim14_Init)
    UART1_IRQHandler                         0x0800177d   Thumb Code    54  uart.o(i.UART1_IRQHandler)
    UART_Cmd                                 0x080017c5   Thumb Code    12  hal_uart.o(i.UART_Cmd)
    UART_GetITStatus                         0x080017d1   Thumb Code    18  hal_uart.o(i.UART_GetITStatus)
    UART_ITConfig                            0x080017e3   Thumb Code    20  hal_uart.o(i.UART_ITConfig)
    UART_Init                                0x080017f7   Thumb Code   102  hal_uart.o(i.UART_Init)
    UART_ReceiveData                         0x0800185d   Thumb Code     8  hal_uart.o(i.UART_ReceiveData)
    UART_StructInit                          0x08001865   Thumb Code    26  hal_uart.o(i.UART_StructInit)
    Uart_Init                                0x08001881   Thumb Code   176  uart.o(i.Uart_Init)
    Write_Iwdg_ON                            0x08001935   Thumb Code    68  wwdg.o(i.Write_Iwdg_ON)
    __ARM_clz                                0x0800197d   Thumb Code    46  depilogue.o(i.__ARM_clz)
    __kernel_poly                            0x08001a25   Thumb Code   172  poly.o(i.__kernel_poly)
    __mathlib_dbl_divzero                    0x08001ad1   Thumb Code    16  dunder.o(i.__mathlib_dbl_divzero)
    __mathlib_dbl_infnan                     0x08001ae5   Thumb Code    10  dunder.o(i.__mathlib_dbl_infnan)
    __mathlib_dbl_invalid                    0x08001aef   Thumb Code    16  dunder.o(i.__mathlib_dbl_invalid)
    __scatterload_copy                       0x08001aff   Thumb Code    14  handlers.o(i.__scatterload_copy)
    __scatterload_null                       0x08001b0d   Thumb Code     2  handlers.o(i.__scatterload_null)
    __scatterload_zeroinit                   0x08001b0f   Thumb Code    14  handlers.o(i.__scatterload_zeroinit)
    __set_errno                              0x08001b1d   Thumb Code     6  errno.o(i.__set_errno)
    adc_task                                 0x08001b29   Thumb Code   740  adc.o(i.adc_task)
    calculationTask                          0x08001e2d   Thumb Code   170  standardsensormodule.o(i.calculationTask)
    dataXorCRC                               0x08001ef5   Thumb Code    26  standardsensormodule.o(i.dataXorCRC)
    exNVIC_Init                              0x08001f11   Thumb Code   100  hal_misc.o(i.exNVIC_Init)
    getCrcResult                             0x08001f79   Thumb Code    30  standardsensormodule.o(i.getCrcResult)
    getRS_Degree                             0x08001f9d   Thumb Code   682  standardsensormodule.o(i.getRS_Degree)
    haierBusDataInit                         0x08002285   Thumb Code    52  standardsensormodule.o(i.haierBusDataInit)
    ldo_task                                 0x080022bd   Thumb Code    92  ldo.o(i.ldo_task)
    led_sys_task                             0x08002325   Thumb Code   236  led.o(i.led_sys_task)
    lincProcessHaierDat                      0x0800241d   Thumb Code   242  standardsensormodule.o(i.lincProcessHaierDat)
    log                                      0x08002535   Thumb Code   790  log.o(i.log)
    main                                     0x08002889   Thumb Code   246  main.o(i.main)
    packetHaierBusData                       0x08002985   Thumb Code   148  standardsensormodule.o(i.packetHaierBusData)
    packetHmnstUartData                      0x08002a21   Thumb Code   200  standardsensormodule.o(i.packetHmnstUartData)
    paramDataInit                            0x08002ae9   Thumb Code    16  standardsensormodule.o(i.paramDataInit)
    processO3Mode                            0x08002afd   Thumb Code   102  standardsensormodule.o(i.processO3Mode)
    receive_data_task                        0x08002b71   Thumb Code   122  module.o(i.receive_data_task)
    send_data_task                           0x08002c05   Thumb Code    84  standardsensormodule.o(i.send_data_task)
    sensorAutoMode                           0x08002c69   Thumb Code   120  standardsensormodule.o(i.sensorAutoMode)
    show_time_vs0_update                     0x08002cf5   Thumb Code    42  standardsensormodule.o(i.show_time_vs0_update)
    sys_timer_task                           0x08002d21   Thumb Code    64  bsp_tim.o(i.sys_timer_task)
    uartDataSend                             0x08002d6d   Thumb Code    26  standardsensormodule.o(i.uartDataSend)
    updateVsData                             0x08002d89   Thumb Code    34  standardsensormodule.o(i.updateVsData)
    update_VS0                               0x08002db5   Thumb Code   606  standardsensormodule.o(i.update_VS0)
    vol_res_task                             0x0800302d   Thumb Code   498  module.o(i.vol_res_task)
    wwdg_task                                0x08003269   Thumb Code    50  wwdg.o(i.wwdg_task)
    crc8_table                               0x080032a4   Data         256  standardsensormodule.o(.constdata)
    __mathlib_zero                           0x080033e0   Data           8  qnan.o(.constdata)
    Region$$Table$$Base                      0x080033e8   Number         0  anon$$obj.o(Region$$Table)
    Region$$Table$$Limit                     0x08003408   Number         0  anon$$obj.o(Region$$Table)
    SystemCoreClock                          0x20000000   Data           4  system_mm32f0010.o(.data)
    AHBPrescTable                            0x20000004   Data          16  system_mm32f0010.o(.data)
    led_sys                                  0x20000014   Data           1  led.o(.data)
    ldo_sw                                   0x20000017   Data           1  ldo.o(.data)
    recv_count                               0x20000024   Data           1  uart.o(.data)
    recv_timeout                             0x20000025   Data           1  uart.o(.data)
    UERROR                                   0x20000028   Data           4  main.o(.data)
    uart_send_lock_flag                      0x20000030   Data           1  standardsensormodule.o(.data)
    sensor_vs_low_cnt                        0x20000032   Data           2  standardsensormodule.o(.data)
    sensor_break_flag                        0x20000034   Data           1  standardsensormodule.o(.data)
    warmingup_ok_flag                        0x20000035   Data           1  standardsensormodule.o(.data)
    auto_degree_start_fag                    0x20000036   Data           1  standardsensormodule.o(.data)
    auto_mode_start_cnt                      0x20000037   Data           1  standardsensormodule.o(.data)
    sensor_vs_constant_time                  0x20000038   Data           4  standardsensormodule.o(.data)
    insert                                   0x2000003c   Data           1  standardsensormodule.o(.data)
    ntc_max                                  0x20000040   Data           4  standardsensormodule.o(.data)
    ntc_min                                  0x20000044   Data           4  standardsensormodule.o(.data)
    vs_no_change_cnt                         0x20000048   Data           4  standardsensormodule.o(.data)
    delay_10                                 0x2000004c   Data           1  standardsensormodule.o(.data)
    haier_cmd                                0x2000004d   Data           1  standardsensormodule.o(.data)
    demarcate                                0x2000004e   Data          10  standardsensormodule.o(.data)
    version_number                           0x20000058   Data          43  standardsensormodule.o(.data)
    calibration_flag                         0x20000083   Data           1  standardsensormodule.o(.data)
    led_key                                  0x20000084   Data           1  standardsensormodule.o(.data)
    open_the_door                            0x20000085   Data           1  standardsensormodule.o(.data)
    coef                                     0x20000088   Data           4  standardsensormodule.o(.data)
    O3_open_flag                             0x2000008c   Data           1  standardsensormodule.o(.data)
    show_flag                                0x2000008d   Data           1  standardsensormodule.o(.data)
    show_keep_cnt                            0x2000008e   Data           2  standardsensormodule.o(.data)
    tbPresc                                  0x2000009e   Data          16  hal_rcc.o(.data)
    recv_byte                                0x200000b4   Data         100  uart.o(.bss)
    recv_byte_temp                           0x20000118   Data         100  uart.o(.bss)
    sys_info                                 0x20000180   Data          96  main.o(.bss)
    debug_info                               0x200001e0   Data          12  main.o(.bss)
    timers                                   0x200001ec   Data          48  main.o(.bss)
    sm                                       0x2000021c   Data         140  standardsensormodule.o(.bss)
    haier_bus_dat                            0x200002a8   Data          18  standardsensormodule.o(.bss)
    rs_gas1                                  0x200002bc   Data         112  adc.o(.bss)
    rs_gas2                                  0x2000032c   Data         112  adc.o(.bss)
    ntc_rt1                                  0x2000039c   Data         112  adc.o(.bss)
    ntc_rt2                                  0x2000040c   Data         112  adc.o(.bss)
    vc_v                                     0x2000047c   Data         112  adc.o(.bss)
    __initial_sp                             0x200007f0   Data           0  startup_mm32f0010_keil.o(STACK)



==============================================================================

Memory Map of the image

  Image Entry point : 0x080000b5

  Load Region LR_IROM1 (Base: 0x08000000, Size: 0x000034bc, Max: 0x00004000, ABSOLUTE)

    Execution Region ER_IROM1 (Exec base: 0x08000000, Load base: 0x08000000, Size: 0x00003408, Max: 0x00004000, ABSOLUTE)

    Exec Addr    Load Addr    Size         Type   Attr      Idx    E Section Name        Object

    0x08000000   0x08000000   0x000000b4   Data   RO          114    RESET               startup_mm32f0010_keil.o
    0x080000b4   0x080000b4   0x00000000   Code   RO         3196  * .ARM.Collect$$$$00000000  mc_p.l(entry.o)
    0x080000b4   0x080000b4   0x00000004   Code   RO         3254    .ARM.Collect$$$$00000001  mc_p.l(entry2.o)
    0x080000b8   0x080000b8   0x00000004   Code   RO         3257    .ARM.Collect$$$$00000004  mc_p.l(entry5.o)
    0x080000bc   0x080000bc   0x00000000   Code   RO         3259    .ARM.Collect$$$$00000008  mc_p.l(entry7b.o)
    0x080000bc   0x080000bc   0x00000000   Code   RO         3261    .ARM.Collect$$$$0000000A  mc_p.l(entry8b.o)
    0x080000bc   0x080000bc   0x00000008   Code   RO         3262    .ARM.Collect$$$$0000000B  mc_p.l(entry9a.o)
    0x080000c4   0x080000c4   0x00000004   Code   RO         3269    .ARM.Collect$$$$0000000E  mc_p.l(entry12b.o)
    0x080000c8   0x080000c8   0x00000000   Code   RO         3264    .ARM.Collect$$$$0000000F  mc_p.l(entry10a.o)
    0x080000c8   0x080000c8   0x00000000   Code   RO         3266    .ARM.Collect$$$$00000011  mc_p.l(entry11a.o)
    0x080000c8   0x080000c8   0x00000004   Code   RO         3255    .ARM.Collect$$$$00002712  mc_p.l(entry2.o)
    0x080000cc   0x080000cc   0x00000060   Code   RO          115    .text               startup_mm32f0010_keil.o
    0x0800012c   0x0800012c   0x0000002c   Code   RO         3199    .text               mc_p.l(uidiv.o)
    0x08000158   0x08000158   0x00000028   Code   RO         3201    .text               mc_p.l(idiv.o)
    0x08000180   0x08000180   0x00000024   Code   RO         3203    .text               mc_p.l(memcpya.o)
    0x080001a4   0x080001a4   0x00000024   Code   RO         3205    .text               mc_p.l(memseta.o)
    0x080001c8   0x080001c8   0x000000b2   Code   RO         3209    .text               mf_p.l(fadd.o)
    0x0800027a   0x0800027a   0x0000007a   Code   RO         3211    .text               mf_p.l(fmul.o)
    0x080002f4   0x080002f4   0x0000007c   Code   RO         3213    .text               mf_p.l(fdiv.o)
    0x08000370   0x08000370   0x00000168   Code   RO         3215    .text               mf_p.l(dadd.o)
    0x080004d8   0x080004d8   0x000000d0   Code   RO         3217    .text               mf_p.l(dmul.o)
    0x080005a8   0x080005a8   0x000000f0   Code   RO         3219    .text               mf_p.l(ddiv.o)
    0x08000698   0x08000698   0x0000000e   Code   RO         3221    .text               mf_p.l(ffltui.o)
    0x080006a6   0x080006a6   0x00000002   PAD
    0x080006a8   0x080006a8   0x0000001c   Code   RO         3223    .text               mf_p.l(dfltui.o)
    0x080006c4   0x080006c4   0x00000028   Code   RO         3225    .text               mf_p.l(ffixui.o)
    0x080006ec   0x080006ec   0x0000003c   Code   RO         3227    .text               mf_p.l(dfixui.o)
    0x08000728   0x08000728   0x00000028   Code   RO         3229    .text               mf_p.l(f2d.o)
    0x08000750   0x08000750   0x00000038   Code   RO         3231    .text               mf_p.l(d2f.o)
    0x08000788   0x08000788   0x00000014   Code   RO         3233    .text               mf_p.l(cfcmple.o)
    0x0800079c   0x0800079c   0x00000014   Code   RO         3235    .text               mf_p.l(cfrcmple.o)
    0x080007b0   0x080007b0   0x00000020   Code   RO         3270    .text               mc_p.l(llshl.o)
    0x080007d0   0x080007d0   0x00000022   Code   RO         3272    .text               mc_p.l(llushr.o)
    0x080007f2   0x080007f2   0x00000026   Code   RO         3274    .text               mc_p.l(llsshr.o)
    0x08000818   0x08000818   0x00000000   Code   RO         3283    .text               mc_p.l(iusefp.o)
    0x08000818   0x08000818   0x00000082   Code   RO         3284    .text               mf_p.l(fepilogue.o)
    0x0800089a   0x0800089a   0x000000be   Code   RO         3286    .text               mf_p.l(depilogue.o)
    0x08000958   0x08000958   0x0000002c   Code   RO         3290    .text               mf_p.l(dscalb.o)
    0x08000984   0x08000984   0x00000028   Code   RO         3292    .text               mf_p.l(dflti.o)
    0x080009ac   0x080009ac   0x00000028   Code   RO         3294    .text               mf_p.l(cdcmple.o)
    0x080009d4   0x080009d4   0x00000024   Code   RO         3296    .text               mc_p.l(init.o)
    0x080009f8   0x080009f8   0x00000046   Code   RO          922    i.ADC_ANY_CH_Config  hal_adc.o
    0x08000a3e   0x08000a3e   0x00000018   Code   RO          923    i.ADC_ANY_Cmd       hal_adc.o
    0x08000a56   0x08000a56   0x0000000a   Code   RO          924    i.ADC_ANY_NUM_Config  hal_adc.o
    0x08000a60   0x08000a60   0x00000018   Code   RO          928    i.ADC_ClearFlag     hal_adc.o
    0x08000a78   0x08000a78   0x00000018   Code   RO          930    i.ADC_Cmd           hal_adc.o
    0x08000a90   0x08000a90   0x00000016   Code   RO          937    i.ADC_GetFlagStatus  hal_adc.o
    0x08000aa6   0x08000aa6   0x00000002   PAD
    0x08000aa8   0x08000aa8   0x00000038   Code   RO          941    i.ADC_Init          hal_adc.o
    0x08000ae0   0x08000ae0   0x0000001c   Code   RO          942    i.ADC_SoftwareStartConvCmd  hal_adc.o
    0x08000afc   0x08000afc   0x00000010   Code   RO          943    i.ADC_StructInit    hal_adc.o
    0x08000b0c   0x08000b0c   0x00000012   Code   RO         1254    i.ADCxSampleTimeConfig  adc.o
    0x08000b1e   0x08000b1e   0x00000002   PAD
    0x08000b20   0x08000b20   0x000000e8   Code   RO         1255    i.Adc_Init          adc.o
    0x08000c08   0x08000c08   0x00000060   Code   RO          507    i.Delay_Init        delay.o
    0x08000c68   0x08000c68   0x00000018   Code   RO          508    i.Delay_Ms          delay.o
    0x08000c80   0x08000c80   0x0000003c   Code   RO          352    i.EEPROM_Read       sim_eeprom.o
    0x08000cbc   0x08000cbc   0x00000018   Code   RO          353    i.EEPROM_Write      sim_eeprom.o
    0x08000cd4   0x08000cd4   0x00000030   Code   RO         1302    i.FLASH_ErasePage   hal_flash.o
    0x08000d04   0x08000d04   0x00000038   Code   RO         1305    i.FLASH_GetStatus   hal_flash.o
    0x08000d3c   0x08000d3c   0x00000014   Code   RO         1310    i.FLASH_Lock        hal_flash.o
    0x08000d50   0x08000d50   0x00000020   Code   RO         1313    i.FLASH_ProgramHalfWord  hal_flash.o
    0x08000d70   0x08000d70   0x00000014   Code   RO          356    i.FLASH_SIM_EraseEE  sim_eeprom.o
    0x08000d84   0x08000d84   0x00000030   Code   RO          357    i.FLASH_SIM_FindEmpty  sim_eeprom.o
    0x08000db4   0x08000db4   0x00000030   Code   RO          358    i.FLASH_SIM_ProgramEE  sim_eeprom.o
    0x08000de4   0x08000de4   0x0000007e   Code   RO          359    i.FLASH_SIM_WriteEE  sim_eeprom.o
    0x08000e62   0x08000e62   0x00000066   Code   RO          360    i.FLASH_SIM_WriteLocate  sim_eeprom.o
    0x08000ec8   0x08000ec8   0x00000018   Code   RO         1319    i.FLASH_Unlock      hal_flash.o
    0x08000ee0   0x08000ee0   0x0000003c   Code   RO         1321    i.FLASH_WaitForLastOperation  hal_flash.o
    0x08000f1c   0x08000f1c   0x00000024   Code   RO          755    i.Flash_int         standardsensormodule.o
    0x08000f40   0x08000f40   0x0000009a   Code   RO         1497    i.GPIO_Init         hal_gpio.o
    0x08000fda   0x08000fda   0x00000028   Code   RO         1498    i.GPIO_PinAFConfig  hal_gpio.o
    0x08001002   0x08001002   0x00000004   Code   RO         1505    i.GPIO_ResetBits    hal_gpio.o
    0x08001006   0x08001006   0x00000004   Code   RO         1506    i.GPIO_SetBits      hal_gpio.o
    0x0800100a   0x0800100a   0x00000010   Code   RO         1507    i.GPIO_StructInit   hal_gpio.o
    0x0800101a   0x0800101a   0x00000002   PAD
    0x0800101c   0x0800101c   0x00000064   Code   RO         1256    i.GetAllChannelValue  adc.o
    0x08001080   0x08001080   0x0000003c   Code   RO          756    i.GetVSBaselineFromEE  standardsensormodule.o
    0x080010bc   0x080010bc   0x00000010   Code   RO         1766    i.IWDG_Enable       hal_iwdg.o
    0x080010cc   0x080010cc   0x00000018   Code   RO         1767    i.IWDG_GetFlagStatus  hal_iwdg.o
    0x080010e4   0x080010e4   0x00000010   Code   RO         1769    i.IWDG_ReloadCounter  hal_iwdg.o
    0x080010f4   0x080010f4   0x00000014   Code   RO         1770    i.IWDG_SetPrescaler  hal_iwdg.o
    0x08001108   0x08001108   0x00000014   Code   RO         1771    i.IWDG_SetReload    hal_iwdg.o
    0x0800111c   0x0800111c   0x0000000c   Code   RO         1772    i.IWDG_WriteAccessCmd  hal_iwdg.o
    0x08001128   0x08001128   0x0000003c   Code   RO          416    i.Ldo_Init          ldo.o
    0x08001164   0x08001164   0x00000038   Code   RO          121    i.Led_Init          led.o
    0x0800119c   0x0800119c   0x00000010   Code   RO         1773    i.PVU_CheckStatus   hal_iwdg.o
    0x080011ac   0x080011ac   0x00000020   Code   RO         1947    i.RCC_AHBPeriphClockCmd  hal_rcc.o
    0x080011cc   0x080011cc   0x00000020   Code   RO         1949    i.RCC_APB1PeriphClockCmd  hal_rcc.o
    0x080011ec   0x080011ec   0x00000038   Code   RO         1956    i.RCC_GetFlagStatus  hal_rcc.o
    0x08001224   0x08001224   0x00000020   Code   RO         1957    i.RCC_GetHCLKFreq   hal_rcc.o
    0x08001244   0x08001244   0x00000024   Code   RO         1959    i.RCC_GetPCLK1Freq  hal_rcc.o
    0x08001268   0x08001268   0x00000038   Code   RO         1961    i.RCC_GetSysClockFreq  hal_rcc.o
    0x080012a0   0x080012a0   0x00000014   Code   RO         1966    i.RCC_LSICmd        hal_rcc.o
    0x080012b4   0x080012b4   0x00000010   Code   RO         1774    i.RVU_CheckStatus   hal_iwdg.o
    0x080012c4   0x080012c4   0x0000001c   Code   RO          614    i.Send_Data_To_UART0  uart.o
    0x080012e0   0x080012e0   0x00000068   Code   RO          757    i.SensorRealTimeDataHandle  standardsensormodule.o
    0x08001348   0x08001348   0x00000008   Code   RO            3    i.SetSysClock       system_mm32f0010.o
    0x08001350   0x08001350   0x000000b0   Code   RO            4    i.SetSysClockTo48_HSI  system_mm32f0010.o
    0x08001400   0x08001400   0x00000052   Code   RO          758    i.SetVSBaselineToEE  standardsensormodule.o
    0x08001452   0x08001452   0x00000024   Code   RO          759    i.StandardSensorModuleInit  standardsensormodule.o
    0x08001476   0x08001476   0x00000008   Code   RO          510    i.SysTick_Handler   delay.o
    0x0800147e   0x0800147e   0x00000002   PAD
    0x08001480   0x08001480   0x000000a8   Code   RO          666    i.Sys_Init          main.o
    0x08001528   0x08001528   0x0000004c   Code   RO            5    i.SystemInit        system_mm32f0010.o
    0x08001574   0x08001574   0x0000009c   Code   RO          308    i.TIM14_IRQHandler  bsp_tim.o
    0x08001610   0x08001610   0x00000018   Code   RO         2307    i.TIM_ARRPreloadConfig  hal_tim.o
    0x08001628   0x08001628   0x00000008   Code   RO         2313    i.TIM_ClearFlag     hal_tim.o
    0x08001630   0x08001630   0x00000008   Code   RO         2314    i.TIM_ClearITPendingBit  hal_tim.o
    0x08001638   0x08001638   0x00000018   Code   RO         2319    i.TIM_Cmd           hal_tim.o
    0x08001650   0x08001650   0x0000001a   Code   RO         2338    i.TIM_GetITStatus   hal_tim.o
    0x0800166a   0x0800166a   0x00000014   Code   RO         2342    i.TIM_ITConfig      hal_tim.o
    0x0800167e   0x0800167e   0x00000002   PAD
    0x08001680   0x08001680   0x00000050   Code   RO         2387    i.TIM_TimeBaseInit  hal_tim.o
    0x080016d0   0x080016d0   0x00000012   Code   RO         2388    i.TIM_TimeBaseStructInit  hal_tim.o
    0x080016e2   0x080016e2   0x00000002   PAD
    0x080016e4   0x080016e4   0x00000080   Code   RO          309    i.Tim14_Init        bsp_tim.o
    0x08001764   0x08001764   0x00000018   Code   RO          511    i.TimingDelayDecrement  delay.o
    0x0800177c   0x0800177c   0x00000048   Code   RO          615    i.UART1_IRQHandler  uart.o
    0x080017c4   0x080017c4   0x0000000c   Code   RO         2870    i.UART_Cmd          hal_uart.o
    0x080017d0   0x080017d0   0x00000012   Code   RO         2874    i.UART_GetITStatus  hal_uart.o
    0x080017e2   0x080017e2   0x00000014   Code   RO         2876    i.UART_ITConfig     hal_uart.o
    0x080017f6   0x080017f6   0x00000066   Code   RO         2877    i.UART_Init         hal_uart.o
    0x0800185c   0x0800185c   0x00000008   Code   RO         2878    i.UART_ReceiveData  hal_uart.o
    0x08001864   0x08001864   0x0000001a   Code   RO         2890    i.UART_StructInit   hal_uart.o
    0x0800187e   0x0800187e   0x00000002   PAD
    0x08001880   0x08001880   0x000000b4   Code   RO          616    i.Uart_Init         uart.o
    0x08001934   0x08001934   0x00000048   Code   RO          449    i.Write_Iwdg_ON     wwdg.o
    0x0800197c   0x0800197c   0x0000002e   Code   RO         3288    i.__ARM_clz         mf_p.l(depilogue.o)
    0x080019aa   0x080019aa   0x00000002   PAD
    0x080019ac   0x080019ac   0x00000078   Code   RO          512    i.__NVIC_SetPriority  delay.o
    0x08001a24   0x08001a24   0x000000ac   Code   RO         3251    i.__kernel_poly     m_ps.l(poly.o)
    0x08001ad0   0x08001ad0   0x00000014   Code   RO         3237    i.__mathlib_dbl_divzero  m_ps.l(dunder.o)
    0x08001ae4   0x08001ae4   0x0000000a   Code   RO         3238    i.__mathlib_dbl_infnan  m_ps.l(dunder.o)
    0x08001aee   0x08001aee   0x00000010   Code   RO         3240    i.__mathlib_dbl_invalid  m_ps.l(dunder.o)
    0x08001afe   0x08001afe   0x0000000e   Code   RO         3300    i.__scatterload_copy  mc_p.l(handlers.o)
    0x08001b0c   0x08001b0c   0x00000002   Code   RO         3301    i.__scatterload_null  mc_p.l(handlers.o)
    0x08001b0e   0x08001b0e   0x0000000e   Code   RO         3302    i.__scatterload_zeroinit  mc_p.l(handlers.o)
    0x08001b1c   0x08001b1c   0x0000000c   Code   RO         3278    i.__set_errno       mc_p.l(errno.o)
    0x08001b28   0x08001b28   0x00000304   Code   RO         1257    i.adc_task          adc.o
    0x08001e2c   0x08001e2c   0x000000c8   Code   RO          761    i.calculationTask   standardsensormodule.o
    0x08001ef4   0x08001ef4   0x0000001a   Code   RO          762    i.dataXorCRC        standardsensormodule.o
    0x08001f0e   0x08001f0e   0x00000002   PAD
    0x08001f10   0x08001f10   0x00000068   Code   RO         1840    i.exNVIC_Init       hal_misc.o
    0x08001f78   0x08001f78   0x00000024   Code   RO          763    i.getCrcResult      standardsensormodule.o
    0x08001f9c   0x08001f9c   0x000002e8   Code   RO          764    i.getRS_Degree      standardsensormodule.o
    0x08002284   0x08002284   0x00000038   Code   RO          765    i.haierBusDataInit  standardsensormodule.o
    0x080022bc   0x080022bc   0x00000068   Code   RO          417    i.ldo_task          ldo.o
    0x08002324   0x08002324   0x000000f8   Code   RO          122    i.led_sys_task      led.o
    0x0800241c   0x0800241c   0x00000118   Code   RO          766    i.lincProcessHaierDat  standardsensormodule.o
    0x08002534   0x08002534   0x00000354   Code   RO         3187    i.log               m_ps.l(log.o)
    0x08002888   0x08002888   0x000000fc   Code   RO          667    i.main              main.o
    0x08002984   0x08002984   0x0000009c   Code   RO          768    i.packetHaierBusData  standardsensormodule.o
    0x08002a20   0x08002a20   0x000000c8   Code   RO          769    i.packetHmnstUartData  standardsensormodule.o
    0x08002ae8   0x08002ae8   0x00000014   Code   RO          770    i.paramDataInit     standardsensormodule.o
    0x08002afc   0x08002afc   0x00000074   Code   RO          771    i.processO3Mode     standardsensormodule.o
    0x08002b70   0x08002b70   0x00000094   Code   RO          713    i.receive_data_task  module.o
    0x08002c04   0x08002c04   0x00000064   Code   RO          772    i.send_data_task    standardsensormodule.o
    0x08002c68   0x08002c68   0x0000008c   Code   RO          773    i.sensorAutoMode    standardsensormodule.o
    0x08002cf4   0x08002cf4   0x0000002a   Code   RO          774    i.show_time_vs0_update  standardsensormodule.o
    0x08002d1e   0x08002d1e   0x00000002   PAD
    0x08002d20   0x08002d20   0x0000004c   Code   RO          311    i.sys_timer_task    bsp_tim.o
    0x08002d6c   0x08002d6c   0x0000001a   Code   RO          775    i.uartDataSend      standardsensormodule.o
    0x08002d86   0x08002d86   0x00000002   PAD
    0x08002d88   0x08002d88   0x0000002c   Code   RO          776    i.updateVsData      standardsensormodule.o
    0x08002db4   0x08002db4   0x00000278   Code   RO          777    i.update_VS0        standardsensormodule.o
    0x0800302c   0x0800302c   0x0000023c   Code   RO          714    i.vol_res_task      module.o
    0x08003268   0x08003268   0x0000003c   Code   RO          452    i.wwdg_task         wwdg.o
    0x080032a4   0x080032a4   0x00000100   Data   RO          779    .constdata          standardsensormodule.o
    0x080033a4   0x080033a4   0x00000004   PAD
    0x080033a8   0x080033a8   0x00000038   Data   RO         3188    .constdata          m_ps.l(log.o)
    0x080033e0   0x080033e0   0x00000008   Data   RO         3253    .constdata          m_ps.l(qnan.o)
    0x080033e8   0x080033e8   0x00000020   Data   RO         3298    Region$$Table       anon$$obj.o


    Execution Region RW_IRAM1 (Exec base: 0x20000000, Load base: 0x08003408, Size: 0x000007f0, Max: 0x00000800, ABSOLUTE)

    Exec Addr    Load Addr    Size         Type   Attr      Idx    E Section Name        Object

    0x20000000   0x08003408   0x00000014   Data   RW            6    .data               system_mm32f0010.o
    0x20000014   0x0800341c   0x00000002   Data   RW          123    .data               led.o
    0x20000016   0x0800341e   0x00000001   Data   RW          312    .data               bsp_tim.o
    0x20000017   0x0800341f   0x00000002   Data   RW          418    .data               ldo.o
    0x20000019   0x08003421   0x00000001   Data   RW          453    .data               wwdg.o
    0x2000001a   0x08003422   0x00000002   PAD
    0x2000001c   0x08003424   0x00000008   Data   RW          513    .data               delay.o
    0x20000024   0x0800342c   0x00000002   Data   RW          620    .data               uart.o
    0x20000026   0x0800342e   0x00000002   PAD
    0x20000028   0x08003430   0x00000004   Data   RW          669    .data               main.o
    0x2000002c   0x08003434   0x00000003   Data   RW          715    .data               module.o
    0x2000002f   0x08003437   0x00000001   PAD
    0x20000030   0x08003438   0x0000006c   Data   RW          780    .data               standardsensormodule.o
    0x2000009c   0x080034a4   0x00000002   Data   RW         1259    .data               adc.o
    0x2000009e   0x080034a6   0x00000010   Data   RW         1977    .data               hal_rcc.o
    0x200000ae   0x080034b6   0x00000002   PAD
    0x200000b0   0x080034b8   0x00000004   Data   RW         3279    .data               mc_p.l(errno.o)
    0x200000b4        -       0x000000c8   Zero   RW          619    .bss                uart.o
    0x2000017c   0x080034bc   0x00000004   PAD
    0x20000180        -       0x0000009c   Zero   RW          668    .bss                main.o
    0x2000021c        -       0x0000009e   Zero   RW          778    .bss                standardsensormodule.o
    0x200002ba   0x080034bc   0x00000002   PAD
    0x200002bc        -       0x00000230   Zero   RW         1258    .bss                adc.o
    0x200004ec   0x080034bc   0x00000004   PAD
    0x200004f0        -       0x00000300   Zero   RW          112    STACK               startup_mm32f0010_keil.o


==============================================================================

Image component sizes


      Code (inc. data)   RO Data    RW Data    ZI Data      Debug   Object Name

      1122         72          0          2        560       4066   adc.o
       360         36          0          1          0       1825   bsp_tim.o
       272         36          0          8          0      10160   delay.o
       274         10          0          0          0       8052   hal_adc.o
       240         42          0          0          0       6401   hal_flash.o
       218          0          0          0          0       5581   hal_gpio.o
       140         38          0          0          0       4243   hal_iwdg.o
       104          4          0          0          0       2094   hal_misc.o
       264         52          0         16          0       6431   hal_rcc.o
       208         10          0          0          0      10302   hal_tim.o
       186          0          0          0          0       5727   hal_uart.o
       164         16          0          2          0       1863   ldo.o
       304         12          0          2          0      26052   led.o
       420         24          0          4        156       6714   main.o
       720        100          0          3          0       1853   module.o
       428         16          0          0          0       5053   sim_eeprom.o
      3136        242        256        108        158      15864   standardsensormodule.o
        96         38        180          0        768        900   startup_mm32f0010_keil.o
       260         46          0         20          0      75129   system_mm32f0010.o
       280         28          0          2        200       2431   uart.o
       132         14          0          1          0       1192   wwdg.o

    ----------------------------------------------------------------------
      9348        836        472        176       1852     201933   Object Totals
         0          0         32          0          0          0   (incl. Generated)
        20          0          4          7         10          0   (incl. Padding)

    ----------------------------------------------------------------------

      Code (inc. data)   RO Data    RW Data    ZI Data      Debug   Library Member Name

        46          4          0          0          0        204   dunder.o
       852         62         56          0          0        136   log.o
       172          0          0          0          0         76   poly.o
         0          0          8          0          0          0   qnan.o
         0          0          0          0          0          0   entry.o
         0          0          0          0          0          0   entry10a.o
         0          0          0          0          0          0   entry11a.o
         4          0          0          0          0          0   entry12b.o
         8          4          0          0          0          0   entry2.o
         4          0          0          0          0          0   entry5.o
         0          0          0          0          0          0   entry7b.o
         0          0          0          0          0          0   entry8b.o
         8          4          0          0          0          0   entry9a.o
        12          6          0          4          0         60   errno.o
        30          0          0          0          0          0   handlers.o
        40          0          0          0          0         72   idiv.o
        36          8          0          0          0         68   init.o
         0          0          0          0          0          0   iusefp.o
        32          0          0          0          0         68   llshl.o
        38          0          0          0          0         68   llsshr.o
        34          0          0          0          0         68   llushr.o
        36          0          0          0          0         60   memcpya.o
        36          0          0          0          0        100   memseta.o
        44          0          0          0          0         72   uidiv.o
        40          2          0          0          0         68   cdcmple.o
        20          0          0          0          0         68   cfcmple.o
        20          0          0          0          0         68   cfrcmple.o
        56          0          0          0          0         68   d2f.o
       360          6          0          0          0        140   dadd.o
       240          6          0          0          0         84   ddiv.o
       236          0          0          0          0        216   depilogue.o
        60         10          0          0          0         68   dfixui.o
        40          6          0          0          0         68   dflti.o
        28          4          0          0          0         68   dfltui.o
       208          6          0          0          0         88   dmul.o
        44          0          0          0          0         72   dscalb.o
        40          0          0          0          0         60   f2d.o
       178          0          0          0          0        108   fadd.o
       124          0          0          0          0         72   fdiv.o
       130          0          0          0          0        144   fepilogue.o
        40          0          0          0          0         60   ffixui.o
        14          0          0          0          0         68   ffltui.o
       122          0          0          0          0         72   fmul.o

    ----------------------------------------------------------------------
      3436        128         64          4          0       2712   Library Totals
         4          0          0          0          0          0   (incl. Padding)

    ----------------------------------------------------------------------

      Code (inc. data)   RO Data    RW Data    ZI Data      Debug   Library Name

      1070         66         64          0          0        416   m_ps.l
       362         22          0          4          0        636   mc_p.l
      2000         40          0          0          0       1660   mf_p.l

    ----------------------------------------------------------------------
      3436        128         64          4          0       2712   Library Totals

    ----------------------------------------------------------------------

==============================================================================


      Code (inc. data)   RO Data    RW Data    ZI Data      Debug   

     12784        964        536        180       1852     198877   Grand Totals
     12784        964        536        180       1852     198877   ELF Image Totals
     12784        964        536        180          0          0   ROM Totals

==============================================================================

    Total RO  Size (Code + RO Data)                13320 (  13.01kB)
    Total RW  Size (RW Data + ZI Data)              2032 (   1.98kB)
    Total ROM Size (Code + RO Data + RW Data)      13500 (  13.18kB)

==============================================================================

