<html>
<body>
<pre>
<h1>µVision Build Log</h1>
<h2>Tool Versions:</h2>
IDE-Version: ¦ÌVision V5.38.0.0
Copyright (C) 2022 ARM Ltd and ARM Germany GmbH. All rights reserved.
License Information: Jyen Zhow, Jyen, LIC=HN0AE-55GQN-WFSI7-EVNAP-RK7DN-KMBAW
 
Tool Versions:
Toolchain:       MDK-ARM Plus  Version: 5.38.0.0
Toolchain Path:  H:\AYY\Keil\ARM\ARMCC\Bin
C Compiler:      Armcc.exe V5.06 update 7 (build 960)
Assembler:       Armasm.exe V5.06 update 7 (build 960)
Linker/Locator:  ArmLink.exe V5.06 update 7 (build 960)
Library Manager: ArmAr.exe V5.06 update 7 (build 960)
Hex Converter:   FromElf.exe V5.06 update 7 (build 960)
CPU DLL:         SARMCM3.DLL V5.38.0.0
Dialog DLL:      DARMCM1.DLL V1.19.6.0
Target DLL:      CMSIS_AGDI.dll V1.33.15.0
Dialog DLL:      TARMCM1.DLL V1.14.6.0
 
<h2>Project:</h2>
H:\AYY\Keil\Packs\Jyen\JQStart\23.4.14\LIB\HAL\MM32\code\code\project\KEIL_PRJ\TEST.uvprojx
Project File Date:  01/11/2024

<h2>Output:</h2>
*** Using Compiler 'V5.06 update 7 (build 960)', folder: 'H:\AYY\Keil\ARM\ARMCC\Bin'
Build target 'MM32Series'
assembling startup_mm32f0010_keil.s...
compiling system_mm32f0010.c...
compiling led.c...
compiling bsp_tim.c...
compiling sim_eeprom.c...
compiling ldo.c...
compiling wwdg.c...
compiling delay.c...
compiling bsp_io.c...
compiling sys.c...
compiling uart.c...
compiling main.c...
compiling module.c...
compiling hal_crc.c...
compiling hal_adc.c...
compiling hal_dbg.c...
compiling StandardSensorModule.c...
compiling hal_exti.c...
compiling hal_flash.c...
compiling hal_gpio.c...
compiling adc.c...
compiling hal_iwdg.c...
compiling hal_i2c.c...
compiling hal_misc.c...
compiling hal_pwr.c...
compiling hal_uart.c...
compiling hal_spi.c...
compiling hal_rcc.c...
compiling hal_tim.c...
compiling hal_uid.c...
compiling hal_ver.c...
compiling hal_wwdg.c...
linking...
Program Size: Code=13720 RO-data=536 RW-data=188 ZI-data=1852  
FromELF: creating hex file...
".\OBJ\HAIER_V1_MM20220516.axf" - 0 Error(s), 0 Warning(s).

<h2>Software Packages used:</h2>

Package Vendor: MindMotion
                http://www.mindmotion.com.cn/Download/MDK_KEIL/MindMotion.MM32F0010_DFP.1.0.6.pack
                MindMotion.MM32F0010_DFP.1.0.6
                MindMotion Cortex-Mx Series Device Family Pack

<h2>Collection of Component include folders:</h2>
  H:/AYY/Keil/Packs/MindMotion/MM32F0010_DFP/1.0.6/Device/MM32F0010/Include

<h2>Collection of Component Files used:</h2>
Build Time Elapsed:  00:00:05
</pre>
</body>
</html>
