Component: ARM Compiler 5.06 update 7 (build 960) Tool: armlink [4d3601]

==============================================================================

Section Cross References

    startup_stm32f103xe.o(STACK) refers (Special) to heapauxi.o(.text) for __use_two_region_memory
    startup_stm32f103xe.o(HEAP) refers (Special) to heapauxi.o(.text) for __use_two_region_memory
    startup_stm32f103xe.o(RESET) refers (Special) to heapauxi.o(.text) for __use_two_region_memory
    startup_stm32f103xe.o(RESET) refers to startup_stm32f103xe.o(STACK) for __initial_sp
    startup_stm32f103xe.o(RESET) refers to startup_stm32f103xe.o(.text) for Reset_Handler
    startup_stm32f103xe.o(RESET) refers to stm32f1xx_it.o(i.NMI_Handler) for NMI_Handler
    startup_stm32f103xe.o(RESET) refers to stm32f1xx_it.o(i.HardFault_Handler) for HardFault_Handler
    startup_stm32f103xe.o(RESET) refers to stm32f1xx_it.o(i.MemManage_Handler) for MemManage_Handler
    startup_stm32f103xe.o(RESET) refers to stm32f1xx_it.o(i.BusFault_Handler) for BusFault_Handler
    startup_stm32f103xe.o(RESET) refers to stm32f1xx_it.o(i.UsageFault_Handler) for UsageFault_Handler
    startup_stm32f103xe.o(RESET) refers to stm32f1xx_it.o(i.SVC_Handler) for SVC_Handler
    startup_stm32f103xe.o(RESET) refers to stm32f1xx_it.o(i.DebugMon_Handler) for DebugMon_Handler
    startup_stm32f103xe.o(RESET) refers to stm32f1xx_it.o(i.PendSV_Handler) for PendSV_Handler
    startup_stm32f103xe.o(RESET) refers to stm32f1xx_it.o(i.SysTick_Handler) for SysTick_Handler
    startup_stm32f103xe.o(RESET) refers to jqstart.o(i.WWDG_IRQHandler) for WWDG_IRQHandler
    startup_stm32f103xe.o(RESET) refers to stm32f1xx_it.o(i.DMA1_Channel1_IRQHandler) for DMA1_Channel1_IRQHandler
    startup_stm32f103xe.o(RESET) refers to stm32f1xx_it.o(i.DMA1_Channel6_IRQHandler) for DMA1_Channel6_IRQHandler
    startup_stm32f103xe.o(RESET) refers to stm32f1xx_it.o(i.USART2_IRQHandler) for USART2_IRQHandler
    startup_stm32f103xe.o(.text) refers (Special) to heapauxi.o(.text) for __use_two_region_memory
    startup_stm32f103xe.o(.text) refers to system_stm32f1xx.o(i.SystemInit) for SystemInit
    startup_stm32f103xe.o(.text) refers to __main.o(!!!main) for __main
    startup_stm32f103xe.o(.text) refers to startup_stm32f103xe.o(HEAP) for Heap_Mem
    startup_stm32f103xe.o(.text) refers to startup_stm32f103xe.o(STACK) for Stack_Mem
    main.o(i.MX_ADC1_Init) refers to stm32f1xx_hal_adc.o(i.HAL_ADC_Init) for HAL_ADC_Init
    main.o(i.MX_ADC1_Init) refers to main.o(i.Error_Handler) for Error_Handler
    main.o(i.MX_ADC1_Init) refers to stm32f1xx_hal_adc.o(i.HAL_ADC_ConfigChannel) for HAL_ADC_ConfigChannel
    main.o(i.MX_ADC1_Init) refers to main.o(.bss) for hadc1
    main.o(i.MX_DMA_Init) refers to stm32f1xx_hal_cortex.o(i.HAL_NVIC_SetPriority) for HAL_NVIC_SetPriority
    main.o(i.MX_DMA_Init) refers to stm32f1xx_hal_cortex.o(i.HAL_NVIC_EnableIRQ) for HAL_NVIC_EnableIRQ
    main.o(i.MX_GPIO_Init) refers to stm32f1xx_hal_gpio.o(i.HAL_GPIO_WritePin) for HAL_GPIO_WritePin
    main.o(i.MX_GPIO_Init) refers to stm32f1xx_hal_gpio.o(i.HAL_GPIO_Init) for HAL_GPIO_Init
    main.o(i.MX_USART2_UART_Init) refers to stm32f1xx_hal_uart.o(i.HAL_UART_Init) for HAL_UART_Init
    main.o(i.MX_USART2_UART_Init) refers to main.o(i.Error_Handler) for Error_Handler
    main.o(i.MX_USART2_UART_Init) refers to main.o(.bss) for huart2
    main.o(i.SystemClock_Config) refers to rt_memclr_w.o(.text) for __aeabi_memclr4
    main.o(i.SystemClock_Config) refers to stm32f1xx_hal_rcc.o(i.HAL_RCC_OscConfig) for HAL_RCC_OscConfig
    main.o(i.SystemClock_Config) refers to main.o(i.Error_Handler) for Error_Handler
    main.o(i.SystemClock_Config) refers to stm32f1xx_hal_rcc.o(i.HAL_RCC_ClockConfig) for HAL_RCC_ClockConfig
    main.o(i.SystemClock_Config) refers to stm32f1xx_hal_rcc_ex.o(i.HAL_RCCEx_PeriphCLKConfig) for HAL_RCCEx_PeriphCLKConfig
    main.o(i.main) refers to stm32f1xx_hal.o(i.HAL_Init) for HAL_Init
    main.o(i.main) refers to main.o(i.SystemClock_Config) for SystemClock_Config
    main.o(i.main) refers to main.o(i.MX_GPIO_Init) for MX_GPIO_Init
    main.o(i.main) refers to main.o(i.MX_DMA_Init) for MX_DMA_Init
    main.o(i.main) refers to main.o(i.MX_USART2_UART_Init) for MX_USART2_UART_Init
    main.o(i.main) refers to main.o(i.MX_ADC1_Init) for MX_ADC1_Init
    main.o(i.main) refers to system.o(i.jSystemRun) for jSystemRun
    stm32f1xx_it.o(i.DMA1_Channel1_IRQHandler) refers to stm32f1xx_hal_dma.o(i.HAL_DMA_IRQHandler) for HAL_DMA_IRQHandler
    stm32f1xx_it.o(i.DMA1_Channel1_IRQHandler) refers to main.o(.bss) for hdma_adc1
    stm32f1xx_it.o(i.DMA1_Channel6_IRQHandler) refers to stm32f1xx_hal_dma.o(i.HAL_DMA_IRQHandler) for HAL_DMA_IRQHandler
    stm32f1xx_it.o(i.DMA1_Channel6_IRQHandler) refers to main.o(.bss) for hdma_usart2_rx
    stm32f1xx_it.o(i.HardFault_Handler) refers to jqstart.o(i.JHAL_HardFault_Handler) for JHAL_HardFault_Handler
[...]
    __rt_lib_init_cpp_2                      0x080001db   Thumb Code     0  libinit2.o(.ARM.Collect$$libinit$$00000031)
    __rt_lib_init_exceptions_1               0x080001db   Thumb Code     0  libinit2.o(.ARM.Collect$$libinit$$00000030)
    __rt_lib_init_fp_trap_1                  0x080001db   Thumb Code     0  libinit2.o(.ARM.Collect$$libinit$$0000001F)
    __rt_lib_init_getenv_1                   0x080001db   Thumb Code     0  libinit2.o(.ARM.Collect$$libinit$$00000023)
    __rt_lib_init_lc_numeric_1               0x080001db   Thumb Code     0  libinit2.o(.ARM.Collect$$libinit$$00000017)
    __rt_lib_init_lc_time_1                  0x080001db   Thumb Code     0  libinit2.o(.ARM.Collect$$libinit$$00000019)
    __rt_lib_init_signal_1                   0x080001db   Thumb Code     0  libinit2.o(.ARM.Collect$$libinit$$0000001D)
    __rt_lib_init_stdio_1                    0x080001db   Thumb Code     0  libinit2.o(.ARM.Collect$$libinit$$00000025)
    __rt_lib_init_cpp_1                      0x080001df   Thumb Code     0  libinit2.o(.ARM.Collect$$libinit$$00000032)
    __rt_lib_init_return                     0x080001df   Thumb Code     0  libinit2.o(.ARM.Collect$$libinit$$00000033)
    __rt_lib_shutdown                        0x080001e1   Thumb Code     0  libshutdown.o(.ARM.Collect$$libshutdown$$00000000)
    __rt_lib_shutdown_cpp_1                  0x080001e3   Thumb Code     0  libshutdown2.o(.ARM.Collect$$libshutdown$$00000004)
    __rt_lib_shutdown_fini_1                 0x080001e3   Thumb Code     0  libshutdown2.o(.ARM.Collect$$libshutdown$$00000002)
    __rt_lib_shutdown_fp_trap_1              0x080001e3   Thumb Code     0  libshutdown2.o(.ARM.Collect$$libshutdown$$00000009)
    __rt_lib_shutdown_heap_1                 0x080001e3   Thumb Code     0  libshutdown2.o(.ARM.Collect$$libshutdown$$00000011)
    __rt_lib_shutdown_return                 0x080001e3   Thumb Code     0  libshutdown2.o(.ARM.Collect$$libshutdown$$00000012)
    __rt_lib_shutdown_signal_1               0x080001e3   Thumb Code     0  libshutdown2.o(.ARM.Collect$$libshutdown$$0000000C)
    __rt_lib_shutdown_stdio_1                0x080001e3   Thumb Code     0  libshutdown2.o(.ARM.Collect$$libshutdown$$00000006)
    __rt_lib_shutdown_user_alloc_1           0x080001e3   Thumb Code     0  libshutdown2.o(.ARM.Collect$$libshutdown$$0000000E)
    __rt_entry                               0x080001e5   Thumb Code     0  __rtentry.o(.ARM.Collect$$rtentry$$00000000)
    __rt_entry_presh_1                       0x080001e5   Thumb Code     0  __rtentry2.o(.ARM.Collect$$rtentry$$00000002)
    __rt_entry_sh                            0x080001e5   Thumb Code     0  __rtentry4.o(.ARM.Collect$$rtentry$$00000004)
    __rt_entry_li                            0x080001eb   Thumb Code     0  __rtentry2.o(.ARM.Collect$$rtentry$$0000000A)
    __rt_entry_postsh_1                      0x080001eb   Thumb Code     0  __rtentry2.o(.ARM.Collect$$rtentry$$00000009)
    __rt_entry_main                          0x080001ef   Thumb Code     0  __rtentry2.o(.ARM.Collect$$rtentry$$0000000D)
    __rt_entry_postli_1                      0x080001ef   Thumb Code     0  __rtentry2.o(.ARM.Collect$$rtentry$$0000000C)
    __rt_exit                                0x080001f7   Thumb Code     0  rtexit.o(.ARM.Collect$$rtexit$$00000000)
    __rt_exit_ls                             0x080001f9   Thumb Code     0  rtexit2.o(.ARM.Collect$$rtexit$$00000003)
    __rt_exit_prels_1                        0x080001f9   Thumb Code     0  rtexit2.o(.ARM.Collect$$rtexit$$00000002)
    __rt_exit_exit                           0x080001fd   Thumb Code     0  rtexit2.o(.ARM.Collect$$rtexit$$00000004)
    Reset_Handler                            0x08000205   Thumb Code     8  startup_stm32f103xe.o(.text)
    _maybe_terminate_alloc                   0x08000205   Thumb Code     0  maybetermalloc1.o(.emb_text)
    ADC1_2_IRQHandler                        0x0800021f   Thumb Code     0  startup_stm32f103xe.o(.text)
    ADC3_IRQHandler                          0x0800021f   Thumb Code     0  startup_stm32f103xe.o(.text)
    CAN1_RX1_IRQHandler                      0x0800021f   Thumb Code     0  startup_stm32f103xe.o(.text)
    CAN1_SCE_IRQHandler                      0x0800021f   Thumb Code     0  startup_stm32f103xe.o(.text)
    DMA1_Channel2_IRQHandler                 0x0800021f   Thumb Code     0  startup_stm32f103xe.o(.text)
    DMA1_Channel3_IRQHandler                 0x0800021f   Thumb Code     0  startup_stm32f103xe.o(.text)
    DMA1_Channel4_IRQHandler                 0x0800021f   Thumb Code     0  startup_stm32f103xe.o(.text)
    DMA1_Channel5_IRQHandler                 0x0800021f   Thumb Code     0  startup_stm32f103xe.o(.text)
    DMA1_Channel7_IRQHandler                 0x0800021f   Thumb Code     0  startup_stm32f103xe.o(.text)
    DMA2_Channel1_IRQHandler                 0x0800021f   Thumb Code     0  startup_stm32f103xe.o(.text)
    DMA2_Channel2_IRQHandler                 0x0800021f   Thumb Code     0  startup_stm32f103xe.o(.text)
    DMA2_Channel3_IRQHandler                 0x0800021f   Thumb Code     0  startup_stm32f103xe.o(.text)
    DMA2_Channel4_5_IRQHandler               0x0800021f   Thumb Code     0  startup_stm32f103xe.o(.text)
    EXTI0_IRQHandler                         0x0800021f   Thumb Code     0  startup_stm32f103xe.o(.text)
    EXTI15_10_IRQHandler                     0x0800021f   Thumb Code     0  startup_stm32f103xe.o(.text)
    EXTI1_IRQHandler                         0x0800021f   Thumb Code     0  startup_stm32f103xe.o(.text)
    EXTI2_IRQHandler                         0x0800021f   Thumb Code     0  startup_stm32f103xe.o(.text)
    EXTI3_IRQHandler                         0x0800021f   Thumb Code     0  startup_stm32f103xe.o(.text)
    EXTI4_IRQHandler                         0x0800021f   Thumb Code     0  startup_stm32f103xe.o(.text)
    EXTI9_5_IRQHandler                       0x0800021f   Thumb Code     0  startup_stm32f103xe.o(.text)
    FLASH_IRQHandler                         0x0800021f   Thumb Code     0  startup_stm32f103xe.o(.text)
    FSMC_IRQHandler                          0x0800021f   Thumb Code     0  startup_stm32f103xe.o(.text)
    I2C1_ER_IRQHandler                       0x0800021f   Thumb Code     0  startup_stm32f103xe.o(.text)
    I2C1_EV_IRQHandler                       0x0800021f   Thumb Code     0  startup_stm32f103xe.o(.text)
    I2C2_ER_IRQHandler                       0x0800021f   Thumb Code     0  startup_stm32f103xe.o(.text)
    I2C2_EV_IRQHandler                       0x0800021f   Thumb Code     0  startup_stm32f103xe.o(.text)
    PVD_IRQHandler                           0x0800021f   Thumb Code     0  startup_stm32f103xe.o(.text)
    RCC_IRQHandler                           0x0800021f   Thumb Code     0  startup_stm32f103xe.o(.text)
    RTC_Alarm_IRQHandler                     0x0800021f   Thumb Code     0  startup_stm32f103xe.o(.text)
    RTC_IRQHandler                           0x0800021f   Thumb Code     0  startup_stm32f103xe.o(.text)
    SDIO_IRQHandler                          0x0800021f   Thumb Code     0  startup_stm32f103xe.o(.text)
    SPI1_IRQHandler                          0x0800021f   Thumb Code     0  startup_stm32f103xe.o(.text)
    SPI2_IRQHandler                          0x0800021f   Thumb Code     0  startup_stm32f103xe.o(.text)
    SPI3_IRQHandler                          0x0800021f   Thumb Code     0  startup_stm32f103xe.o(.text)
    TAMPER_IRQHandler                        0x0800021f   Thumb Code     0  startup_stm32f103xe.o(.text)
    TIM1_BRK_IRQHandler                      0x0800021f   Thumb Code     0  startup_stm32f103xe.o(.text)
    TIM1_CC_IRQHandler                       0x0800021f   Thumb Code     0  startup_stm32f103xe.o(.text)
    TIM1_TRG_COM_IRQHandler                  0x0800021f   Thumb Code     0  startup_stm32f103xe.o(.text)
    TIM1_UP_IRQHandler                       0x0800021f   Thumb Code     0  startup_stm32f103xe.o(.text)
    TIM2_IRQHandler                          0x0800021f   Thumb Code     0  startup_stm32f103xe.o(.text)
    TIM3_IRQHandler                          0x0800021f   Thumb Code     0  startup_stm32f103xe.o(.text)
    TIM4_IRQHandler                          0x0800021f   Thumb Code     0  startup_stm32f103xe.o(.text)
    TIM5_IRQHandler                          0x0800021f   Thumb Code     0  startup_stm32f103xe.o(.text)
    TIM6_IRQHandler                          0x0800021f   Thumb Code     0  startup_stm32f103xe.o(.text)
    TIM7_IRQHandler                          0x0800021f   Thumb Code     0  startup_stm32f103xe.o(.text)
    TIM8_BRK_IRQHandler                      0x0800021f   Thumb Code     0  startup_stm32f103xe.o(.text)
    TIM8_CC_IRQHandler                       0x0800021f   Thumb Code     0  startup_stm32f103xe.o(.text)
    TIM8_TRG_COM_IRQHandler                  0x0800021f   Thumb Code     0  startup_stm32f103xe.o(.text)
    TIM8_UP_IRQHandler                       0x0800021f   Thumb Code     0  startup_stm32f103xe.o(.text)
    UART4_IRQHandler                         0x0800021f   Thumb Code     0  startup_stm32f103xe.o(.text)
    UART5_IRQHandler                         0x0800021f   Thumb Code     0  startup_stm32f103xe.o(.text)
    USART1_IRQHandler                        0x0800021f   Thumb Code     0  startup_stm32f103xe.o(.text)
    USART3_IRQHandler                        0x0800021f   Thumb Code     0  startup_stm32f103xe.o(.text)
    USBWakeUp_IRQHandler                     0x0800021f   Thumb Code     0  startup_stm32f103xe.o(.text)
    USB_HP_CAN1_TX_IRQHandler                0x0800021f   Thumb Code     0  startup_stm32f103xe.o(.text)
    USB_LP_CAN1_RX0_IRQHandler               0x0800021f   Thumb Code     0  startup_stm32f103xe.o(.text)
    __user_initial_stackheap                 0x08000221   Thumb Code     0  startup_stm32f103xe.o(.text)
    malloc                                   0x08000245   Thumb Code    94  h1_alloc.o(.text)
    free                                     0x080002a3   Thumb Code    78  h1_free.o(.text)
    __aeabi_llsr                             0x080002f1   Thumb Code     0  llushr.o(.text)
    _ll_ushift_r                             0x080002f1   Thumb Code    38  llushr.o(.text)
    __2sprintf                               0x08000319   Thumb Code    34  noretval__2sprintf.o(.text)
    __2snprintf                              0x08000341   Thumb Code    48  noretval__2snprintf.o(.text)
    _printf_str                              0x08000375   Thumb Code    82  _printf_str.o(.text)
    _printf_int_dec                          0x080003c9   Thumb Code   104  _printf_dec.o(.text)
    _printf_int_hex                          0x08000441   Thumb Code    84  _printf_hex_int.o(.text)
    _printf_longlong_hex                     0x08000441   Thumb Code     0  _printf_hex_int.o(.text)
    __printf                                 0x08000499   Thumb Code   270  __printf_wp.o(.text)
    qsort                                    0x08000785   Thumb Code   134  qsortnoex.o(.text)
    strlen                                   0x0800080b   Thumb Code    62  strlen.o(.text)
    strcat                                   0x08000849   Thumb Code    24  strcat.o(.text)
    __aeabi_memclr4                          0x08000861   Thumb Code     0  rt_memclr_w.o(.text)
    __aeabi_memclr8                          0x08000861   Thumb Code     0  rt_memclr_w.o(.text)
    __rt_memclr_w                            0x08000861   Thumb Code    78  rt_memclr_w.o(.text)
    _memset_w                                0x08000865   Thumb Code     0  rt_memclr_w.o(.text)
    strcmp                                   0x080008b1   Thumb Code   128  strcmpv7m.o(.text)
    __use_two_region_memory                  0x08000931   Thumb Code     2  heapauxi.o(.text)
    __rt_heap_escrow                         0x08000933   Thumb Code     2  heapauxi.o(.text)
    __rt_heap_expand                         0x08000935   Thumb Code     2  heapauxi.o(.text)
    __cpp_initialize__aeabi_                 0x08000939   Thumb Code    26  init_aeabi.o(.text)
    __rt_heap_descriptor                     0x0800095d   Thumb Code     8  rt_heap_descriptor_intlibspace.o(.text)
    __use_no_heap                            0x08000965   Thumb Code     2  hguard.o(.text)
    __heap$guard                             0x08000967   Thumb Code     2  hguard.o(.text)
    _terminate_user_alloc                    0x08000969   Thumb Code     2  init_alloc.o(.text)
    _init_user_alloc                         0x0800096b   Thumb Code     2  init_alloc.o(.text)
    __Heap_Full                              0x0800096d   Thumb Code    34  init_alloc.o(.text)
    __Heap_Broken                            0x0800098f   Thumb Code     6  init_alloc.o(.text)
    _init_alloc                              0x08000995   Thumb Code    94  init_alloc.o(.text)
    __Heap_Initialize                        0x080009f3   Thumb Code    10  h1_init.o(.text)
    __Heap_DescSize                          0x080009fd   Thumb Code     4  h1_init.o(.text)
    _printf_int_common                       0x08000a01   Thumb Code   178  _printf_intcommon.o(.text)
    __lib_sel_fp_printf                      0x08000ab3   Thumb Code     2  _printf_fp_dec.o(.text)
    _printf_fp_dec_real                      0x08000c65   Thumb Code   620  _printf_fp_dec.o(.text)
    _printf_char_common                      0x08000edb   Thumb Code    32  _printf_char_common.o(.text)
    _sputc                                   0x08000f01   Thumb Code    10  _sputc.o(.text)
    _snputc                                  0x08000f0b   Thumb Code    16  _snputc.o(.text)
    _printf_cs_common                        0x08000f1b   Thumb Code    20  _printf_char.o(.text)
    _printf_char                             0x08000f2f   Thumb Code    16  _printf_char.o(.text)
    _printf_string                           0x08000f3f   Thumb Code     8  _printf_char.o(.text)
    __user_libspace                          0x08000f49   Thumb Code     8  libspace.o(.text)
    __user_perproc_libspace                  0x08000f49   Thumb Code     0  libspace.o(.text)
    __user_perthread_libspace                0x08000f49   Thumb Code     0  libspace.o(.text)
    __rt_locale                              0x08000f51   Thumb Code     8  rt_locale_intlibspace.o(.text)
    __Heap_ProvideMemory                     0x08000f59   Thumb Code    52  h1_extend.o(.text)
    _ll_udiv10                               0x08000f8d   Thumb Code   138  lludiv10.o(.text)
    _printf_fp_infnan                        0x08001019   Thumb Code   112  _printf_fp_infnan.o(.text)
    _btod_etento                             0x08001099   Thumb Code   224  bigflt0.o(.text)
    __rt_SIGRTMEM                            0x0800117d   Thumb Code    14  defsig_rtmem_outer.o(.text)
    __I$use$semihosting                      0x0800118b   Thumb Code     0  use_no_semi.o(.text)
    __use_no_semihosting_swi                 0x0800118b   Thumb Code     2  use_no_semi.o(.text)
    __semihosting_library_function           0x0800118d   Thumb Code     0  indicate_semi.o(.text)
    __user_setup_stackheap                   0x0800118d   Thumb Code    74  sys_stackheap_outer.o(.text)
    exit                                     0x080011d7   Thumb Code    18  exit.o(.text)
    __sig_exit                               0x080011e9   Thumb Code    10  defsig_exit.o(.text)
    __rt_SIGRTMEM_inner                      0x080011f5   Thumb Code    22  defsig_rtmem_inner.o(.text)
    _sys_exit                                0x08001245   Thumb Code     8  sys_exit.o(.text)
    __default_signal_display                 0x08001251   Thumb Code    50  defsig_general.o(.text)
    _ttywrch                                 0x08001283   Thumb Code    14  sys_wrch.o(.text)
    _btod_d2e                                0x08001291   Thumb Code    62  btod.o(CL$$btod_d2e)
    _d2e_denorm_low                          0x080012cf   Thumb Code    70  btod.o(CL$$btod_d2e_denorm_low)
    _d2e_norm_op1                            0x08001315   Thumb Code    96  btod.o(CL$$btod_d2e_norm_op1)
    __btod_div_common                        0x08001375   Thumb Code   696  btod.o(CL$$btod_div_common)
    _e2e                                     0x080016ad   Thumb Code   220  btod.o(CL$$btod_e2e)
    _btod_ediv                               0x08001789   Thumb Code    42  btod.o(CL$$btod_ediv)
    _btod_emul                               0x080017b3   Thumb Code    42  btod.o(CL$$btod_emul)
    __btod_mult_common                       0x080017dd   Thumb Code   580  btod.o(CL$$btod_mult_common)
    ADC_ConversionStop_Disable               0x08001a21   Thumb Code    92  stm32f1xx_hal_adc.o(i.ADC_ConversionStop_Disable)
    BusFault_Handler                         0x08001a7d   Thumb Code     4  stm32f1xx_it.o(i.BusFault_Handler)
    DMA1_Channel1_IRQHandler                 0x08001a81   Thumb Code    10  stm32f1xx_it.o(i.DMA1_Channel1_IRQHandler)
    DMA1_Channel6_IRQHandler                 0x08001a91   Thumb Code    10  stm32f1xx_it.o(i.DMA1_Channel6_IRQHandler)
    DebugMon_Handler                         0x08001acd   Thumb Code     2  stm32f1xx_it.o(i.DebugMon_Handler)
    Error_Handler                            0x08001acf   Thumb Code     6  main.o(i.Error_Handler)
    FLASH_PageErase                          0x08001afd   Thumb Code    32  stm32f1xx_hal_flash_ex.o(i.FLASH_PageErase)
    FLASH_WaitForLastOperation               0x08001bc9   Thumb Code   106  stm32f1xx_hal_flash.o(i.FLASH_WaitForLastOperation)
    HAL_ADC_ConfigChannel                    0x08001c39   Thumb Code   338  stm32f1xx_hal_adc.o(i.HAL_ADC_ConfigChannel)
    HAL_ADC_Init                             0x08001d99   Thumb Code   340  stm32f1xx_hal_adc.o(i.HAL_ADC_Init)
    HAL_ADC_MspInit                          0x08001ef9   Thumb Code   154  stm32f1xx_hal_msp.o(i.HAL_ADC_MspInit)
    HAL_DMA_Abort                            0x08001fa9   Thumb Code    86  stm32f1xx_hal_dma.o(i.HAL_DMA_Abort)
    HAL_DMA_Abort_IT                         0x08002001   Thumb Code   414  stm32f1xx_hal_dma.o(i.HAL_DMA_Abort_IT)
    HAL_DMA_DeInit                           0x080021a9   Thumb Code   132  stm32f1xx_hal_dma.o(i.HAL_DMA_DeInit)
    HAL_DMA_IRQHandler                       0x08002235   Thumb Code   910  stm32f1xx_hal_dma.o(i.HAL_DMA_IRQHandler)
    HAL_DMA_Init                             0x080025cd   Thumb Code   132  stm32f1xx_hal_dma.o(i.HAL_DMA_Init)
    HAL_DMA_Start_IT                         0x08002659   Thumb Code   156  stm32f1xx_hal_dma.o(i.HAL_DMA_Start_IT)
    HAL_Delay                                0x080026f5   Thumb Code    36  stm32f1xx_hal.o(i.HAL_Delay)
    HAL_FLASHEx_Erase                        0x0800271d   Thumb Code   168  stm32f1xx_hal_flash_ex.o(i.HAL_FLASHEx_Erase)
    HAL_FLASH_Lock                           0x080027cd   Thumb Code    16  stm32f1xx_hal_flash.o(i.HAL_FLASH_Lock)
    HAL_FLASH_Program                        0x080027e1   Thumb Code   168  stm32f1xx_hal_flash.o(i.HAL_FLASH_Program)
    HAL_FLASH_Unlock                         0x08002891   Thumb Code    36  stm32f1xx_hal_flash.o(i.HAL_FLASH_Unlock)
    HAL_GPIO_DeInit                          0x080028c1   Thumb Code   308  stm32f1xx_hal_gpio.o(i.HAL_GPIO_DeInit)
    HAL_GPIO_Init                            0x08002a15   Thumb Code   792  stm32f1xx_hal_gpio.o(i.HAL_GPIO_Init)
    HAL_GPIO_ReadPin                         0x08002d55   Thumb Code    16  stm32f1xx_hal_gpio.o(i.HAL_GPIO_ReadPin)
    HAL_GPIO_TogglePin                       0x08002d65   Thumb Code    20  stm32f1xx_hal_gpio.o(i.HAL_GPIO_TogglePin)
    HAL_GPIO_WritePin                        0x08002d79   Thumb Code    12  stm32f1xx_hal_gpio.o(i.HAL_GPIO_WritePin)
    HAL_GetTick                              0x08002d85   Thumb Code     6  stm32f1xx_hal.o(i.HAL_GetTick)
    HAL_GetUIDw0                             0x08002d91   Thumb Code     6  stm32f1xx_hal.o(i.HAL_GetUIDw0)
    HAL_GetUIDw1                             0x08002d9d   Thumb Code     6  stm32f1xx_hal.o(i.HAL_GetUIDw1)
    HAL_GetUIDw2                             0x08002da9   Thumb Code     6  stm32f1xx_hal.o(i.HAL_GetUIDw2)
    HAL_IncTick                              0x08002db5   Thumb Code    16  stm32f1xx_hal.o(i.HAL_IncTick)
    HAL_Init                                 0x08002dcd   Thumb Code    34  stm32f1xx_hal.o(i.HAL_Init)
    HAL_InitTick                             0x08002df5   Thumb Code    64  stm32f1xx_hal.o(i.HAL_InitTick)
    HAL_MspInit                              0x08002e41   Thumb Code    76  stm32f1xx_hal_msp.o(i.HAL_MspInit)
    HAL_NVIC_DisableIRQ                      0x08002e95   Thumb Code    62  stm32f1xx_hal_cortex.o(i.HAL_NVIC_DisableIRQ)
    HAL_NVIC_EnableIRQ                       0x08002ed9   Thumb Code    32  stm32f1xx_hal_cortex.o(i.HAL_NVIC_EnableIRQ)
    HAL_NVIC_SetPriority                     0x08002ef9   Thumb Code   124  stm32f1xx_hal_cortex.o(i.HAL_NVIC_SetPriority)
    HAL_NVIC_SetPriorityGrouping             0x08002f75   Thumb Code    32  stm32f1xx_hal_cortex.o(i.HAL_NVIC_SetPriorityGrouping)
    HAL_RCCEx_PeriphCLKConfig                0x08002f9d   Thumb Code   290  stm32f1xx_hal_rcc_ex.o(i.HAL_RCCEx_PeriphCLKConfig)
    HAL_RCC_ClockConfig                      0x080030cd   Thumb Code   376  stm32f1xx_hal_rcc.o(i.HAL_RCC_ClockConfig)
    HAL_RCC_GetHCLKFreq                      0x08003259   Thumb Code     6  stm32f1xx_hal_rcc.o(i.HAL_RCC_GetHCLKFreq)
    HAL_RCC_GetPCLK1Freq                     0x08003265   Thumb Code    22  stm32f1xx_hal_rcc.o(i.HAL_RCC_GetPCLK1Freq)
    HAL_RCC_GetPCLK2Freq                     0x08003285   Thumb Code    22  stm32f1xx_hal_rcc.o(i.HAL_RCC_GetPCLK2Freq)
    HAL_RCC_GetSysClockFreq                  0x080032a5   Thumb Code    92  stm32f1xx_hal_rcc.o(i.HAL_RCC_GetSysClockFreq)
    HAL_RCC_OscConfig                        0x08003315   Thumb Code  1114  stm32f1xx_hal_rcc.o(i.HAL_RCC_OscConfig)
    HAL_SYSTICK_CLKSourceConfig              0x08003779   Thumb Code    40  stm32f1xx_hal_cortex.o(i.HAL_SYSTICK_CLKSourceConfig)
    HAL_SYSTICK_Config                       0x080037a1   Thumb Code    52  stm32f1xx_hal_cortex.o(i.HAL_SYSTICK_Config)
    HAL_UARTEx_ReceiveToIdle_DMA             0x080037d5   Thumb Code   114  stm32f1xx_hal_uart.o(i.HAL_UARTEx_ReceiveToIdle_DMA)
    HAL_UARTEx_RxEventCallback               0x08003849   Thumb Code    66  jqstart.o(i.HAL_UARTEx_RxEventCallback)
    HAL_UART_AbortCpltCallback               0x08003891   Thumb Code     2  stm32f1xx_hal_uart.o(i.HAL_UART_AbortCpltCallback)
    HAL_UART_Abort_IT                        0x08003895   Thumb Code   320  stm32f1xx_hal_uart.o(i.HAL_UART_Abort_IT)
    HAL_UART_DMAStop                         0x080039dd   Thumb Code   138  stm32f1xx_hal_uart.o(i.HAL_UART_DMAStop)
    HAL_UART_DeInit                          0x08003a67   Thumb Code    62  stm32f1xx_hal_uart.o(i.HAL_UART_DeInit)
    HAL_UART_ErrorCallback                   0x08003aa5   Thumb Code     2  stm32f1xx_hal_uart.o(i.HAL_UART_ErrorCallback)
    HAL_UART_IRQHandler                      0x08003aa9   Thumb Code   736  stm32f1xx_hal_uart.o(i.HAL_UART_IRQHandler)
    HAL_UART_Init                            0x08003d8d   Thumb Code   118  stm32f1xx_hal_uart.o(i.HAL_UART_Init)
    HAL_UART_MspDeInit                       0x08003e05   Thumb Code    46  stm32f1xx_hal_msp.o(i.HAL_UART_MspDeInit)
    HAL_UART_MspInit                         0x08003e41   Thumb Code   186  stm32f1xx_hal_msp.o(i.HAL_UART_MspInit)
    HAL_UART_Receive                         0x08003f11   Thumb Code   188  stm32f1xx_hal_uart.o(i.HAL_UART_Receive)
    HAL_UART_RxCpltCallback                  0x08003fcd   Thumb Code   416  jqstart.o(i.HAL_UART_RxCpltCallback)
    HAL_UART_RxHalfCpltCallback              0x08004171   Thumb Code     2  stm32f1xx_hal_uart.o(i.HAL_UART_RxHalfCpltCallback)
    HAL_UART_Transmit                        0x08004173   Thumb Code   178  stm32f1xx_hal_uart.o(i.HAL_UART_Transmit)
    HAL_UART_TxCpltCallback                  0x08004225   Thumb Code     2  stm32f1xx_hal_uart.o(i.HAL_UART_TxCpltCallback)
    HAL_WWDG_EarlyWakeupCallback             0x08004227   Thumb Code    12  jqstart.o(i.HAL_WWDG_EarlyWakeupCallback)
    HAL_WWDG_IRQHandler                      0x08004233   Thumb Code    40  jqstartex.o(i.HAL_WWDG_IRQHandler)
    HAL_WWDG_Refresh                         0x0800425b   Thumb Code    12  jqstartex.o(i.HAL_WWDG_Refresh)
    HardFault_Handler                        0x08004267   Thumb Code     8  stm32f1xx_it.o(i.HardFault_Handler)
    JHAL_HardFault_Handler                   0x08004271   Thumb Code    16  jqstart.o(i.JHAL_HardFault_Handler)
    JHAL_adcClose                            0x08004285   Thumb Code    14  jqstart.o(i.JHAL_adcClose)
    JHAL_bootGetInfo                         0x08004293   Thumb Code    16  jqstart.o(i.JHAL_bootGetInfo)
    JHAL_bootParseUpdateInfo4App             0x080042a3   Thumb Code   122  jqstart.o(i.JHAL_bootParseUpdateInfo4App)
    JHAL_bootSetInfo                         0x0800431d   Thumb Code    20  jqstart.o(i.JHAL_bootSetInfo)
    JHAL_crc                                 0x08004331   Thumb Code    40  jqstart.o(i.JHAL_crc)
    JHAL_crcAutoWirte                        0x08004359   Thumb Code    36  jqstart.o(i.JHAL_crcAutoWirte)
    JHAL_crcCheak                            0x0800437d   Thumb Code    40  jqstart.o(i.JHAL_crcCheak)
    JHAL_delayMs                             0x080043a5   Thumb Code    24  jqstart.o(i.JHAL_delayMs)
    JHAL_delayOpen                           0x080043bd   Thumb Code    24  jqstart.o(i.JHAL_delayOpen)
    JHAL_delayUs                             0x080043dd   Thumb Code    68  jqstart.o(i.JHAL_delayUs)
    JHAL_disableInterrupts                   0x08004425   Thumb Code     4  jqstart.o(i.JHAL_disableInterrupts)
    JHAL_enableInterrupts                    0x08004429   Thumb Code     4  jqstart.o(i.JHAL_enableInterrupts)
    JHAL_flashErasePage                      0x0800442d   Thumb Code    94  jqstart.o(i.JHAL_flashErasePage)
    JHAL_flashGetEndAddr                     0x08004491   Thumb Code    10  jqstart.o(i.JHAL_flashGetEndAddr)
    JHAL_flashRead                           0x080044a1   Thumb Code    82  jqstart.o(i.JHAL_flashRead)
    JHAL_flashWirte                          0x080044f3   Thumb Code   144  jqstart.o(i.JHAL_flashWirte)
    JHAL_flashWriteNByte                     0x08004583   Thumb Code    90  jqstart.o(i.JHAL_flashWriteNByte)
    JHAL_gpioModeSet                         0x080045dd   Thumb Code   138  jqstart.o(i.JHAL_gpioModeSet)
    JHAL_gpioReadPin                         0x08004675   Thumb Code    42  jqstart.o(i.JHAL_gpioReadPin)
    JHAL_gpioTogglePin                       0x0800469f   Thumb Code    34  jqstart.o(i.JHAL_gpioTogglePin)
    JHAL_gpioWitePin                         0x080046c1   Thumb Code    38  jqstart.o(i.JHAL_gpioWitePin)
    JHAL_i2csfMemRead                        0x080046e7   Thumb Code   218  jqstart.o(i.JHAL_i2csfMemRead)
    JHAL_i2csfMemWrite                       0x080047c1   Thumb Code   122  jqstart.o(i.JHAL_i2csfMemWrite)
    JHAL_i2csfOpen                           0x0800483b   Thumb Code    72  jqstart.o(i.JHAL_i2csfOpen)
    JHAL_i2csfTransmit                       0x08004883   Thumb Code    96  jqstart.o(i.JHAL_i2csfTransmit)
    JHAL_jsonPack2HmnstHIS                   0x080048e5   Thumb Code   310  jqstart.o(i.JHAL_jsonPack2HmnstHIS)
    JHAL_pin2jpin                            0x08004a71   Thumb Code    22  jqstart.o(i.JHAL_pin2jpin)
    JHAL_port2jport                          0x08004a89   Thumb Code    76  jqstart.o(i.JHAL_port2jport)
    JHAL_sortU32ArrayAsc                     0x08004af1   Thumb Code    20  jqstart.o(i.JHAL_sortU32ArrayAsc)
    JHAL_systemReset                         0x08004b09   Thumb Code     4  jqstart.o(i.JHAL_systemReset)
    JHAL_uartAbortReceiveIT                  0x08004b0d   Thumb Code    48  jqstart.o(i.JHAL_uartAbortReceiveIT)
    JHAL_uartClose                           0x08004b41   Thumb Code    48  jqstart.o(i.JHAL_uartClose)
    JHAL_uartEnableReceiveIT                 0x08004b75   Thumb Code   124  jqstart.o(i.JHAL_uartEnableReceiveIT)
    JHAL_uartOpen                            0x08004bf5   Thumb Code   102  jqstart.o(i.JHAL_uartOpen)
    JHAL_uartRxFinsh                         0x08004c65   Thumb Code    40  jqstart.o(i.JHAL_uartRxFinsh)
    JHAL_uartRxITCallback                    0x08004c91   Thumb Code     6  jqstart.o(i.JHAL_uartRxITCallback)
    JHAL_uartSendDatas                       0x08004c99   Thumb Code   166  jqstart.o(i.JHAL_uartSendDatas)
    JHAL_uidGetHigh                          0x08004d45   Thumb Code     8  jqstart.o(i.JHAL_uidGetHigh)
    JHAL_uidGetLow                           0x08004d4d   Thumb Code     8  jqstart.o(i.JHAL_uidGetLow)
    JHAL_uidGetMiddle                        0x08004d55   Thumb Code     8  jqstart.o(i.JHAL_uidGetMiddle)
    MemManage_Handler                        0x08004fa1   Thumb Code     4  stm32f1xx_it.o(i.MemManage_Handler)
    NMI_Handler                              0x08004fa5   Thumb Code     4  stm32f1xx_it.o(i.NMI_Handler)
    PendSV_Handler                           0x08004fa9   Thumb Code     2  stm32f1xx_it.o(i.PendSV_Handler)
    SVC_Handler                              0x08004fd5   Thumb Code     2  stm32f1xx_it.o(i.SVC_Handler)
    SysTick_Handler                          0x08004fd7   Thumb Code     8  stm32f1xx_it.o(i.SysTick_Handler)
    SystemClock_Config                       0x08004fdf   Thumb Code   126  main.o(i.SystemClock_Config)
    SystemInit                               0x0800505d   Thumb Code     2  system_stm32f1xx.o(i.SystemInit)
    UART_Start_Receive_DMA                   0x080054b5   Thumb Code   186  stm32f1xx_hal_uart.o(i.UART_Start_Receive_DMA)
    USART2_IRQHandler                        0x08005671   Thumb Code    10  stm32f1xx_it.o(i.USART2_IRQHandler)
    UsageFault_Handler                       0x08005681   Thumb Code     4  stm32f1xx_it.o(i.UsageFault_Handler)
    WWDG_IRQHandler                          0x08005685   Thumb Code    10  jqstart.o(i.WWDG_IRQHandler)
    __ARM_fpclassify                         0x08005695   Thumb Code    40  fpclassify.o(i.__ARM_fpclassify)
    __JHAL_bootAppUpdateResponse             0x080056bd   Thumb Code   126  jqstart.o(i.__JHAL_bootAppUpdateResponse)
    __JHAL_bootStatusSet                     0x08005745   Thumb Code    34  jqstart.o(i.__JHAL_bootStatusSet)
    __JHAL_bootUpdating                      0x08005769   Thumb Code   592  jqstart.o(i.__JHAL_bootUpdating)
    __JHAL_crc16_Modbus                      0x080059c9   Thumb Code    56  jqstart.o(i.__JHAL_crc16_Modbus)
    __JHAL_crc16_Modbus_AutoWirte            0x08005a01   Thumb Code    30  jqstart.o(i.__JHAL_crc16_Modbus_AutoWirte)
    __JHAL_crc16_Modbus_Cheak                0x08005a1f   Thumb Code    46  jqstart.o(i.__JHAL_crc16_Modbus_Cheak)
    __JHAL_crc8_XOR                          0x08005a4d   Thumb Code    28  jqstart.o(i.__JHAL_crc8_XOR)
    __JHAL_crc8_XOR_AutoWirte                0x08005a69   Thumb Code    20  jqstart.o(i.__JHAL_crc8_XOR_AutoWirte)
    __JHAL_crc8_XOR_Cheak                    0x08005a7d   Thumb Code    30  jqstart.o(i.__JHAL_crc8_XOR_Cheak)
    __JHAL_flashErasePage                    0x08005a9b   Thumb Code    54  jqstart.o(i.__JHAL_flashErasePage)
    __JHAL_flashPage2Addr                    0x08005ad1   Thumb Code    38  jqstart.o(i.__JHAL_flashPage2Addr)
    __JHAL_flashWrite8Byte                   0x08005afd   Thumb Code    34  jqstart.o(i.__JHAL_flashWrite8Byte)
    __JHAL_i2csfReadByte                     0x08005b1f   Thumb Code   132  jqstart.o(i.__JHAL_i2csfReadByte)
    __JHAL_i2csfSendAck                      0x08005ba3   Thumb Code    62  jqstart.o(i.__JHAL_i2csfSendAck)
    __JHAL_i2csfSendByte                     0x08005be1   Thumb Code    94  jqstart.o(i.__JHAL_i2csfSendByte)
    __JHAL_i2csfSendNAck                     0x08005c3f   Thumb Code    62  jqstart.o(i.__JHAL_i2csfSendNAck)
    __JHAL_i2csfStart                        0x08005c7d   Thumb Code    62  jqstart.o(i.__JHAL_i2csfStart)
    __JHAL_i2csfStop                         0x08005cbb   Thumb Code    62  jqstart.o(i.__JHAL_i2csfStop)
    __JHAL_i2csfWaitAck                      0x08005cf9   Thumb Code   148  jqstart.o(i.__JHAL_i2csfWaitAck)
    __JHAL_instructionTest                   0x08005d8d   Thumb Code   188  jqstart.o(i.__JHAL_instructionTest)
    __JHAL_jpin2pin                          0x08005e55   Thumb Code    10  jqstart.o(i.__JHAL_jpin2pin)
    __JHAL_port2port                         0x08005e61   Thumb Code    62  jqstart.o(i.__JHAL_port2port)
    __JHAL_selfInit                          0x08005ebd   Thumb Code     8  jqstart.o(i.__JHAL_selfInit)
    __JHAL_systemSelfTest                    0x08005ec5   Thumb Code     8  jqstart.o(i.__JHAL_systemSelfTest)
    __JHAL_u32CompareOrderByAscend           0x08005ecd   Thumb Code    10  jqstart.o(i.__JHAL_u32CompareOrderByAscend)
    __JHAL_uartAbortReceiveIT                0x08005ed9   Thumb Code    82  jqstart.o(i.__JHAL_uartAbortReceiveIT)
    __JHAL_uartEnableReceiveIT               0x08005f31   Thumb Code   132  jqstart.o(i.__JHAL_uartEnableReceiveIT)
    __JHAL_uartInstance2dev                  0x08005fb9   Thumb Code    26  jqstart.o(i.__JHAL_uartInstance2dev)
    __JHAL_versionsCreatInfo                 0x08005fdd   Thumb Code   300  jqstart.o(i.__JHAL_versionsCreatInfo)
    __JHAL_versionsDecode                    0x08006121   Thumb Code   152  jqstart.o(i.__JHAL_versionsDecode)
    __JHAL_versionsShouldUpdated             0x080061b9   Thumb Code    82  jqstart.o(i.__JHAL_versionsShouldUpdated)
    __ads1115GetAD                           0x08006285   Thumb Code    90  jqstart.o(i.__ads1115GetAD)
    __ads115Init                             0x080062df   Thumb Code   128  jqstart.o(i.__ads115Init)
    _is_digit                                0x0800635f   Thumb Code    14  __printf_wp.o(i._is_digit)
    ads1115GetVoltage                        0x0800636d   Thumb Code   592  jqstart.o(i.ads1115GetVoltage)
    ads1115Open                              0x080065dd   Thumb Code    20  jqstart.o(i.ads1115Open)
    controllerInit                           0x080065f1   Thumb Code     8  controller.o(i.controllerInit)
    gattInit                                 0x080065f9   Thumb Code   520  gatt_stm32.o(i.gattInit)
    jSystemInit                              0x080068d9   Thumb Code   186  system.o(i.jSystemInit)
    jSystemRun                               0x080069c9   Thumb Code    28  system.o(i.jSystemRun)
    main                                     0x080069ed   Thumb Code    32  main.o(i.main)
    my_mem_free                              0x08006a0d   Thumb Code    66  jqstart.o(i.my_mem_free)
    my_mem_init                              0x08006a55   Thumb Code    36  jqstart.o(i.my_mem_init)
    my_mem_perused                           0x08006a7d   Thumb Code    34  jqstart.o(i.my_mem_perused)
    myfree                                   0x08006aa5   Thumb Code    24  jqstart.o(i.myfree)
    mymemset                                 0x08006ac1   Thumb Code    20  jqstart.o(i.mymemset)
    parseNetUartData                         0x08006ad5   Thumb Code    40  communication.o(i.parseNetUartData)
    sendGASVoltage                           0x08006b05   Thumb Code   190  system.o(i.sendGASVoltage)
    sendGASVoltage2NetUart                   0x08006bd5   Thumb Code    82  communication.o(i.sendGASVoltage2NetUart)
    uid2string                               0x08006c39   Thumb Code    46  jqstartex.o(i.uid2string)
    vhAllClose                               0x08006c71   Thumb Code   284  controller.o(i.vhAllClose)
    vhRadioOpen                              0x08006e2d   Thumb Code   334  controller.o(i.vhRadioOpen)
    _get_lc_numeric                          0x0800701d   Thumb Code    44  lc_numeric_c.o(locale$$code)
    __aeabi_d2f                              0x08007049   Thumb Code     0  d2f.o(x$fpl$d2f)
    _d2f                                     0x08007049   Thumb Code    98  d2f.o(x$fpl$d2f)
    __aeabi_ui2d                             0x080070ab   Thumb Code     0  dflt_clz.o(x$fpl$dfltu)
    _dfltu                                   0x080070ab   Thumb Code    38  dflt_clz.o(x$fpl$dfltu)
    __aeabi_dmul                             0x080070d1   Thumb Code     0  dmul.o(x$fpl$dmul)
    _dmul                                    0x080070d1   Thumb Code   332  dmul.o(x$fpl$dmul)
    __fpl_dnaninf                            0x08007225   Thumb Code   156  dnaninf.o(x$fpl$dnaninf)
    __fpl_dretinf                            0x080072c1   Thumb Code    12  dretinf.o(x$fpl$dretinf)
    __aeabi_f2d                              0x080072cd   Thumb Code     0  f2d.o(x$fpl$f2d)
    _f2d                                     0x080072cd   Thumb Code    86  f2d.o(x$fpl$f2d)
    __fpl_fnaninf                            0x08007323   Thumb Code   140  fnaninf.o(x$fpl$fnaninf)
    __fpl_fretinf                            0x080073af   Thumb Code    10  fretinf.o(x$fpl$fretinf)
    _printf_fp_dec                           0x080073b9   Thumb Code     4  printf1.o(x$fpl$printf1)
    __I$use$fp                               0x080073bc   Number         0  usenofp.o(x$fpl$usenofp)
    AHBPrescTable                            0x080073ce   Data          16  system_stm32f1xx.o(.constdata)
    APBPrescTable                            0x080073de   Data           8  system_stm32f1xx.o(.constdata)
    memtblsize                               0x080073e8   Data           4  jqstart.o(.constdata)
    memblksize                               0x080073ec   Data           4  jqstart.o(.constdata)
    memsize                                  0x080073f0   Data           4  jqstart.o(.constdata)
    Region$$Table$$Base                      0x080074dc   Number         0  anon$$obj.o(Region$$Table)
    Region$$Table$$Limit                     0x080074fc   Number         0  anon$$obj.o(Region$$Table)
    SHT$$INIT_ARRAY$$Base                    0x08007518   Number         0  jqstart.o(.init_array)
    SHT$$INIT_ARRAY$$Limit                   0x0800751c   Number         0  init_aeabi.o(.init_array)
    uwTick                                   0x20000000   Data           4  stm32f1xx_hal.o(.data)
    uwTickPrio                               0x20000004   Data           4  stm32f1xx_hal.o(.data)
    uwTickFreq                               0x20000008   Data           1  stm32f1xx_hal.o(.data)
    SystemCoreClock                          0x2000000c   Data           4  system_stm32f1xx.o(.data)
    SystemLed_JPin                           0x20000010   Data           1  gatt_stm32.o(.data)
    SystemLed_IO_Port                        0x20000011   Data           1  gatt_stm32.o(.data)
    EN_GND0_JPin                             0x20000012   Data           1  gatt_stm32.o(.data)
    EN_GND0_GPIO_JPort                       0x20000013   Data           1  gatt_stm32.o(.data)
    EN_GND1_JPin                             0x20000014   Data           1  gatt_stm32.o(.data)
    EN_GND1_GPIO_JPort                       0x20000015   Data           1  gatt_stm32.o(.data)
    EN_GND2_JPin                             0x20000016   Data           1  gatt_stm32.o(.data)
    EN_GND2_GPIO_JPort                       0x20000017   Data           1  gatt_stm32.o(.data)
    EN_GND3_JPin                             0x20000018   Data           1  gatt_stm32.o(.data)
    EN_GND3_GPIO_JPort                       0x20000019   Data           1  gatt_stm32.o(.data)
    EN_GND4_JPin                             0x2000001a   Data           1  gatt_stm32.o(.data)
    EN_GND4_GPIO_JPort                       0x2000001b   Data           1  gatt_stm32.o(.data)
    EN_GND5_JPin                             0x2000001c   Data           1  gatt_stm32.o(.data)
    EN_GND5_GPIO_JPort                       0x2000001d   Data           1  gatt_stm32.o(.data)
    EN_GND6_JPin                             0x2000001e   Data           1  gatt_stm32.o(.data)
    EN_GND6_GPIO_JPort                       0x2000001f   Data           1  gatt_stm32.o(.data)
    EN_GND7_JPin                             0x20000020   Data           1  gatt_stm32.o(.data)
    EN_GND7_GPIO_JPort                       0x20000021   Data           1  gatt_stm32.o(.data)
    EN_GND8_JPin                             0x20000022   Data           1  gatt_stm32.o(.data)
    EN_GND8_GPIO_JPort                       0x20000023   Data           1  gatt_stm32.o(.data)
    EN_GND9_JPin                             0x20000024   Data           1  gatt_stm32.o(.data)
    EN_GND9_GPIO_JPort                       0x20000025   Data           1  gatt_stm32.o(.data)
    SDA2_JPin                                0x20000026   Data           1  gatt_stm32.o(.data)
    SDA2_GPIO_JPort                          0x20000027   Data           1  gatt_stm32.o(.data)
    SCL2_JPin                                0x20000028   Data           1  gatt_stm32.o(.data)
    SCL2_GPIO_JPort                          0x20000029   Data           1  gatt_stm32.o(.data)
    SDA1_JPin                                0x2000002a   Data           1  gatt_stm32.o(.data)
    SDA1_GPIO_JPort                          0x2000002b   Data           1  gatt_stm32.o(.data)
    SCL1_JPin                                0x2000002c   Data           1  gatt_stm32.o(.data)
    SCL1_GPIO_JPort                          0x2000002d   Data           1  gatt_stm32.o(.data)
    EN_VCC9_JPin                             0x2000002e   Data           1  gatt_stm32.o(.data)
    EN_VCC9_GPIO_JPort                       0x2000002f   Data           1  gatt_stm32.o(.data)
    EN_VCC8_JPin                             0x20000030   Data           1  gatt_stm32.o(.data)
    EN_VCC8_GPIO_JPort                       0x20000031   Data           1  gatt_stm32.o(.data)
    EN_VCC7_JPin                             0x20000032   Data           1  gatt_stm32.o(.data)
    EN_VCC7_GPIO_JPort                       0x20000033   Data           1  gatt_stm32.o(.data)
    EN_VCC6_JPin                             0x20000034   Data           1  gatt_stm32.o(.data)
    EN_VCC6_GPIO_JPort                       0x20000035   Data           1  gatt_stm32.o(.data)
    EN_VCC5_JPin                             0x20000036   Data           1  gatt_stm32.o(.data)
    EN_VCC5_GPIO_JPort                       0x20000037   Data           1  gatt_stm32.o(.data)
    EN_VCC4_JPin                             0x20000038   Data           1  gatt_stm32.o(.data)
    EN_VCC4_GPIO_JPort                       0x20000039   Data           1  gatt_stm32.o(.data)
    EN_VCC3_JPin                             0x2000003a   Data           1  gatt_stm32.o(.data)
    EN_VCC3_GPIO_JPort                       0x2000003b   Data           1  gatt_stm32.o(.data)
    EN_VCC2_JPin                             0x2000003c   Data           1  gatt_stm32.o(.data)
    EN_VCC2_GPIO_JPort                       0x2000003d   Data           1  gatt_stm32.o(.data)
    EN_VCC1_JPin                             0x2000003e   Data           1  gatt_stm32.o(.data)
    EN_VCC1_GPIO_JPort                       0x2000003f   Data           1  gatt_stm32.o(.data)
    EN_VCC0_JPin                             0x20000040   Data           1  gatt_stm32.o(.data)
    EN_VCC0_GPIO_JPort                       0x20000041   Data           1  gatt_stm32.o(.data)
    adcChannelRemap                          0x20000042   Data           1  gatt_stm32.o(.data)
    adcConfig                                0x20000044   Data          36  gatt_stm32.o(.data)
    uartConfig                               0x20000068   Data          32  gatt_stm32.o(.data)
    ads1115Status                            0x20000088   Data           1  system.o(.data)
    mallco_dev                               0x20000090   Data          20  jqstart.o(.data)
    fac_us                                   0x200000a4   Data           4  jqstart.o(.data)
    wwdg_tr                                  0x200000ab   Data           1  jqstart.o(.data)
    wwdg_wr                                  0x200000ac   Data           1  jqstart.o(.data)
    jsystemMs                                0x200000b0   Data           8  jqstart.o(.data)
    hadc1                                    0x200000b8   Data          48  main.o(.bss)
    hdma_adc1                                0x200000e8   Data          68  main.o(.bss)
    huart2                                   0x2000012c   Data          72  main.o(.bss)
    hdma_usart2_rx                           0x20000174   Data          68  main.o(.bss)
    pFlash                                   0x200001b8   Data          32  stm32f1xx_hal_flash.o(.bss)
    netUartData                              0x200001d8   Data          50  gatt_stm32.o(.bss)
    ads1115Config_row1_row2                  0x2000020a   Data          18  system.o(.bss)
    ads1115Config_row3                       0x2000021c   Data          18  system.o(.bss)
    membase                                  0x20000230   Data        2048  jqstart.o(.bss)
    memmapbase                               0x20000a30   Data         128  jqstart.o(.bss)
    hwwdg                                    0x20000abc   Data          20  jqstart.o(.bss)
    __boot_uartConfig                        0x20000ad0   Data          32  jqstart.o(.bss)
    __libspace_start                         0x20000af0   Data          96  libspace.o(.bss)
    __temporary_stack_top$libspace           0x20000b50   Data           0  libspace.o(.bss)



==============================================================================

Memory Map of the image

  Image Entry point : 0x08000131

  Load Region LR_IROM1 (Base: 0x08000000, Size: 0x000075d4, Max: 0x00040000, ABSOLUTE)

    Execution Region ER_IROM1 (Exec base: 0x08000000, Load base: 0x08000000, Size: 0x0000751c, Max: 0x00040000, ABSOLUTE)

    Exec Addr    Load Addr    Size         Type   Attr      Idx    E Section Name        Object

    0x08000000   0x08000000   0x00000130   Data   RO            3    RESET               startup_stm32f103xe.o
    0x08000130   0x08000130   0x00000008   Code   RO         3731  * !!!main             c_w.l(__main.o)
    0x08000138   0x08000138   0x00000034   Code   RO         4208    !!!scatter          c_w.l(__scatter.o)
    0x0800016c   0x0800016c   0x0000001a   Code   RO         4210    !!handler_copy      c_w.l(__scatter_copy.o)
    0x08000186   0x08000186   0x00000002   PAD
    0x08000188   0x08000188   0x0000001c   Code   RO         4212    !!handler_zi        c_w.l(__scatter_zi.o)
    0x080001a4   0x080001a4   0x00000000   Code   RO         3712    .ARM.Collect$$_printf_percent$$00000000  c_w.l(_printf_percent.o)
    0x080001a4   0x080001a4   0x00000006   Code   RO         3711    .ARM.Collect$$_printf_percent$$00000003  c_w.l(_printf_f.o)
    0x080001aa   0x080001aa   0x00000006   Code   RO         3710    .ARM.Collect$$_printf_percent$$00000009  c_w.l(_printf_d.o)
    0x080001b0   0x080001b0   0x00000006   Code   RO         3709    .ARM.Collect$$_printf_percent$$0000000C  c_w.l(_printf_x.o)
    0x080001b6   0x080001b6   0x00000006   Code   RO         3708    .ARM.Collect$$_printf_percent$$00000014  c_w.l(_printf_s.o)
    0x080001bc   0x080001bc   0x00000004   Code   RO         3860    .ARM.Collect$$_printf_percent$$00000017  c_w.l(_printf_percent_end.o)
    0x080001c0   0x080001c0   0x00000002   Code   RO         4115    .ARM.Collect$$libinit$$00000000  c_w.l(libinit.o)
    0x080001c2   0x080001c2   0x00000000   Code   RO         3872    .ARM.Collect$$libinit$$00000002  c_w.l(libinit2.o)
    0x080001c2   0x080001c2   0x00000000   Code   RO         3874    .ARM.Collect$$libinit$$00000004  c_w.l(libinit2.o)
    0x080001c2   0x080001c2   0x00000008   Code   RO         3875    .ARM.Collect$$libinit$$00000005  c_w.l(libinit2.o)
    0x080001ca   0x080001ca   0x00000000   Code   RO         3877    .ARM.Collect$$libinit$$0000000A  c_w.l(libinit2.o)
    0x080001ca   0x080001ca   0x00000000   Code   RO         3879    .ARM.Collect$$libinit$$0000000C  c_w.l(libinit2.o)
    0x080001ca   0x080001ca   0x00000000   Code   RO         3881    .ARM.Collect$$libinit$$0000000E  c_w.l(libinit2.o)
    0x080001ca   0x080001ca   0x00000006   Code   RO         3882    .ARM.Collect$$libinit$$0000000F  c_w.l(libinit2.o)
    0x080001d0   0x080001d0   0x00000000   Code   RO         3884    .ARM.Collect$$libinit$$00000011  c_w.l(libinit2.o)
    0x080001d0   0x080001d0   0x00000000   Code   RO         3886    .ARM.Collect$$libinit$$00000013  c_w.l(libinit2.o)
    0x080001d0   0x080001d0   0x00000000   Code   RO         3888    .ARM.Collect$$libinit$$00000015  c_w.l(libinit2.o)
    0x080001d0   0x080001d0   0x0000000a   Code   RO         3889    .ARM.Collect$$libinit$$00000016  c_w.l(libinit2.o)
    0x080001da   0x080001da   0x00000000   Code   RO         3890    .ARM.Collect$$libinit$$00000017  c_w.l(libinit2.o)
    0x080001da   0x080001da   0x00000000   Code   RO         3892    .ARM.Collect$$libinit$$00000019  c_w.l(libinit2.o)
    0x080001da   0x080001da   0x00000000   Code   RO         3894    .ARM.Collect$$libinit$$0000001B  c_w.l(libinit2.o)
    0x080001da   0x080001da   0x00000000   Code   RO         3896    .ARM.Collect$$libinit$$0000001D  c_w.l(libinit2.o)
    0x080001da   0x080001da   0x00000000   Code   RO         3898    .ARM.Collect$$libinit$$0000001F  c_w.l(libinit2.o)
    0x080001da   0x080001da   0x00000000   Code   RO         3900    .ARM.Collect$$libinit$$00000021  c_w.l(libinit2.o)
    0x080001da   0x080001da   0x00000000   Code   RO         3902    .ARM.Collect$$libinit$$00000023  c_w.l(libinit2.o)
    0x080001da   0x080001da   0x00000000   Code   RO         3904    .ARM.Collect$$libinit$$00000025  c_w.l(libinit2.o)
    0x080001da   0x080001da   0x00000000   Code   RO         3908    .ARM.Collect$$libinit$$0000002C  c_w.l(libinit2.o)
    0x080001da   0x080001da   0x00000000   Code   RO         3910    .ARM.Collect$$libinit$$0000002E  c_w.l(libinit2.o)
    0x080001da   0x080001da   0x00000000   Code   RO         3912    .ARM.Collect$$libinit$$00000030  c_w.l(libinit2.o)
    0x080001da   0x080001da   0x00000004   Code   RO         3913    .ARM.Collect$$libinit$$00000031  c_w.l(libinit2.o)
    0x080001de   0x080001de   0x00000000   Code   RO         3914    .ARM.Collect$$libinit$$00000032  c_w.l(libinit2.o)
    0x080001de   0x080001de   0x00000002   Code   RO         3915    .ARM.Collect$$libinit$$00000033  c_w.l(libinit2.o)
    0x080001e0   0x080001e0   0x00000002   Code   RO         4205    .ARM.Collect$$libshutdown$$00000000  c_w.l(libshutdown.o)
    0x080001e2   0x080001e2   0x00000000   Code   RO         4117    .ARM.Collect$$libshutdown$$00000002  c_w.l(libshutdown2.o)
    0x080001e2   0x080001e2   0x00000000   Code   RO         4119    .ARM.Collect$$libshutdown$$00000004  c_w.l(libshutdown2.o)
    0x080001e2   0x080001e2   0x00000000   Code   RO         4121    .ARM.Collect$$libshutdown$$00000006  c_w.l(libshutdown2.o)
    0x080001e2   0x080001e2   0x00000000   Code   RO         4124    .ARM.Collect$$libshutdown$$00000009  c_w.l(libshutdown2.o)
    0x080001e2   0x080001e2   0x00000000   Code   RO         4127    .ARM.Collect$$libshutdown$$0000000C  c_w.l(libshutdown2.o)
    0x080001e2   0x080001e2   0x00000000   Code   RO         4129    .ARM.Collect$$libshutdown$$0000000E  c_w.l(libshutdown2.o)
    0x080001e2   0x080001e2   0x00000000   Code   RO         4132    .ARM.Collect$$libshutdown$$00000011  c_w.l(libshutdown2.o)
    0x080001e2   0x080001e2   0x00000002   Code   RO         4133    .ARM.Collect$$libshutdown$$00000012  c_w.l(libshutdown2.o)
    0x080001e4   0x080001e4   0x00000000   Code   RO         3813    .ARM.Collect$$rtentry$$00000000  c_w.l(__rtentry.o)
    0x080001e4   0x080001e4   0x00000000   Code   RO         3966    .ARM.Collect$$rtentry$$00000002  c_w.l(__rtentry2.o)
    0x080001e4   0x080001e4   0x00000006   Code   RO         3978    .ARM.Collect$$rtentry$$00000004  c_w.l(__rtentry4.o)
    0x080001ea   0x080001ea   0x00000000   Code   RO         3968    .ARM.Collect$$rtentry$$00000009  c_w.l(__rtentry2.o)
    0x080001ea   0x080001ea   0x00000004   Code   RO         3969    .ARM.Collect$$rtentry$$0000000A  c_w.l(__rtentry2.o)
    0x080001ee   0x080001ee   0x00000000   Code   RO         3971    .ARM.Collect$$rtentry$$0000000C  c_w.l(__rtentry2.o)
    0x080001ee   0x080001ee   0x00000008   Code   RO         3972    .ARM.Collect$$rtentry$$0000000D  c_w.l(__rtentry2.o)
    0x080001f6   0x080001f6   0x00000002   Code   RO         4140    .ARM.Collect$$rtexit$$00000000  c_w.l(rtexit.o)
    0x080001f8   0x080001f8   0x00000000   Code   RO         4169    .ARM.Collect$$rtexit$$00000002  c_w.l(rtexit2.o)
    0x080001f8   0x080001f8   0x00000004   Code   RO         4170    .ARM.Collect$$rtexit$$00000003  c_w.l(rtexit2.o)
    0x080001fc   0x080001fc   0x00000006   Code   RO         4171    .ARM.Collect$$rtexit$$00000004  c_w.l(rtexit2.o)
    0x08000202   0x08000202   0x00000002   PAD
    0x08000204   0x08000204   0x00000000   Code   RO         3989    .emb_text           c_w.l(maybetermalloc1.o)
    0x08000204   0x08000204   0x00000040   Code   RO            4    .text               startup_stm32f103xe.o
    0x08000244   0x08000244   0x0000005e   Code   RO         3589    .text               c_w.l(h1_alloc.o)
    0x080002a2   0x080002a2   0x0000004e   Code   RO         3591    .text               c_w.l(h1_free.o)
    0x080002f0   0x080002f0   0x00000026   Code   RO         3647    .text               c_w.l(llushr.o)
    0x08000316   0x08000316   0x00000002   PAD
    0x08000318   0x08000318   0x00000028   Code   RO         3657    .text               c_w.l(noretval__2sprintf.o)
    0x08000340   0x08000340   0x00000034   Code   RO         3659    .text               c_w.l(noretval__2snprintf.o)
    0x08000374   0x08000374   0x00000052   Code   RO         3663    .text               c_w.l(_printf_str.o)
    0x080003c6   0x080003c6   0x00000002   PAD
    0x080003c8   0x080003c8   0x00000078   Code   RO         3665    .text               c_w.l(_printf_dec.o)
    0x08000440   0x08000440   0x00000058   Code   RO         3670    .text               c_w.l(_printf_hex_int.o)
    0x08000498   0x08000498   0x0000010e   Code   RO         3696    .text               c_w.l(__printf_wp.o)
    0x080005a6   0x080005a6   0x00000264   Code   RO         3715    .text               c_w.l(qsortnoex.o)
    0x0800080a   0x0800080a   0x0000003e   Code   RO         3717    .text               c_w.l(strlen.o)
    0x08000848   0x08000848   0x00000018   Code   RO         3721    .text               c_w.l(strcat.o)
    0x08000860   0x08000860   0x0000004e   Code   RO         3725    .text               c_w.l(rt_memclr_w.o)
    0x080008ae   0x080008ae   0x00000002   PAD
    0x080008b0   0x080008b0   0x00000080   Code   RO         3727    .text               c_w.l(strcmpv7m.o)
    0x08000930   0x08000930   0x00000006   Code   RO         3729    .text               c_w.l(heapauxi.o)
    0x08000936   0x08000936   0x00000002   PAD
    0x08000938   0x08000938   0x00000024   Code   RO         3736    .text               c_w.l(init_aeabi.o)
    0x0800095c   0x0800095c   0x00000008   Code   RO         3817    .text               c_w.l(rt_heap_descriptor_intlibspace.o)
    0x08000964   0x08000964   0x00000004   Code   RO         3824    .text               c_w.l(hguard.o)
    0x08000968   0x08000968   0x0000008a   Code   RO         3826    .text               c_w.l(init_alloc.o)
    0x080009f2   0x080009f2   0x0000000e   Code   RO         3830    .text               c_w.l(h1_init.o)
    0x08000a00   0x08000a00   0x000000b2   Code   RO         3846    .text               c_w.l(_printf_intcommon.o)
    0x08000ab2   0x08000ab2   0x0000041e   Code   RO         3848    .text               c_w.l(_printf_fp_dec.o)
    0x08000ed0   0x08000ed0   0x00000030   Code   RO         3850    .text               c_w.l(_printf_char_common.o)
    0x08000f00   0x08000f00   0x0000000a   Code   RO         3852    .text               c_w.l(_sputc.o)
    0x08000f0a   0x08000f0a   0x00000010   Code   RO         3854    .text               c_w.l(_snputc.o)
    0x08000f1a   0x08000f1a   0x0000002c   Code   RO         3856    .text               c_w.l(_printf_char.o)
    0x08000f46   0x08000f46   0x00000002   PAD
    0x08000f48   0x08000f48   0x00000008   Code   RO         3962    .text               c_w.l(libspace.o)
    0x08000f50   0x08000f50   0x00000008   Code   RO         3985    .text               c_w.l(rt_locale_intlibspace.o)
    0x08000f58   0x08000f58   0x00000034   Code   RO         3991    .text               c_w.l(h1_extend.o)
    0x08000f8c   0x08000f8c   0x0000008a   Code   RO         3995    .text               c_w.l(lludiv10.o)
    0x08001016   0x08001016   0x00000002   PAD
    0x08001018   0x08001018   0x00000080   Code   RO         3997    .text               c_w.l(_printf_fp_infnan.o)
    0x08001098   0x08001098   0x000000e4   Code   RO         4003    .text               c_w.l(bigflt0.o)
    0x0800117c   0x0800117c   0x0000000e   Code   RO         4045    .text               c_w.l(defsig_rtmem_outer.o)
    0x0800118a   0x0800118a   0x00000002   Code   RO         4069    .text               c_w.l(use_no_semi.o)
    0x0800118c   0x0800118c   0x00000000   Code   RO         4071    .text               c_w.l(indicate_semi.o)
    0x0800118c   0x0800118c   0x0000004a   Code   RO         4072    .text               c_w.l(sys_stackheap_outer.o)
    0x080011d6   0x080011d6   0x00000012   Code   RO         4096    .text               c_w.l(exit.o)
    0x080011e8   0x080011e8   0x0000000a   Code   RO         4098    .text               c_w.l(defsig_exit.o)
    0x080011f2   0x080011f2   0x00000002   PAD
    0x080011f4   0x080011f4   0x00000050   Code   RO         4104    .text               c_w.l(defsig_rtmem_inner.o)
    0x08001244   0x08001244   0x0000000c   Code   RO         4138    .text               c_w.l(sys_exit.o)
    0x08001250   0x08001250   0x00000032   Code   RO         4158    .text               c_w.l(defsig_general.o)
    0x08001282   0x08001282   0x0000000e   Code   RO         4166    .text               c_w.l(sys_wrch.o)
    0x08001290   0x08001290   0x0000003e   Code   RO         4006    CL$$btod_d2e        c_w.l(btod.o)
    0x080012ce   0x080012ce   0x00000046   Code   RO         4008    CL$$btod_d2e_denorm_low  c_w.l(btod.o)
    0x08001314   0x08001314   0x00000060   Code   RO         4007    CL$$btod_d2e_norm_op1  c_w.l(btod.o)
    0x08001374   0x08001374   0x00000338   Code   RO         4016    CL$$btod_div_common  c_w.l(btod.o)
    0x080016ac   0x080016ac   0x000000dc   Code   RO         4013    CL$$btod_e2e        c_w.l(btod.o)
    0x08001788   0x08001788   0x0000002a   Code   RO         4010    CL$$btod_ediv       c_w.l(btod.o)
    0x080017b2   0x080017b2   0x0000002a   Code   RO         4009    CL$$btod_emul       c_w.l(btod.o)
    0x080017dc   0x080017dc   0x00000244   Code   RO         4015    CL$$btod_mult_common  c_w.l(btod.o)
    0x08001a20   0x08001a20   0x0000005c   Code   RO          342    i.ADC_ConversionStop_Disable  stm32f1xx_hal_adc.o
    0x08001a7c   0x08001a7c   0x00000004   Code   RO          163    i.BusFault_Handler  stm32f1xx_it.o
    0x08001a80   0x08001a80   0x00000010   Code   RO          164    i.DMA1_Channel1_IRQHandler  stm32f1xx_it.o
    0x08001a90   0x08001a90   0x00000010   Code   RO          165    i.DMA1_Channel6_IRQHandler  stm32f1xx_it.o
    0x08001aa0   0x08001aa0   0x0000002c   Code   RO         1003    i.DMA_SetConfig     stm32f1xx_hal_dma.o
    0x08001acc   0x08001acc   0x00000002   Code   RO          166    i.DebugMon_Handler  stm32f1xx_it.o
    0x08001ace   0x08001ace   0x00000006   Code   RO           13    i.Error_Handler     main.o
    0x08001ad4   0x08001ad4   0x00000028   Code   RO         1448    i.FLASH_MassErase   stm32f1xx_hal_flash_ex.o
    0x08001afc   0x08001afc   0x00000028   Code   RO         1457    i.FLASH_PageErase   stm32f1xx_hal_flash_ex.o
    0x08001b24   0x08001b24   0x00000020   Code   RO         1345    i.FLASH_Program_HalfWord  stm32f1xx_hal_flash.o
    0x08001b44   0x08001b44   0x00000084   Code   RO         1346    i.FLASH_SetErrorCode  stm32f1xx_hal_flash.o
    0x08001bc8   0x08001bc8   0x00000070   Code   RO         1347    i.FLASH_WaitForLastOperation  stm32f1xx_hal_flash.o
    0x08001c38   0x08001c38   0x00000160   Code   RO          348    i.HAL_ADC_ConfigChannel  stm32f1xx_hal_adc.o
    0x08001d98   0x08001d98   0x00000160   Code   RO          357    i.HAL_ADC_Init      stm32f1xx_hal_adc.o
    0x08001ef8   0x08001ef8   0x000000b0   Code   RO          258    i.HAL_ADC_MspInit   stm32f1xx_hal_msp.o
    0x08001fa8   0x08001fa8   0x00000056   Code   RO         1004    i.HAL_DMA_Abort     stm32f1xx_hal_dma.o
    0x08001ffe   0x08001ffe   0x00000002   PAD
    0x08002000   0x08002000   0x000001a8   Code   RO         1005    i.HAL_DMA_Abort_IT  stm32f1xx_hal_dma.o
    0x080021a8   0x080021a8   0x0000008c   Code   RO         1006    i.HAL_DMA_DeInit    stm32f1xx_hal_dma.o
    0x08002234   0x08002234   0x00000398   Code   RO         1009    i.HAL_DMA_IRQHandler  stm32f1xx_hal_dma.o
    0x080025cc   0x080025cc   0x0000008c   Code   RO         1010    i.HAL_DMA_Init      stm32f1xx_hal_dma.o
    0x08002658   0x08002658   0x0000009c   Code   RO         1014    i.HAL_DMA_Start_IT  stm32f1xx_hal_dma.o
    0x080026f4   0x080026f4   0x00000028   Code   RO          625    i.HAL_Delay         stm32f1xx_hal.o
    0x0800271c   0x0800271c   0x000000b0   Code   RO         1458    i.HAL_FLASHEx_Erase  stm32f1xx_hal_flash_ex.o
    0x080027cc   0x080027cc   0x00000014   Code   RO         1351    i.HAL_FLASH_Lock    stm32f1xx_hal_flash.o
    0x080027e0   0x080027e0   0x000000b0   Code   RO         1356    i.HAL_FLASH_Program  stm32f1xx_hal_flash.o
    0x08002890   0x08002890   0x00000030   Code   RO         1358    i.HAL_FLASH_Unlock  stm32f1xx_hal_flash.o
    0x080028c0   0x080028c0   0x00000154   Code   RO          937    i.HAL_GPIO_DeInit   stm32f1xx_hal_gpio.o
    0x08002a14   0x08002a14   0x00000340   Code   RO          940    i.HAL_GPIO_Init     stm32f1xx_hal_gpio.o
    0x08002d54   0x08002d54   0x00000010   Code   RO          942    i.HAL_GPIO_ReadPin  stm32f1xx_hal_gpio.o
    0x08002d64   0x08002d64   0x00000014   Code   RO          943    i.HAL_GPIO_TogglePin  stm32f1xx_hal_gpio.o
    0x08002d78   0x08002d78   0x0000000c   Code   RO          944    i.HAL_GPIO_WritePin  stm32f1xx_hal_gpio.o
    0x08002d84   0x08002d84   0x0000000c   Code   RO          629    i.HAL_GetTick       stm32f1xx_hal.o
    0x08002d90   0x08002d90   0x0000000c   Code   RO          632    i.HAL_GetUIDw0      stm32f1xx_hal.o
    0x08002d9c   0x08002d9c   0x0000000c   Code   RO          633    i.HAL_GetUIDw1      stm32f1xx_hal.o
    0x08002da8   0x08002da8   0x0000000c   Code   RO          634    i.HAL_GetUIDw2      stm32f1xx_hal.o
    0x08002db4   0x08002db4   0x00000018   Code   RO          635    i.HAL_IncTick       stm32f1xx_hal.o
    0x08002dcc   0x08002dcc   0x00000028   Code   RO          636    i.HAL_Init          stm32f1xx_hal.o
    0x08002df4   0x08002df4   0x0000004c   Code   RO          637    i.HAL_InitTick      stm32f1xx_hal.o
    0x08002e40   0x08002e40   0x00000054   Code   RO          259    i.HAL_MspInit       stm32f1xx_hal_msp.o
    0x08002e94   0x08002e94   0x00000044   Code   RO         1099    i.HAL_NVIC_DisableIRQ  stm32f1xx_hal_cortex.o
    0x08002ed8   0x08002ed8   0x00000020   Code   RO         1100    i.HAL_NVIC_EnableIRQ  stm32f1xx_hal_cortex.o
    0x08002ef8   0x08002ef8   0x0000007c   Code   RO         1106    i.HAL_NVIC_SetPriority  stm32f1xx_hal_cortex.o
    0x08002f74   0x08002f74   0x00000028   Code   RO         1107    i.HAL_NVIC_SetPriorityGrouping  stm32f1xx_hal_cortex.o
    0x08002f9c   0x08002f9c   0x00000130   Code   RO          902    i.HAL_RCCEx_PeriphCLKConfig  stm32f1xx_hal_rcc_ex.o
    0x080030cc   0x080030cc   0x0000018c   Code   RO          793    i.HAL_RCC_ClockConfig  stm32f1xx_hal_rcc.o
    0x08003258   0x08003258   0x0000000c   Code   RO          798    i.HAL_RCC_GetHCLKFreq  stm32f1xx_hal_rcc.o
    0x08003264   0x08003264   0x00000020   Code   RO          800    i.HAL_RCC_GetPCLK1Freq  stm32f1xx_hal_rcc.o
    0x08003284   0x08003284   0x00000020   Code   RO          801    i.HAL_RCC_GetPCLK2Freq  stm32f1xx_hal_rcc.o
    0x080032a4   0x080032a4   0x00000070   Code   RO          802    i.HAL_RCC_GetSysClockFreq  stm32f1xx_hal_rcc.o
    0x08003314   0x08003314   0x00000464   Code   RO          805    i.HAL_RCC_OscConfig  stm32f1xx_hal_rcc.o
    0x08003778   0x08003778   0x00000028   Code   RO         1109    i.HAL_SYSTICK_CLKSourceConfig  stm32f1xx_hal_cortex.o
    0x080037a0   0x080037a0   0x00000034   Code   RO         1111    i.HAL_SYSTICK_Config  stm32f1xx_hal_cortex.o
    0x080037d4   0x080037d4   0x00000072   Code   RO         1672    i.HAL_UARTEx_ReceiveToIdle_DMA  stm32f1xx_hal_uart.o
    0x08003846   0x08003846   0x00000002   PAD
    0x08003848   0x08003848   0x00000048   Code   RO         2467    i.HAL_UARTEx_RxEventCallback  jqstart.o
    0x08003890   0x08003890   0x00000002   Code   RO         1676    i.HAL_UART_AbortCpltCallback  stm32f1xx_hal_uart.o
    0x08003892   0x08003892   0x00000002   PAD
    0x08003894   0x08003894   0x00000148   Code   RO         1683    i.HAL_UART_Abort_IT  stm32f1xx_hal_uart.o
    0x080039dc   0x080039dc   0x0000008a   Code   RO         1686    i.HAL_UART_DMAStop  stm32f1xx_hal_uart.o
    0x08003a66   0x08003a66   0x0000003e   Code   RO         1687    i.HAL_UART_DeInit   stm32f1xx_hal_uart.o
    0x08003aa4   0x08003aa4   0x00000002   Code   RO         1688    i.HAL_UART_ErrorCallback  stm32f1xx_hal_uart.o
    0x08003aa6   0x08003aa6   0x00000002   PAD
    0x08003aa8   0x08003aa8   0x000002e4   Code   RO         1691    i.HAL_UART_IRQHandler  stm32f1xx_hal_uart.o
    0x08003d8c   0x08003d8c   0x00000076   Code   RO         1692    i.HAL_UART_Init     stm32f1xx_hal_uart.o
    0x08003e02   0x08003e02   0x00000002   PAD
    0x08003e04   0x08003e04   0x0000003c   Code   RO          260    i.HAL_UART_MspDeInit  stm32f1xx_hal_msp.o
    0x08003e40   0x08003e40   0x000000d0   Code   RO          261    i.HAL_UART_MspInit  stm32f1xx_hal_msp.o
    0x08003f10   0x08003f10   0x000000bc   Code   RO         1695    i.HAL_UART_Receive  stm32f1xx_hal_uart.o
    0x08003fcc   0x08003fcc   0x000001a4   Code   RO         2468    i.HAL_UART_RxCpltCallback  jqstart.o
    0x08004170   0x08004170   0x00000002   Code   RO         1699    i.HAL_UART_RxHalfCpltCallback  stm32f1xx_hal_uart.o
    0x08004172   0x08004172   0x000000b2   Code   RO         1700    i.HAL_UART_Transmit  stm32f1xx_hal_uart.o
    0x08004224   0x08004224   0x00000002   Code   RO         1703    i.HAL_UART_TxCpltCallback  stm32f1xx_hal_uart.o
    0x08004226   0x08004226   0x0000000c   Code   RO         2469    i.HAL_WWDG_EarlyWakeupCallback  jqstart.o
    0x08004232   0x08004232   0x00000028   Code   RO         3474    i.HAL_WWDG_IRQHandler  jqstartex.o
    0x0800425a   0x0800425a   0x0000000c   Code   RO         3477    i.HAL_WWDG_Refresh  jqstartex.o
    0x08004266   0x08004266   0x00000008   Code   RO          167    i.HardFault_Handler  stm32f1xx_it.o
    0x0800426e   0x0800426e   0x00000002   PAD
    0x08004270   0x08004270   0x00000014   Code   RO         2473    i.JHAL_HardFault_Handler  jqstart.o
    0x08004284   0x08004284   0x0000000e   Code   RO         2475    i.JHAL_adcClose     jqstart.o
    0x08004292   0x08004292   0x00000010   Code   RO         2477    i.JHAL_bootGetInfo  jqstart.o
    0x080042a2   0x080042a2   0x0000007a   Code   RO         2479    i.JHAL_bootParseUpdateInfo4App  jqstart.o
    0x0800431c   0x0800431c   0x00000014   Code   RO         2480    i.JHAL_bootSetInfo  jqstart.o
    0x08004330   0x08004330   0x00000028   Code   RO         2483    i.JHAL_crc          jqstart.o
    0x08004358   0x08004358   0x00000024   Code   RO         2484    i.JHAL_crcAutoWirte  jqstart.o
    0x0800437c   0x0800437c   0x00000028   Code   RO         2485    i.JHAL_crcCheak     jqstart.o
    0x080043a4   0x080043a4   0x00000018   Code   RO         2486    i.JHAL_delayMs      jqstart.o
    0x080043bc   0x080043bc   0x00000020   Code   RO         2487    i.JHAL_delayOpen    jqstart.o
    0x080043dc   0x080043dc   0x00000048   Code   RO         2488    i.JHAL_delayUs      jqstart.o
    0x08004424   0x08004424   0x00000004   Code   RO         2489    i.JHAL_disableInterrupts  jqstart.o
    0x08004428   0x08004428   0x00000004   Code   RO         2490    i.JHAL_enableInterrupts  jqstart.o
    0x0800442c   0x0800442c   0x00000064   Code   RO         2491    i.JHAL_flashErasePage  jqstart.o
    0x08004490   0x08004490   0x00000010   Code   RO         2492    i.JHAL_flashGetEndAddr  jqstart.o
    0x080044a0   0x080044a0   0x00000052   Code   RO         2494    i.JHAL_flashRead    jqstart.o
    0x080044f2   0x080044f2   0x00000090   Code   RO         2495    i.JHAL_flashWirte   jqstart.o
    0x08004582   0x08004582   0x0000005a   Code   RO         2496    i.JHAL_flashWriteNByte  jqstart.o
    0x080045dc   0x080045dc   0x00000098   Code   RO         2500    i.JHAL_gpioModeSet  jqstart.o
    0x08004674   0x08004674   0x0000002a   Code   RO         2501    i.JHAL_gpioReadPin  jqstart.o
    0x0800469e   0x0800469e   0x00000022   Code   RO         2502    i.JHAL_gpioTogglePin  jqstart.o
    0x080046c0   0x080046c0   0x00000026   Code   RO         2503    i.JHAL_gpioWitePin  jqstart.o
    0x080046e6   0x080046e6   0x000000da   Code   RO         2505    i.JHAL_i2csfMemRead  jqstart.o
    0x080047c0   0x080047c0   0x0000007a   Code   RO         2506    i.JHAL_i2csfMemWrite  jqstart.o
    0x0800483a   0x0800483a   0x00000048   Code   RO         2507    i.JHAL_i2csfOpen    jqstart.o
    0x08004882   0x08004882   0x00000060   Code   RO         2509    i.JHAL_i2csfTransmit  jqstart.o
    0x080048e2   0x080048e2   0x00000002   PAD
    0x080048e4   0x080048e4   0x0000018c   Code   RO         2510    i.JHAL_jsonPack2HmnstHIS  jqstart.o
    0x08004a70   0x08004a70   0x00000016   Code   RO         2511    i.JHAL_pin2jpin     jqstart.o
    0x08004a86   0x08004a86   0x00000002   PAD
    0x08004a88   0x08004a88   0x00000068   Code   RO         2513    i.JHAL_port2jport   jqstart.o
    0x08004af0   0x08004af0   0x00000018   Code   RO         2517    i.JHAL_sortU32ArrayAsc  jqstart.o
    0x08004b08   0x08004b08   0x00000004   Code   RO         2523    i.JHAL_systemReset  jqstart.o
    0x08004b0c   0x08004b0c   0x00000034   Code   RO         2525    i.JHAL_uartAbortReceiveIT  jqstart.o
    0x08004b40   0x08004b40   0x00000034   Code   RO         2526    i.JHAL_uartClose    jqstart.o
    0x08004b74   0x08004b74   0x00000080   Code   RO         2527    i.JHAL_uartEnableReceiveIT  jqstart.o
    0x08004bf4   0x08004bf4   0x00000070   Code   RO         2528    i.JHAL_uartOpen     jqstart.o
    0x08004c64   0x08004c64   0x0000002c   Code   RO         2529    i.JHAL_uartRxFinsh  jqstart.o
    0x08004c90   0x08004c90   0x00000006   Code   RO         2530    i.JHAL_uartRxITCallback  jqstart.o
    0x08004c96   0x08004c96   0x00000002   PAD
    0x08004c98   0x08004c98   0x000000ac   Code   RO         2531    i.JHAL_uartSendDatas  jqstart.o
    0x08004d44   0x08004d44   0x00000008   Code   RO         2532    i.JHAL_uidGetHigh   jqstart.o
    0x08004d4c   0x08004d4c   0x00000008   Code   RO         2533    i.JHAL_uidGetLow    jqstart.o
    0x08004d54   0x08004d54   0x00000008   Code   RO         2534    i.JHAL_uidGetMiddle  jqstart.o
    0x08004d5c   0x08004d5c   0x00000088   Code   RO           14    i.MX_ADC1_Init      main.o
    0x08004de4   0x08004de4   0x00000044   Code   RO           15    i.MX_DMA_Init       main.o
    0x08004e28   0x08004e28   0x00000140   Code   RO           16    i.MX_GPIO_Init      main.o
    0x08004f68   0x08004f68   0x00000038   Code   RO           17    i.MX_USART2_UART_Init  main.o
    0x08004fa0   0x08004fa0   0x00000004   Code   RO          168    i.MemManage_Handler  stm32f1xx_it.o
    0x08004fa4   0x08004fa4   0x00000004   Code   RO          169    i.NMI_Handler       stm32f1xx_it.o
    0x08004fa8   0x08004fa8   0x00000002   Code   RO          170    i.PendSV_Handler    stm32f1xx_it.o
    0x08004faa   0x08004faa   0x00000002   PAD
    0x08004fac   0x08004fac   0x00000028   Code   RO          806    i.RCC_Delay         stm32f1xx_hal_rcc.o
    0x08004fd4   0x08004fd4   0x00000002   Code   RO          171    i.SVC_Handler       stm32f1xx_it.o
    0x08004fd6   0x08004fd6   0x00000008   Code   RO          172    i.SysTick_Handler   stm32f1xx_it.o
    0x08004fde   0x08004fde   0x0000007e   Code   RO           18    i.SystemClock_Config  main.o
    0x0800505c   0x0800505c   0x00000002   Code   RO         2036    i.SystemInit        system_stm32f1xx.o
    0x0800505e   0x0800505e   0x00000014   Code   RO         1705    i.UART_DMAAbortOnError  stm32f1xx_hal_uart.o
    0x08005072   0x08005072   0x00000050   Code   RO         1706    i.UART_DMAError     stm32f1xx_hal_uart.o
    0x080050c2   0x080050c2   0x000000b4   Code   RO         1707    i.UART_DMAReceiveCplt  stm32f1xx_hal_uart.o
    0x08005176   0x08005176   0x00000038   Code   RO         1708    i.UART_DMARxAbortCallback  stm32f1xx_hal_uart.o
    0x080051ae   0x080051ae   0x00000024   Code   RO         1709    i.UART_DMARxHalfCplt  stm32f1xx_hal_uart.o
    0x080051d2   0x080051d2   0x00000038   Code   RO         1712    i.UART_DMATxAbortCallback  stm32f1xx_hal_uart.o
    0x0800520a   0x0800520a   0x0000006c   Code   RO         1715    i.UART_EndRxTransfer  stm32f1xx_hal_uart.o
    0x08005276   0x08005276   0x00000020   Code   RO         1716    i.UART_EndTransmit_IT  stm32f1xx_hal_uart.o
    0x08005296   0x08005296   0x00000026   Code   RO         1717    i.UART_EndTxTransfer  stm32f1xx_hal_uart.o
    0x080052bc   0x080052bc   0x000000fc   Code   RO         1718    i.UART_Receive_IT   stm32f1xx_hal_uart.o
    0x080053b8   0x080053b8   0x000000fc   Code   RO         1719    i.UART_SetConfig    stm32f1xx_hal_uart.o
    0x080054b4   0x080054b4   0x000000c8   Code   RO         1720    i.UART_Start_Receive_DMA  stm32f1xx_hal_uart.o
    0x0800557c   0x0800557c   0x00000060   Code   RO         1722    i.UART_Transmit_IT  stm32f1xx_hal_uart.o
    0x080055dc   0x080055dc   0x00000092   Code   RO         1723    i.UART_WaitOnFlagUntilTimeout  stm32f1xx_hal_uart.o
    0x0800566e   0x0800566e   0x00000002   PAD
    0x08005670   0x08005670   0x00000010   Code   RO          173    i.USART2_IRQHandler  stm32f1xx_it.o
    0x08005680   0x08005680   0x00000004   Code   RO          174    i.UsageFault_Handler  stm32f1xx_it.o
    0x08005684   0x08005684   0x00000010   Code   RO         2538    i.WWDG_IRQHandler   jqstart.o
    0x08005694   0x08005694   0x00000028   Code   RO         3947    i.__ARM_fpclassify  m_ws.l(fpclassify.o)
    0x080056bc   0x080056bc   0x00000088   Code   RO         2542    i.__JHAL_bootAppUpdateResponse  jqstart.o
    0x08005744   0x08005744   0x00000022   Code   RO         2543    i.__JHAL_bootStatusSet  jqstart.o
    0x08005766   0x08005766   0x00000002   PAD
    0x08005768   0x08005768   0x00000260   Code   RO         2544    i.__JHAL_bootUpdating  jqstart.o
    0x080059c8   0x080059c8   0x00000038   Code   RO         2545    i.__JHAL_crc16_Modbus  jqstart.o
    0x08005a00   0x08005a00   0x0000001e   Code   RO         2546    i.__JHAL_crc16_Modbus_AutoWirte  jqstart.o
    0x08005a1e   0x08005a1e   0x0000002e   Code   RO         2547    i.__JHAL_crc16_Modbus_Cheak  jqstart.o
    0x08005a4c   0x08005a4c   0x0000001c   Code   RO         2548    i.__JHAL_crc8_XOR   jqstart.o
    0x08005a68   0x08005a68   0x00000014   Code   RO         2549    i.__JHAL_crc8_XOR_AutoWirte  jqstart.o
    0x08005a7c   0x08005a7c   0x0000001e   Code   RO         2550    i.__JHAL_crc8_XOR_Cheak  jqstart.o
    0x08005a9a   0x08005a9a   0x00000036   Code   RO         2552    i.__JHAL_flashErasePage  jqstart.o
    0x08005ad0   0x08005ad0   0x0000002c   Code   RO         2553    i.__JHAL_flashPage2Addr  jqstart.o
    0x08005afc   0x08005afc   0x00000022   Code   RO         2554    i.__JHAL_flashWrite8Byte  jqstart.o
    0x08005b1e   0x08005b1e   0x00000084   Code   RO         2555    i.__JHAL_i2csfReadByte  jqstart.o
    0x08005ba2   0x08005ba2   0x0000003e   Code   RO         2556    i.__JHAL_i2csfSendAck  jqstart.o
    0x08005be0   0x08005be0   0x0000005e   Code   RO         2557    i.__JHAL_i2csfSendByte  jqstart.o
    0x08005c3e   0x08005c3e   0x0000003e   Code   RO         2558    i.__JHAL_i2csfSendNAck  jqstart.o
    0x08005c7c   0x08005c7c   0x0000003e   Code   RO         2559    i.__JHAL_i2csfStart  jqstart.o
    0x08005cba   0x08005cba   0x0000003e   Code   RO         2560    i.__JHAL_i2csfStop  jqstart.o
    0x08005cf8   0x08005cf8   0x00000094   Code   RO         2561    i.__JHAL_i2csfWaitAck  jqstart.o
    0x08005d8c   0x08005d8c   0x000000c8   Code   RO         2562    i.__JHAL_instructionTest  jqstart.o
    0x08005e54   0x08005e54   0x0000000a   Code   RO         2565    i.__JHAL_jpin2pin   jqstart.o
    0x08005e5e   0x08005e5e   0x00000002   PAD
    0x08005e60   0x08005e60   0x0000005c   Code   RO         2566    i.__JHAL_port2port  jqstart.o
    0x08005ebc   0x08005ebc   0x00000008   Code   RO         2567    i.__JHAL_selfInit   jqstart.o
    0x08005ec4   0x08005ec4   0x00000008   Code   RO         2568    i.__JHAL_systemSelfTest  jqstart.o
    0x08005ecc   0x08005ecc   0x0000000a   Code   RO         2569    i.__JHAL_u32CompareOrderByAscend  jqstart.o
    0x08005ed6   0x08005ed6   0x00000002   PAD
    0x08005ed8   0x08005ed8   0x00000058   Code   RO         2573    i.__JHAL_uartAbortReceiveIT  jqstart.o
    0x08005f30   0x08005f30   0x00000088   Code   RO         2574    i.__JHAL_uartEnableReceiveIT  jqstart.o
    0x08005fb8   0x08005fb8   0x00000024   Code   RO         2575    i.__JHAL_uartInstance2dev  jqstart.o
    0x08005fdc   0x08005fdc   0x00000144   Code   RO         2576    i.__JHAL_versionsCreatInfo  jqstart.o
    0x08006120   0x08006120   0x00000098   Code   RO         2577    i.__JHAL_versionsDecode  jqstart.o
    0x080061b8   0x080061b8   0x00000052   Code   RO         2579    i.__JHAL_versionsShouldUpdated  jqstart.o
    0x0800620a   0x0800620a   0x00000002   PAD
    0x0800620c   0x0800620c   0x00000010   Code   RO         1113    i.__NVIC_GetPriorityGrouping  stm32f1xx_hal_cortex.o
    0x0800621c   0x0800621c   0x00000028   Code   RO         1114    i.__NVIC_SetPriority  stm32f1xx_hal_cortex.o
    0x08006244   0x08006244   0x00000040   Code   RO         2580    i.__NVIC_SystemReset  jqstart.o
    0x08006284   0x08006284   0x0000005a   Code   RO         2581    i.__ads1115GetAD    jqstart.o
    0x080062de   0x080062de   0x00000080   Code   RO         2582    i.__ads115Init      jqstart.o
    0x0800635e   0x0800635e   0x0000000e   Code   RO         3698    i._is_digit         c_w.l(__printf_wp.o)
    0x0800636c   0x0800636c   0x00000270   Code   RO         2583    i.ads1115GetVoltage  jqstart.o
    0x080065dc   0x080065dc   0x00000014   Code   RO         2584    i.ads1115Open       jqstart.o
    0x080065f0   0x080065f0   0x00000008   Code   RO         2329    i.controllerInit    controller.o
    0x080065f8   0x080065f8   0x000002e0   Code   RO         2072    i.gattInit          gatt_stm32.o
    0x080068d8   0x080068d8   0x000000f0   Code   RO         2233    i.jSystemInit       system.o
    0x080069c8   0x080069c8   0x00000024   Code   RO         2234    i.jSystemRun        system.o
    0x080069ec   0x080069ec   0x00000020   Code   RO           19    i.main              main.o
    0x08006a0c   0x08006a0c   0x00000048   Code   RO         2592    i.my_mem_free       jqstart.o
    0x08006a54   0x08006a54   0x00000028   Code   RO         2593    i.my_mem_init       jqstart.o
    0x08006a7c   0x08006a7c   0x00000028   Code   RO         2595    i.my_mem_perused    jqstart.o
    0x08006aa4   0x08006aa4   0x0000001c   Code   RO         2596    i.myfree            jqstart.o
    0x08006ac0   0x08006ac0   0x00000014   Code   RO         2599    i.mymemset          jqstart.o
    0x08006ad4   0x08006ad4   0x00000030   Code   RO         2403    i.parseNetUartData  communication.o
    0x08006b04   0x08006b04   0x000000d0   Code   RO         2241    i.sendGASVoltage    system.o
    0x08006bd4   0x08006bd4   0x00000064   Code   RO         2404    i.sendGASVoltage2NetUart  communication.o
    0x08006c38   0x08006c38   0x00000038   Code   RO         3484    i.uid2string        jqstartex.o
    0x08006c70   0x08006c70   0x000001bc   Code   RO         2336    i.vhAllClose        controller.o
    0x08006e2c   0x08006e2c   0x000001f0   Code   RO         2337    i.vhRadioOpen       controller.o
    0x0800701c   0x0800701c   0x0000002c   Code   RO         4043    locale$$code        c_w.l(lc_numeric_c.o)
    0x08007048   0x08007048   0x00000062   Code   RO         3739    x$fpl$d2f           fz_ws.l(d2f.o)
    0x080070aa   0x080070aa   0x00000026   Code   RO         3755    x$fpl$dfltu         fz_ws.l(dflt_clz.o)
    0x080070d0   0x080070d0   0x00000154   Code   RO         3761    x$fpl$dmul          fz_ws.l(dmul.o)
    0x08007224   0x08007224   0x0000009c   Code   RO         3920    x$fpl$dnaninf       fz_ws.l(dnaninf.o)
    0x080072c0   0x080072c0   0x0000000c   Code   RO         3922    x$fpl$dretinf       fz_ws.l(dretinf.o)
    0x080072cc   0x080072cc   0x00000056   Code   RO         3765    x$fpl$f2d           fz_ws.l(f2d.o)
    0x08007322   0x08007322   0x0000008c   Code   RO         3926    x$fpl$fnaninf       fz_ws.l(fnaninf.o)
    0x080073ae   0x080073ae   0x0000000a   Code   RO         3928    x$fpl$fretinf       fz_ws.l(fretinf.o)
    0x080073b8   0x080073b8   0x00000004   Code   RO         3789    x$fpl$printf1       fz_ws.l(printf1.o)
    0x080073bc   0x080073bc   0x00000000   Code   RO         3932    x$fpl$usenofp       fz_ws.l(usenofp.o)
    0x080073bc   0x080073bc   0x00000012   Data   RO          807    .constdata          stm32f1xx_hal_rcc.o
    0x080073ce   0x080073ce   0x00000018   Data   RO         2037    .constdata          system_stm32f1xx.o
    0x080073e6   0x080073e6   0x00000002   PAD
    0x080073e8   0x080073e8   0x00000038   Data   RO         2608    .constdata          jqstart.o
    0x08007420   0x08007420   0x00000028   Data   RO         3671    .constdata          c_w.l(_printf_hex_int.o)
    0x08007448   0x08007448   0x00000094   Data   RO         4004    .constdata          c_w.l(bigflt0.o)
    0x080074dc   0x080074dc   0x00000020   Data   RO         4206    Region$$Table       anon$$obj.o
    0x080074fc   0x080074fc   0x0000001c   Data   RO         4042    locale$$data        c_w.l(lc_numeric_c.o)
    0x08007518   0x08007518   0x00000004   Data   RO         2610    .init_array         jqstart.o
    0x0800751c   0x08007518   0x00000000   Data   RO         3734    .init_array         c_w.l(init_aeabi.o)


    Execution Region RW_IRAM1 (Exec base: 0x20000000, Load base: 0x0800751c, Size: 0x00001150, Max: 0x0000c000, ABSOLUTE)

    Exec Addr    Load Addr    Size         Type   Attr      Idx    E Section Name        Object

    0x20000000   0x0800751c   0x00000009   Data   RW          643    .data               stm32f1xx_hal.o
    0x20000009   0x08007525   0x00000003   PAD
    0x2000000c   0x08007528   0x00000004   Data   RW         2038    .data               system_stm32f1xx.o
    0x20000010   0x0800752c   0x00000078   Data   RW         2081    .data               gatt_stm32.o
    0x20000088   0x080075a4   0x00000001   Data   RW         2243    .data               system.o
    0x20000089   0x080075a5   0x00000007   PAD
    0x20000090   0x080075ac   0x00000028   Data   RW         2609    .data               jqstart.o
    0x200000b8        -       0x00000100   Zero   RW           20    .bss                main.o
    0x200001b8        -       0x00000020   Zero   RW         1359    .bss                stm32f1xx_hal_flash.o
    0x200001d8        -       0x00000032   Zero   RW         2079    .bss                gatt_stm32.o
    0x2000020a        -       0x00000024   Zero   RW         2242    .bss                system.o
    0x2000022e   0x080075d4   0x00000002   PAD
    0x20000230        -       0x000008c0   Zero   RW         2607    .bss                jqstart.o
    0x20000af0        -       0x00000060   Zero   RW         3963    .bss                c_w.l(libspace.o)
    0x20000b50        -       0x00000200   Zero   RW            2    HEAP                startup_stm32f103xe.o
    0x20000d50        -       0x00000400   Zero   RW            1    STACK               startup_stm32f103xe.o


==============================================================================

Image component sizes


      Code (inc. data)   RO Data    RW Data    ZI Data      Debug   Object Name

       148         26          0          0          0       1328   communication.o
       948        332          0          0          0       1604   controller.o
       736        216          0        120         50      11624   gatt_stm32.o
      7324        386         60         40       2240      75270   jqstart.o
       108         10          0          0          0       1994   jqstartex.o
       744         44          0          0        256     481932   main.o
        64         26        304          0       1536        824   startup_stm32f103xe.o
       228         54          0          9          0       8166   stm32f1xx_hal.o
       796         26          0          0          0       3192   stm32f1xx_hal_adc.o
       412         28          0          0          0      30831   stm32f1xx_hal_cortex.o
      1910         36          0          0          0       6059   stm32f1xx_hal_dma.o
       520         48          0          0         32       4258   stm32f1xx_hal_flash.o
       256         26          0          0          0       2607   stm32f1xx_hal_flash_ex.o
      1220         72          0          0          0       4974   stm32f1xx_hal_gpio.o
       528         66          0          0          0       3083   stm32f1xx_hal_msp.o
      1748         98         18          0          0       6072   stm32f1xx_hal_rcc.o
       304         14          0          0          0       1428   stm32f1xx_hal_rcc_ex.o
      3426         30          0          0          0      20724   stm32f1xx_hal_uart.o
        86         18          0          0          0       5512   stm32f1xx_it.o
       484         80          0          1         36       3299   system.o
         2          0         24          4          0       1155   system_stm32f1xx.o

    ----------------------------------------------------------------------
     22022       1636        440        184       4152     675936   Object Totals
         0          0         32          0          0          0   (incl. Generated)
        30          0          2         10          2          0   (incl. Padding)

    ----------------------------------------------------------------------

      Code (inc. data)   RO Data    RW Data    ZI Data      Debug   Library Member Name

         8          0          0          0          0         68   __main.o
       284          0          0          0          0        156   __printf_wp.o
         0          0          0          0          0          0   __rtentry.o
        12          0          0          0          0          0   __rtentry2.o
         6          0          0          0          0          0   __rtentry4.o
        52          8          0          0          0          0   __scatter.o
        26          0          0          0          0          0   __scatter_copy.o
        28          0          0          0          0          0   __scatter_zi.o
        44          0          0          0          0        108   _printf_char.o
        48          6          0          0          0         96   _printf_char_common.o
         6          0          0          0          0          0   _printf_d.o
       120         16          0          0          0         92   _printf_dec.o
         6          0          0          0          0          0   _printf_f.o
      1054          0          0          0          0        216   _printf_fp_dec.o
       128         16          0          0          0         84   _printf_fp_infnan.o
        88          4         40          0          0         88   _printf_hex_int.o
       178          0          0          0          0         88   _printf_intcommon.o
         0          0          0          0          0          0   _printf_percent.o
         4          0          0          0          0          0   _printf_percent_end.o
         6          0          0          0          0          0   _printf_s.o
        82          0          0          0          0         80   _printf_str.o
         6          0          0          0          0          0   _printf_x.o
        16          0          0          0          0         68   _snputc.o
        10          0          0          0          0         68   _sputc.o
       228          4        148          0          0         96   bigflt0.o
      1936        128          0          0          0        672   btod.o
        10          0          0          0          0         68   defsig_exit.o
        50          0          0          0          0         88   defsig_general.o
        80         58          0          0          0         76   defsig_rtmem_inner.o
        14          0          0          0          0         80   defsig_rtmem_outer.o
        18          0          0          0          0         80   exit.o
        94          0          0          0          0         80   h1_alloc.o
        52          0          0          0          0         68   h1_extend.o
        78          0          0          0          0         80   h1_free.o
        14          0          0          0          0         84   h1_init.o
         6          0          0          0          0        152   heapauxi.o
         4          0          0          0          0        136   hguard.o
         0          0          0          0          0          0   indicate_semi.o
        36         10          0          0          0         80   init_aeabi.o
       138          0          0          0          0        168   init_alloc.o
        44         10         28          0          0         76   lc_numeric_c.o
         2          0          0          0          0          0   libinit.o
        30          0          0          0          0          0   libinit2.o
         2          0          0          0          0          0   libshutdown.o
         2          0          0          0          0          0   libshutdown2.o
         8          4          0          0         96         68   libspace.o
       138          0          0          0          0         80   lludiv10.o
        38          0          0          0          0         68   llushr.o
         0          0          0          0          0          0   maybetermalloc1.o
        52          4          0          0          0         84   noretval__2snprintf.o
        40          6          0          0          0         84   noretval__2sprintf.o
       612          0          0          0          0        136   qsortnoex.o
         8          4          0          0          0         68   rt_heap_descriptor_intlibspace.o
         8          4          0          0          0         68   rt_locale_intlibspace.o
        78          0          0          0          0         80   rt_memclr_w.o
         2          0          0          0          0          0   rtexit.o
        10          0          0          0          0          0   rtexit2.o
        24          0          0          0          0         68   strcat.o
       128          0          0          0          0         68   strcmpv7m.o
        62          0          0          0          0         76   strlen.o
        12          4          0          0          0         68   sys_exit.o
        74          0          0          0          0         80   sys_stackheap_outer.o
        14          0          0          0          0         76   sys_wrch.o
         2          0          0          0          0         68   use_no_semi.o
        98          4          0          0          0         92   d2f.o
        38          0          0          0          0         68   dflt_clz.o
       340         12          0          0          0        104   dmul.o
       156          4          0          0          0         92   dnaninf.o
        12          0          0          0          0         68   dretinf.o
        86          4          0          0          0         84   f2d.o
       140          4          0          0          0         84   fnaninf.o
        10          0          0          0          0         68   fretinf.o
         4          0          0          0          0         68   printf1.o
         0          0          0          0          0          0   usenofp.o
        40          0          0          0          0         68   fpclassify.o

    ----------------------------------------------------------------------
      7302        314        216          0         96       5332   Library Totals
        18          0          0          0          0          0   (incl. Padding)

    ----------------------------------------------------------------------

      Code (inc. data)   RO Data    RW Data    ZI Data      Debug   Library Name

      6360        286        216          0         96       4536   c_w.l
       884         28          0          0          0        728   fz_ws.l
        40          0          0          0          0         68   m_ws.l

    ----------------------------------------------------------------------
      7302        314        216          0         96       5332   Library Totals

    ----------------------------------------------------------------------

==============================================================================


      Code (inc. data)   RO Data    RW Data    ZI Data      Debug   

     29324       1950        656        184       4248     668264   Grand Totals
     29324       1950        656        184       4248     668264   ELF Image Totals
     29324       1950        656        184          0          0   ROM Totals

==============================================================================

    Total RO  Size (Code + RO Data)                29980 (  29.28kB)
    Total RW  Size (RW Data + ZI Data)              4432 (   4.33kB)
    Total ROM Size (Code + RO Data + RW Data)      30164 (  29.46kB)

==============================================================================

