<html>
<body>
<pre>
<h1>µVision Build Log</h1>
<h2>Tool Versions:</h2>
IDE-Version: ¦ÌVision V5.38.0.0
Copyright (C) 2022 ARM Ltd and ARM Germany GmbH. All rights reserved.
License Information: Jyen Zhow, Jyen, LIC=HN0AE-55GQN-WFSI7-EVNAP-RK7DN-KMBAW
 
Tool Versions:
Toolchain:       MDK-ARM Plus  Version: 5.38.0.0
Toolchain Path:  H:\AYY\Keil\ARM\ARMCC\Bin
C Compiler:      Armcc.exe V5.06 update 7 (build 960)
Assembler:       Armasm.exe V5.06 update 7 (build 960)
Linker/Locator:  ArmLink.exe V5.06 update 7 (build 960)
Library Manager: ArmAr.exe V5.06 update 7 (build 960)
Hex Converter:   FromElf.exe V5.06 update 7 (build 960)
CPU DLL:         SARMCM3.DLL V5.38.0.0
Dialog DLL:      DCM.DLL V1.17.5.0
Target DLL:      Segger\JL2CM3.dll V2.99.42.0
Dialog DLL:      TCM.DLL V1.56.4.0
 
<h2>Project:</h2>
S:\SYNC\_2HMNST\PJ\_39CatalyticCombustionGAS_Tool_30\SF\MCU\STM32\MDK-ARM\CCT30.uvprojx
Project File Date:  11/01/2023

<h2>Output:</h2>
*** Using Compiler 'V5.06 update 7 (build 960)', folder: 'H:\AYY\Keil\ARM\ARMCC\Bin'
Build target 'CCT30'
compiling Controller.c...
compiling JQStartEx.c...
compiling communication.c...
compiling JQStart.c...
compiling System.c...
compiling GATT_STM32.c...
linking...
Program Size: Code=29324 RO-data=656 RW-data=184 ZI-data=4248  
FromELF: creating hex file...
"CCT30\CCT30.axf" - 0 Error(s), 0 Warning(s).

<h2>Software Packages used:</h2>

Package Vendor: ARM
                http://www.keil.com/pack/ARM.CMSIS.5.9.0.pack
                ARM.CMSIS.5.9.0
                CMSIS (Common Microcontroller Software Interface Standard)
   * Component: CORE Version: 5.6.0

Package Vendor: Jyen
                https://qm.qq.com/cgi-bin/qm/qr?k=mhdWeVSjqke-7cb0JyqwMZ4Yn-ecRZF6&noverify=0/Jyen.JQStart.23.4.14.pack
                Jyen.JQStart.23.4.14
                quick start software component include MCU  has: STMicroelectronics,AutoChips,ChipON,Chipway...
   * Component: Quick Start Version: 23.4.14

Package Vendor: Keil
                http://www.keil.com/pack/Keil.STM32F1xx_DFP.2.4.0.pack
                Keil.STM32F1xx_DFP.2.4.0
                STMicroelectronics STM32F1 Series Device Support, Drivers and Examples

<h2>Collection of Component include folders:</h2>
  ./RTE/_CCT30
  H:/AYY/Keil/Packs/ARM/CMSIS/5.9.0/CMSIS/Core/Include
  H:/AYY/Keil/Packs/Jyen/JQStart/23.4.14/LIB
  H:/AYY/Keil/Packs/Keil/STM32F1xx_DFP/2.4.0/Device/Include

<h2>Collection of Component Files used:</h2>

   * Component: ARM::CMSIS:CORE:5.6.0
      Include file:  CMSIS/Core/Include/tz_context.h

   * Component: Jyen::JQStart:Quick Start:23.4.14
      Source file:   LIB/JQStart.c
      Source file:   LIB/JQStartEx.c
Build Time Elapsed:  00:00:07
</pre>
</body>
</html>
